Archive member included to satisfy reference by file (symbol)

C:\Users\Grant\Documents\Gowin\AWSIoT_ESP32_to_GW1NS2\trunk\GW1NS2\uart2esp32\broadkey\lib\libiidbroadkey.a(iidbroadkey_merged.c.obj)
                              ./broadkey/src/broadkey_demo_app.o (bk_get_product_info)
c:/gowin/eclipse_tools_181108a/eclipse_tools_181108a/eclipse_tools/tools/gnu tools arm embedded/5.4 2016q2/bin/../lib/gcc/arm-none-eabi/5.4.1/../../../../arm-none-eabi/lib/armv7-m\libg.a(lib_a-exit.o)
                              c:/gowin/eclipse_tools_181108a/eclipse_tools_181108a/eclipse_tools/tools/gnu tools arm embedded/5.4 2016q2/bin/../lib/gcc/arm-none-eabi/5.4.1/../../../../arm-none-eabi/lib/armv7-m/crt0.o (exit)
c:/gowin/eclipse_tools_181108a/eclipse_tools_181108a/eclipse_tools/tools/gnu tools arm embedded/5.4 2016q2/bin/../lib/gcc/arm-none-eabi/5.4.1/../../../../arm-none-eabi/lib/armv7-m\libg.a(lib_a-impure.o)
                              c:/gowin/eclipse_tools_181108a/eclipse_tools_181108a/eclipse_tools/tools/gnu tools arm embedded/5.4 2016q2/bin/../lib/gcc/arm-none-eabi/5.4.1/../../../../arm-none-eabi/lib/armv7-m\libg.a(lib_a-exit.o) (_global_impure_ptr)
c:/gowin/eclipse_tools_181108a/eclipse_tools_181108a/eclipse_tools/tools/gnu tools arm embedded/5.4 2016q2/bin/../lib/gcc/arm-none-eabi/5.4.1/../../../../arm-none-eabi/lib/armv7-m\libg.a(lib_a-init.o)
                              c:/gowin/eclipse_tools_181108a/eclipse_tools_181108a/eclipse_tools/tools/gnu tools arm embedded/5.4 2016q2/bin/../lib/gcc/arm-none-eabi/5.4.1/../../../../arm-none-eabi/lib/armv7-m/crt0.o (__libc_init_array)
c:/gowin/eclipse_tools_181108a/eclipse_tools_181108a/eclipse_tools/tools/gnu tools arm embedded/5.4 2016q2/bin/../lib/gcc/arm-none-eabi/5.4.1/../../../../arm-none-eabi/lib/armv7-m\libg.a(lib_a-memcmp.o)
                              C:\Users\Grant\Documents\Gowin\AWSIoT_ESP32_to_GW1NS2\trunk\GW1NS2\uart2esp32\broadkey\lib\libiidbroadkey.a(iidbroadkey_merged.c.obj) (memcmp)
c:/gowin/eclipse_tools_181108a/eclipse_tools_181108a/eclipse_tools/tools/gnu tools arm embedded/5.4 2016q2/bin/../lib/gcc/arm-none-eabi/5.4.1/../../../../arm-none-eabi/lib/armv7-m\libg.a(lib_a-memcpy.o)
                              ./broadkey/src/broadkey_demo_app.o (memcpy)
c:/gowin/eclipse_tools_181108a/eclipse_tools_181108a/eclipse_tools/tools/gnu tools arm embedded/5.4 2016q2/bin/../lib/gcc/arm-none-eabi/5.4.1/../../../../arm-none-eabi/lib/armv7-m\libg.a(lib_a-memset.o)
                              c:/gowin/eclipse_tools_181108a/eclipse_tools_181108a/eclipse_tools/tools/gnu tools arm embedded/5.4 2016q2/bin/../lib/gcc/arm-none-eabi/5.4.1/../../../../arm-none-eabi/lib/armv7-m/crt0.o (memset)
c:/gowin/eclipse_tools_181108a/eclipse_tools_181108a/eclipse_tools/tools/gnu tools arm embedded/5.4 2016q2/bin/../lib/gcc/arm-none-eabi/5.4.1/../../../../arm-none-eabi/lib/armv7-m\libg.a(lib_a-sprintf.o)
                              ./USER/main.o (sprintf)
c:/gowin/eclipse_tools_181108a/eclipse_tools_181108a/eclipse_tools/tools/gnu tools arm embedded/5.4 2016q2/bin/../lib/gcc/arm-none-eabi/5.4.1/../../../../arm-none-eabi/lib/armv7-m\libg.a(lib_a-strcmp.o)
                              ./USER/main.o (strcmp)
c:/gowin/eclipse_tools_181108a/eclipse_tools_181108a/eclipse_tools/tools/gnu tools arm embedded/5.4 2016q2/bin/../lib/gcc/arm-none-eabi/5.4.1/../../../../arm-none-eabi/lib/armv7-m\libg.a(lib_a-svfprintf.o)
                              c:/gowin/eclipse_tools_181108a/eclipse_tools_181108a/eclipse_tools/tools/gnu tools arm embedded/5.4 2016q2/bin/../lib/gcc/arm-none-eabi/5.4.1/../../../../arm-none-eabi/lib/armv7-m\libg.a(lib_a-sprintf.o) (_svfprintf_r)
c:/gowin/eclipse_tools_181108a/eclipse_tools_181108a/eclipse_tools/tools/gnu tools arm embedded/5.4 2016q2/bin/../lib/gcc/arm-none-eabi/5.4.1/../../../../arm-none-eabi/lib/armv7-m\libg.a(lib_a-__call_atexit.o)
                              c:/gowin/eclipse_tools_181108a/eclipse_tools_181108a/eclipse_tools/tools/gnu tools arm embedded/5.4 2016q2/bin/../lib/gcc/arm-none-eabi/5.4.1/../../../../arm-none-eabi/lib/armv7-m\libg.a(lib_a-exit.o) (__call_exitprocs)
c:/gowin/eclipse_tools_181108a/eclipse_tools_181108a/eclipse_tools/tools/gnu tools arm embedded/5.4 2016q2/bin/../lib/gcc/arm-none-eabi/5.4.1/../../../../arm-none-eabi/lib/armv7-m\libg.a(lib_a-atexit.o)
                              c:/gowin/eclipse_tools_181108a/eclipse_tools_181108a/eclipse_tools/tools/gnu tools arm embedded/5.4 2016q2/bin/../lib/gcc/arm-none-eabi/5.4.1/../../../../arm-none-eabi/lib/armv7-m\libg.a(lib_a-__call_atexit.o) (atexit)
c:/gowin/eclipse_tools_181108a/eclipse_tools_181108a/eclipse_tools/tools/gnu tools arm embedded/5.4 2016q2/bin/../lib/gcc/arm-none-eabi/5.4.1/../../../../arm-none-eabi/lib/armv7-m\libg.a(lib_a-dtoa.o)
[...]
Memory Configuration

Name             Origin             Length             Attributes
FLASH            0x00000000         0x0001fc00         xr
AC_FLASH         0x0001fc00         0x00000400         r
RAM              0x20000000         0x00001c00         xrw
PUF              0x20001c00         0x00000400         rw
*default*        0x00000000         0xffffffff

Linker script and memory map

LOAD c:/gowin/eclipse_tools_181108a/eclipse_tools_181108a/eclipse_tools/tools/gnu tools arm embedded/5.4 2016q2/bin/../lib/gcc/arm-none-eabi/5.4.1/armv7-m/crti.o
LOAD c:/gowin/eclipse_tools_181108a/eclipse_tools_181108a/eclipse_tools/tools/gnu tools arm embedded/5.4 2016q2/bin/../lib/gcc/arm-none-eabi/5.4.1/armv7-m/crtbegin.o
LOAD c:/gowin/eclipse_tools_181108a/eclipse_tools_181108a/eclipse_tools/tools/gnu tools arm embedded/5.4 2016q2/bin/../lib/gcc/arm-none-eabi/5.4.1/../../../../arm-none-eabi/lib/armv7-m/crt0.o
LOAD ./broadkey/src/broadkey_demo_app.o
LOAD ./broadkey/src/iid_print.o
LOAD ./broadkey/src/iid_usart.o
LOAD ./USER/gw1ns2k_it.o
LOAD ./USER/main.o
LOAD ./SYSTEM/system_gw1ns2k.o
LOAD ./STARTUP/startup_gw1ns2k.o
LOAD ./PERIPHER/Sources/gw1ns2k_adc.o
LOAD ./PERIPHER/Sources/gw1ns2k_gpio.o
LOAD ./PERIPHER/Sources/gw1ns2k_i2c.o
LOAD ./PERIPHER/Sources/gw1ns2k_imonitor.o
LOAD ./PERIPHER/Sources/gw1ns2k_lcd1602.o
LOAD ./PERIPHER/Sources/gw1ns2k_misc.o
LOAD ./PERIPHER/Sources/gw1ns2k_spi.o
LOAD ./PERIPHER/Sources/gw1ns2k_syscon.o
LOAD ./PERIPHER/Sources/gw1ns2k_timer.o
LOAD ./PERIPHER/Sources/gw1ns2k_typec.o
LOAD ./PERIPHER/Sources/gw1ns2k_uart.o
LOAD ./PERIPHER/Sources/gw1ns2k_wdog.o
LOAD ./CORE/core_cm3.o
LOAD C:\Users\Grant\Documents\Gowin\AWSIoT_ESP32_to_GW1NS2\trunk\GW1NS2\uart2esp32\broadkey\lib\libiidbroadkey.a
START GROUP
LOAD c:/gowin/eclipse_tools_181108a/eclipse_tools_181108a/eclipse_tools/tools/gnu tools arm embedded/5.4 2016q2/bin/../lib/gcc/arm-none-eabi/5.4.1/armv7-m\libgcc.a
LOAD c:/gowin/eclipse_tools_181108a/eclipse_tools_181108a/eclipse_tools/tools/gnu tools arm embedded/5.4 2016q2/bin/../lib/gcc/arm-none-eabi/5.4.1/../../../../arm-none-eabi/lib/armv7-m\libg.a
LOAD c:/gowin/eclipse_tools_181108a/eclipse_tools_181108a/eclipse_tools/tools/gnu tools arm embedded/5.4 2016q2/bin/../lib/gcc/arm-none-eabi/5.4.1/../../../../arm-none-eabi/lib/armv7-m\libc.a
END GROUP
LOAD c:/gowin/eclipse_tools_181108a/eclipse_tools_181108a/eclipse_tools/tools/gnu tools arm embedded/5.4 2016q2/bin/../lib/gcc/arm-none-eabi/5.4.1/armv7-m/crtend.o
LOAD c:/gowin/eclipse_tools_181108a/eclipse_tools_181108a/eclipse_tools/tools/gnu tools arm embedded/5.4 2016q2/bin/../lib/gcc/arm-none-eabi/5.4.1/armv7-m/crtn.o
START GROUP
LOAD c:/gowin/eclipse_tools_181108a/eclipse_tools_181108a/eclipse_tools/tools/gnu tools arm embedded/5.4 2016q2/bin/../lib/gcc/arm-none-eabi/5.4.1/armv7-m\libgcc.a
LOAD c:/gowin/eclipse_tools_181108a/eclipse_tools_181108a/eclipse_tools/tools/gnu tools arm embedded/5.4 2016q2/bin/../lib/gcc/arm-none-eabi/5.4.1/../../../../arm-none-eabi/lib/armv7-m\libc.a
LOAD c:/gowin/eclipse_tools_181108a/eclipse_tools_181108a/eclipse_tools/tools/gnu tools arm embedded/5.4 2016q2/bin/../lib/gcc/arm-none-eabi/5.4.1/../../../../arm-none-eabi/lib/armv7-m\libm.a
LOAD c:/gowin/eclipse_tools_181108a/eclipse_tools_181108a/eclipse_tools/tools/gnu tools arm embedded/5.4 2016q2/bin/../lib/gcc/arm-none-eabi/5.4.1/../../../../arm-none-eabi/lib/armv7-m\libnosys.a
END GROUP
                0x20001c00                __puf = ORIGIN (PUF)
                0x0001fc00                __ac = ORIGIN (AC_FLASH)

.text           0x00000000     0xb4cc
 *(.isr_vector)
 .isr_vector    0x00000000       0xc0 ./STARTUP/startup_gw1ns2k.o
                0x00000000                __isr_vector
 *(.text*)
 .text.broadkey_demo_app
                0x000000c0       0xf0 ./broadkey/src/broadkey_demo_app.o
                0x000000c0                broadkey_demo_app
 .text.demo_init
                0x000001b0       0x38 ./broadkey/src/broadkey_demo_app.o
 .text.demo_enroll_or_start
                0x000001e8       0xb8 ./broadkey/src/broadkey_demo_app.o
 .text.demo_create_private_and_public_key_codes
                0x000002a0       0x78 ./broadkey/src/broadkey_demo_app.o
 .text.process_cryptogram
                0x00000318      0x184 ./broadkey/src/broadkey_demo_app.o
 .text.print_string
                0x0000049c       0x34 ./broadkey/src/iid_print.o
                0x0000049c                print_string
 .text.print_hexbyte
                0x000004d0       0x64 ./broadkey/src/iid_print.o
                0x000004d0                print_hexbyte
 .text.print_hexword
                0x00000534       0x40 ./broadkey/src/iid_print.o
                0x00000534                print_hexword
 .text.print_error
                0x00000574       0x3c ./broadkey/src/iid_print.o
                0x00000574                print_error
 .text.stringlen
                0x000005b0       0x30 ./broadkey/src/iid_print.o
 .text.iid_usart_write
                0x000005e0       0x48 ./broadkey/src/iid_usart.o
                0x000005e0                iid_usart_write
 .text.NMI_Handler
                0x00000628        0xc ./USER/gw1ns2k_it.o
                0x00000628                NMI_Handler
 .text.HardFault_Handler
                0x00000634        0x8 ./USER/gw1ns2k_it.o
                0x00000634                HardFault_Handler
 .text.MemManage_Handler
                0x0000063c        0x8 ./USER/gw1ns2k_it.o
                0x0000063c                MemManage_Handler
 .text.BusFault_Handler
                0x00000644        0x8 ./USER/gw1ns2k_it.o
                0x00000644                BusFault_Handler
 .text.UsageFault_Handler
                0x0000064c        0x8 ./USER/gw1ns2k_it.o
                0x0000064c                UsageFault_Handler
 .text.SVC_Handler
                0x00000654        0xc ./USER/gw1ns2k_it.o
                0x00000654                SVC_Handler
 .text.DebugMon_Handler
                0x00000660        0xc ./USER/gw1ns2k_it.o
                0x00000660                DebugMon_Handler
 .text.PendSV_Handler
                0x0000066c        0xc ./USER/gw1ns2k_it.o
                0x0000066c                PendSV_Handler
 .text.SysTick_Handler
                0x00000678        0xc ./USER/gw1ns2k_it.o
                0x00000678                SysTick_Handler
 .text.USER_INT0_Handler
                0x00000684        0xc ./USER/gw1ns2k_it.o
                0x00000684                USER_INT0_Handler
 .text.USER_INT1_Handler
                0x00000690        0xc ./USER/gw1ns2k_it.o
                0x00000690                USER_INT1_Handler
 .text.UART0_Handler
                0x0000069c        0xc ./USER/gw1ns2k_it.o
                0x0000069c                UART0_Handler
 .text.UART1_Handler
                0x000006a8        0xc ./USER/gw1ns2k_it.o
                0x000006a8                UART1_Handler
 .text.TIMER1_Handler
                0x000006b4        0xc ./USER/gw1ns2k_it.o
                0x000006b4                TIMER1_Handler
 .text.main     0x000006c0      0x3a4 ./USER/main.o
                0x000006c0                main
 .text.Key_Scan
                0x00000a64       0x3c ./USER/main.o
                0x00000a64                Key_Scan
 .text.GPIO_ReadInputDataBit
                0x00000aa0       0x34 ./USER/main.o
                0x00000aa0                GPIO_ReadInputDataBit
 .text.UartInit
                0x00000ad4       0x3c ./USER/main.o
                0x00000ad4                UartInit
 .text.TIMER0_Handler
                0x00000b10       0x2c ./USER/main.o
                0x00000b10                TIMER0_Handler
 .text.SystemInit
                0x00000b3c       0x40 ./SYSTEM/system_gw1ns2k.o
                0x00000b3c                SystemInit
 .text          0x00000b7c       0x98 ./STARTUP/startup_gw1ns2k.o
                0x00000b7c                Reset_Handler
                0x00000bd8                Spare1_Handler
                0x00000bdc                Spare3_Handler
                0x00000bde                Spare4_Handler
                0x00000be0                PORT0_COMB_Handler
                0x00000be2                Spare7_Handler
                0x00000be8                Spare11_Handler
                0x00000bea                UARTOVF_Handler
                0x00000bf0                Spare15_Handler
                0x00000bf2                PORT0_0_Handler
                0x00000bf4                PORT0_1_Handler
                0x00000bf6                PORT0_2_Handler
                0x00000bf8                PORT0_3_Handler
                0x00000bfa                PORT0_4_Handler
                0x00000bfc                PORT0_5_Handler
                0x00000bfe                PORT0_6_Handler
                0x00000c00                PORT0_7_Handler
                0x00000c02                PORT0_8_Handler
                0x00000c04                PORT0_9_Handler
                0x00000c06                PORT0_10_Handler
                0x00000c08                PORT0_11_Handler
                0x00000c0a                PORT0_12_Handler
                0x00000c0c                PORT0_13_Handler
                0x00000c0e                PORT0_14_Handler
                0x00000c10                PORT0_15_Handler
 .text.GPIO_SetBit
                0x00000c14       0x20 ./PERIPHER/Sources/gw1ns2k_gpio.o
                0x00000c14                GPIO_SetBit
 .text.GPIO_ResetBit
                0x00000c34       0x24 ./PERIPHER/Sources/gw1ns2k_gpio.o
                0x00000c34                GPIO_ResetBit
 .text.TIMER_GetIRQStatus
                0x00000c58       0x18 ./PERIPHER/Sources/gw1ns2k_timer.o
                0x00000c58                TIMER_GetIRQStatus
 .text.TIMER_ClearIRQ
                0x00000c70       0x18 ./PERIPHER/Sources/gw1ns2k_timer.o
                0x00000c70                TIMER_ClearIRQ
 .text.UART_Init
                0x00000c88       0xd8 ./PERIPHER/Sources/gw1ns2k_uart.o
                0x00000c88                UART_Init
 .text.UART_SendChar
                0x00000d60       0x2c ./PERIPHER/Sources/gw1ns2k_uart.o
                0x00000d60                UART_SendChar
 .text.UART_SendString
                0x00000d8c       0x3c ./PERIPHER/Sources/gw1ns2k_uart.o
                0x00000d8c                UART_SendString
 .text.UART_ReceiveChar
                0x00000dc8       0x28 ./PERIPHER/Sources/gw1ns2k_uart.o
                0x00000dc8                UART_ReceiveChar
 .text.g38742906
                0x00000df0       0x18 C:\Users\Grant\Documents\Gowin\AWSIoT_ESP32_to_GW1NS2\trunk\GW1NS2\uart2esp32\broadkey\lib\libiidbroadkey.a(iidbroadkey_merged.c.obj)
 *fill*         0x00000e08        0x8 
 .text.g63360492
                0x00000e10       0x5c C:\Users\Grant\Documents\Gowin\AWSIoT_ESP32_to_GW1NS2\trunk\GW1NS2\uart2esp32\broadkey\lib\libiidbroadkey.a(iidbroadkey_merged.c.obj)
 *fill*         0x00000e6c        0x4 
 .text.g81864002
                0x00000e70       0x60 C:\Users\Grant\Documents\Gowin\AWSIoT_ESP32_to_GW1NS2\trunk\GW1NS2\uart2esp32\broadkey\lib\libiidbroadkey.a(iidbroadkey_merged.c.obj)
 .text.g84352347
                0x00000ed0       0x88 C:\Users\Grant\Documents\Gowin\AWSIoT_ESP32_to_GW1NS2\trunk\GW1NS2\uart2esp32\broadkey\lib\libiidbroadkey.a(iidbroadkey_merged.c.obj)
 .text.g91833568
                0x00000f58       0x16 C:\Users\Grant\Documents\Gowin\AWSIoT_ESP32_to_GW1NS2\trunk\GW1NS2\uart2esp32\broadkey\lib\libiidbroadkey.a(iidbroadkey_merged.c.obj)
 .text.g46867928
                0x00000f6e       0x1e C:\Users\Grant\Documents\Gowin\AWSIoT_ESP32_to_GW1NS2\trunk\GW1NS2\uart2esp32\broadkey\lib\libiidbroadkey.a(iidbroadkey_merged.c.obj)
 .text.g88610515
                0x00000f8c       0x14 C:\Users\Grant\Documents\Gowin\AWSIoT_ESP32_to_GW1NS2\trunk\GW1NS2\uart2esp32\broadkey\lib\libiidbroadkey.a(iidbroadkey_merged.c.obj)
 .text.g97139031
                0x00000fa0       0x3c C:\Users\Grant\Documents\Gowin\AWSIoT_ESP32_to_GW1NS2\trunk\GW1NS2\uart2esp32\broadkey\lib\libiidbroadkey.a(iidbroadkey_merged.c.obj)
 .text.g80148655
                0x00000fdc       0x18 C:\Users\Grant\Documents\Gowin\AWSIoT_ESP32_to_GW1NS2\trunk\GW1NS2\uart2esp32\broadkey\lib\libiidbroadkey.a(iidbroadkey_merged.c.obj)
 .text.g1140957
                0x00000ff4       0x26 C:\Users\Grant\Documents\Gowin\AWSIoT_ESP32_to_GW1NS2\trunk\GW1NS2\uart2esp32\broadkey\lib\libiidbroadkey.a(iidbroadkey_merged.c.obj)
 .text.g58046820
                0x0000101a       0x32 C:\Users\Grant\Documents\Gowin\AWSIoT_ESP32_to_GW1NS2\trunk\GW1NS2\uart2esp32\broadkey\lib\libiidbroadkey.a(iidbroadkey_merged.c.obj)
 .text.g45728942
                0x0000104c       0x1a C:\Users\Grant\Documents\Gowin\AWSIoT_ESP32_to_GW1NS2\trunk\GW1NS2\uart2esp32\broadkey\lib\libiidbroadkey.a(iidbroadkey_merged.c.obj)
 .text.g6262493
                0x00001066       0x32 C:\Users\Grant\Documents\Gowin\AWSIoT_ESP32_to_GW1NS2\trunk\GW1NS2\uart2esp32\broadkey\lib\libiidbroadkey.a(iidbroadkey_merged.c.obj)
 .text.g29879534
                0x00001098       0x24 C:\Users\Grant\Documents\Gowin\AWSIoT_ESP32_to_GW1NS2\trunk\GW1NS2\uart2esp32\broadkey\lib\libiidbroadkey.a(iidbroadkey_merged.c.obj)
 .text.g13287862
                0x000010bc       0x20 C:\Users\Grant\Documents\Gowin\AWSIoT_ESP32_to_GW1NS2\trunk\GW1NS2\uart2esp32\broadkey\lib\libiidbroadkey.a(iidbroadkey_merged.c.obj)
 .text.g82065323
                0x000010dc        0x8 C:\Users\Grant\Documents\Gowin\AWSIoT_ESP32_to_GW1NS2\trunk\GW1NS2\uart2esp32\broadkey\lib\libiidbroadkey.a(iidbroadkey_merged.c.obj)
 .text.g99818802
                0x000010e4       0x7a C:\Users\Grant\Documents\Gowin\AWSIoT_ESP32_to_GW1NS2\trunk\GW1NS2\uart2esp32\broadkey\lib\libiidbroadkey.a(iidbroadkey_merged.c.obj)
 .text.g66392913
                0x0000115e      0x156 C:\Users\Grant\Documents\Gowin\AWSIoT_ESP32_to_GW1NS2\trunk\GW1NS2\uart2esp32\broadkey\lib\libiidbroadkey.a(iidbroadkey_merged.c.obj)
 .text.g50718399
                0x000012b4       0x66 C:\Users\Grant\Documents\Gowin\AWSIoT_ESP32_to_GW1NS2\trunk\GW1NS2\uart2esp32\broadkey\lib\libiidbroadkey.a(iidbroadkey_merged.c.obj)
 *fill*         0x0000131a        0x2 
 .text.g24404325
                0x0000131c       0x90 C:\Users\Grant\Documents\Gowin\AWSIoT_ESP32_to_GW1NS2\trunk\GW1NS2\uart2esp32\broadkey\lib\libiidbroadkey.a(iidbroadkey_merged.c.obj)
 .text.g74865578
                0x000013ac       0xd8 C:\Users\Grant\Documents\Gowin\AWSIoT_ESP32_to_GW1NS2\trunk\GW1NS2\uart2esp32\broadkey\lib\libiidbroadkey.a(iidbroadkey_merged.c.obj)
 .text.g46705863
                0x00001484      0x1b0 C:\Users\Grant\Documents\Gowin\AWSIoT_ESP32_to_GW1NS2\trunk\GW1NS2\uart2esp32\broadkey\lib\libiidbroadkey.a(iidbroadkey_merged.c.obj)
 .text.g1611510
                0x00001634       0x3e C:\Users\Grant\Documents\Gowin\AWSIoT_ESP32_to_GW1NS2\trunk\GW1NS2\uart2esp32\broadkey\lib\libiidbroadkey.a(iidbroadkey_merged.c.obj)
 .text.g25311193
                0x00001672       0xca C:\Users\Grant\Documents\Gowin\AWSIoT_ESP32_to_GW1NS2\trunk\GW1NS2\uart2esp32\broadkey\lib\libiidbroadkey.a(iidbroadkey_merged.c.obj)
 .text.g37820766
                0x0000173c      0x118 C:\Users\Grant\Documents\Gowin\AWSIoT_ESP32_to_GW1NS2\trunk\GW1NS2\uart2esp32\broadkey\lib\libiidbroadkey.a(iidbroadkey_merged.c.obj)
 .text.g72301832
                0x00001854       0x28 C:\Users\Grant\Documents\Gowin\AWSIoT_ESP32_to_GW1NS2\trunk\GW1NS2\uart2esp32\broadkey\lib\libiidbroadkey.a(iidbroadkey_merged.c.obj)
 .text.g29191257
                0x0000187c       0x42 C:\Users\Grant\Documents\Gowin\AWSIoT_ESP32_to_GW1NS2\trunk\GW1NS2\uart2esp32\broadkey\lib\libiidbroadkey.a(iidbroadkey_merged.c.obj)
 .text.g51066377
                0x000018be       0x66 C:\Users\Grant\Documents\Gowin\AWSIoT_ESP32_to_GW1NS2\trunk\GW1NS2\uart2esp32\broadkey\lib\libiidbroadkey.a(iidbroadkey_merged.c.obj)
 .text.g58492309
                0x00001924       0x5a C:\Users\Grant\Documents\Gowin\AWSIoT_ESP32_to_GW1NS2\trunk\GW1NS2\uart2esp32\broadkey\lib\libiidbroadkey.a(iidbroadkey_merged.c.obj)
 .text.g24334396
                0x0000197e       0x10 C:\Users\Grant\Documents\Gowin\AWSIoT_ESP32_to_GW1NS2\trunk\GW1NS2\uart2esp32\broadkey\lib\libiidbroadkey.a(iidbroadkey_merged.c.obj)
 .text.g62151375
                0x0000198e       0x34 C:\Users\Grant\Documents\Gowin\AWSIoT_ESP32_to_GW1NS2\trunk\GW1NS2\uart2esp32\broadkey\lib\libiidbroadkey.a(iidbroadkey_merged.c.obj)
 .text.g25141588
                0x000019c2       0x16 C:\Users\Grant\Documents\Gowin\AWSIoT_ESP32_to_GW1NS2\trunk\GW1NS2\uart2esp32\broadkey\lib\libiidbroadkey.a(iidbroadkey_merged.c.obj)
 .text.g98950566
                0x000019d8      0x14c C:\Users\Grant\Documents\Gowin\AWSIoT_ESP32_to_GW1NS2\trunk\GW1NS2\uart2esp32\broadkey\lib\libiidbroadkey.a(iidbroadkey_merged.c.obj)
 .text.g64497998
                0x00001b24       0x70 C:\Users\Grant\Documents\Gowin\AWSIoT_ESP32_to_GW1NS2\trunk\GW1NS2\uart2esp32\broadkey\lib\libiidbroadkey.a(iidbroadkey_merged.c.obj)
 .text.g49252320
                0x00001b94       0xa0 C:\Users\Grant\Documents\Gowin\AWSIoT_ESP32_to_GW1NS2\trunk\GW1NS2\uart2esp32\broadkey\lib\libiidbroadkey.a(iidbroadkey_merged.c.obj)
 .text.g94077144
                0x00001c34       0x30 C:\Users\Grant\Documents\Gowin\AWSIoT_ESP32_to_GW1NS2\trunk\GW1NS2\uart2esp32\broadkey\lib\libiidbroadkey.a(iidbroadkey_merged.c.obj)
 .text.g23727049
                0x00001c64       0x42 C:\Users\Grant\Documents\Gowin\AWSIoT_ESP32_to_GW1NS2\trunk\GW1NS2\uart2esp32\broadkey\lib\libiidbroadkey.a(iidbroadkey_merged.c.obj)
 *fill*         0x00001ca6        0x2 
 .text.g88897641
                0x00001ca8       0xec C:\Users\Grant\Documents\Gowin\AWSIoT_ESP32_to_GW1NS2\trunk\GW1NS2\uart2esp32\broadkey\lib\libiidbroadkey.a(iidbroadkey_merged.c.obj)
 .text.g597884  0x00001d94       0x62 C:\Users\Grant\Documents\Gowin\AWSIoT_ESP32_to_GW1NS2\trunk\GW1NS2\uart2esp32\broadkey\lib\libiidbroadkey.a(iidbroadkey_merged.c.obj)
 .text.g91231658
                0x00001df6       0x18 C:\Users\Grant\Documents\Gowin\AWSIoT_ESP32_to_GW1NS2\trunk\GW1NS2\uart2esp32\broadkey\lib\libiidbroadkey.a(iidbroadkey_merged.c.obj)
 .text.g26440900
                0x00001e0e       0x44 C:\Users\Grant\Documents\Gowin\AWSIoT_ESP32_to_GW1NS2\trunk\GW1NS2\uart2esp32\broadkey\lib\libiidbroadkey.a(iidbroadkey_merged.c.obj)
 *fill*         0x00001e52        0x2 
 .text.g41760657
                0x00001e54      0x10c C:\Users\Grant\Documents\Gowin\AWSIoT_ESP32_to_GW1NS2\trunk\GW1NS2\uart2esp32\broadkey\lib\libiidbroadkey.a(iidbroadkey_merged.c.obj)
 .text.g11891693
                0x00001f60      0x1ac C:\Users\Grant\Documents\Gowin\AWSIoT_ESP32_to_GW1NS2\trunk\GW1NS2\uart2esp32\broadkey\lib\libiidbroadkey.a(iidbroadkey_merged.c.obj)
 .text.g92069872
                0x0000210c       0x38 C:\Users\Grant\Documents\Gowin\AWSIoT_ESP32_to_GW1NS2\trunk\GW1NS2\uart2esp32\broadkey\lib\libiidbroadkey.a(iidbroadkey_merged.c.obj)
 .text.g43796006
                0x00002144      0x10e C:\Users\Grant\Documents\Gowin\AWSIoT_ESP32_to_GW1NS2\trunk\GW1NS2\uart2esp32\broadkey\lib\libiidbroadkey.a(iidbroadkey_merged.c.obj)
 *fill*         0x00002252        0x2 
 .text.g53874084.constprop.9
                0x00002254       0x30 C:\Users\Grant\Documents\Gowin\AWSIoT_ESP32_to_GW1NS2\trunk\GW1NS2\uart2esp32\broadkey\lib\libiidbroadkey.a(iidbroadkey_merged.c.obj)
 .text.g29400440.constprop.12
                0x00002284       0x76 C:\Users\Grant\Documents\Gowin\AWSIoT_ESP32_to_GW1NS2\trunk\GW1NS2\uart2esp32\broadkey\lib\libiidbroadkey.a(iidbroadkey_merged.c.obj)
 .text.g24645071.constprop.11
                0x000022fa       0x8a C:\Users\Grant\Documents\Gowin\AWSIoT_ESP32_to_GW1NS2\trunk\GW1NS2\uart2esp32\broadkey\lib\libiidbroadkey.a(iidbroadkey_merged.c.obj)
 .text.unlikely.g51364639.constprop.10
                0x00002384       0x8a C:\Users\Grant\Documents\Gowin\AWSIoT_ESP32_to_GW1NS2\trunk\GW1NS2\uart2esp32\broadkey\lib\libiidbroadkey.a(iidbroadkey_merged.c.obj)
 .text.g27493993.constprop.15
                0x0000240e       0xe2 C:\Users\Grant\Documents\Gowin\AWSIoT_ESP32_to_GW1NS2\trunk\GW1NS2\uart2esp32\broadkey\lib\libiidbroadkey.a(iidbroadkey_merged.c.obj)
 .text.g99846224.constprop.20
                0x000024f0       0x56 C:\Users\Grant\Documents\Gowin\AWSIoT_ESP32_to_GW1NS2\trunk\GW1NS2\uart2esp32\broadkey\lib\libiidbroadkey.a(iidbroadkey_merged.c.obj)
 *fill*         0x00002546        0x2 
 .text.g51990380
                0x00002548       0x68 C:\Users\Grant\Documents\Gowin\AWSIoT_ESP32_to_GW1NS2\trunk\GW1NS2\uart2esp32\broadkey\lib\libiidbroadkey.a(iidbroadkey_merged.c.obj)
 .text.g53319982
                0x000025b0       0x38 C:\Users\Grant\Documents\Gowin\AWSIoT_ESP32_to_GW1NS2\trunk\GW1NS2\uart2esp32\broadkey\lib\libiidbroadkey.a(iidbroadkey_merged.c.obj)
 .text.g27631898.constprop.21
                0x000025e8       0x60 C:\Users\Grant\Documents\Gowin\AWSIoT_ESP32_to_GW1NS2\trunk\GW1NS2\uart2esp32\broadkey\lib\libiidbroadkey.a(iidbroadkey_merged.c.obj)
 .text.g97339286
                0x00002648       0x5c C:\Users\Grant\Documents\Gowin\AWSIoT_ESP32_to_GW1NS2\trunk\GW1NS2\uart2esp32\broadkey\lib\libiidbroadkey.a(iidbroadkey_merged.c.obj)
 .text.g83178667.constprop.22
                0x000026a4       0x3a C:\Users\Grant\Documents\Gowin\AWSIoT_ESP32_to_GW1NS2\trunk\GW1NS2\uart2esp32\broadkey\lib\libiidbroadkey.a(iidbroadkey_merged.c.obj)
 *fill*         0x000026de        0x2 
 .text.g99070258.constprop.26
                0x000026e0       0x3c C:\Users\Grant\Documents\Gowin\AWSIoT_ESP32_to_GW1NS2\trunk\GW1NS2\uart2esp32\broadkey\lib\libiidbroadkey.a(iidbroadkey_merged.c.obj)
 .text.g81839681
                0x0000271c      0x1c4 C:\Users\Grant\Documents\Gowin\AWSIoT_ESP32_to_GW1NS2\trunk\GW1NS2\uart2esp32\broadkey\lib\libiidbroadkey.a(iidbroadkey_merged.c.obj)
 .text.g61862180
                0x000028e0       0xe0 C:\Users\Grant\Documents\Gowin\AWSIoT_ESP32_to_GW1NS2\trunk\GW1NS2\uart2esp32\broadkey\lib\libiidbroadkey.a(iidbroadkey_merged.c.obj)
 .text.g38854839
                0x000029c0       0x50 C:\Users\Grant\Documents\Gowin\AWSIoT_ESP32_to_GW1NS2\trunk\GW1NS2\uart2esp32\broadkey\lib\libiidbroadkey.a(iidbroadkey_merged.c.obj)
 .text.g77960643.constprop.24
                0x00002a10      0x12c C:\Users\Grant\Documents\Gowin\AWSIoT_ESP32_to_GW1NS2\trunk\GW1NS2\uart2esp32\broadkey\lib\libiidbroadkey.a(iidbroadkey_merged.c.obj)
 .text.g1801516
                0x00002b3c       0xe0 C:\Users\Grant\Documents\Gowin\AWSIoT_ESP32_to_GW1NS2\trunk\GW1NS2\uart2esp32\broadkey\lib\libiidbroadkey.a(iidbroadkey_merged.c.obj)
 .text.g31805085
                0x00002c1c       0x3c C:\Users\Grant\Documents\Gowin\AWSIoT_ESP32_to_GW1NS2\trunk\GW1NS2\uart2esp32\broadkey\lib\libiidbroadkey.a(iidbroadkey_merged.c.obj)
 .text.g8908297
                0x00002c58      0x1bc C:\Users\Grant\Documents\Gowin\AWSIoT_ESP32_to_GW1NS2\trunk\GW1NS2\uart2esp32\broadkey\lib\libiidbroadkey.a(iidbroadkey_merged.c.obj)
 .text.g57367710
                0x00002e14       0x14 C:\Users\Grant\Documents\Gowin\AWSIoT_ESP32_to_GW1NS2\trunk\GW1NS2\uart2esp32\broadkey\lib\libiidbroadkey.a(iidbroadkey_merged.c.obj)
 .text.g23177118.constprop.27
                0x00002e28       0x5e C:\Users\Grant\Documents\Gowin\AWSIoT_ESP32_to_GW1NS2\trunk\GW1NS2\uart2esp32\broadkey\lib\libiidbroadkey.a(iidbroadkey_merged.c.obj)
 .text.unlikely.g10964079
                0x00002e86       0x48 C:\Users\Grant\Documents\Gowin\AWSIoT_ESP32_to_GW1NS2\trunk\GW1NS2\uart2esp32\broadkey\lib\libiidbroadkey.a(iidbroadkey_merged.c.obj)
 *fill*         0x00002ece        0x2 
 .text.g72679687
                0x00002ed0       0xa8 C:\Users\Grant\Documents\Gowin\AWSIoT_ESP32_to_GW1NS2\trunk\GW1NS2\uart2esp32\broadkey\lib\libiidbroadkey.a(iidbroadkey_merged.c.obj)
 .text.g62871035
                0x00002f78      0x19c C:\Users\Grant\Documents\Gowin\AWSIoT_ESP32_to_GW1NS2\trunk\GW1NS2\uart2esp32\broadkey\lib\libiidbroadkey.a(iidbroadkey_merged.c.obj)
 .text.g40186168.part.6
                0x00003114       0x46 C:\Users\Grant\Documents\Gowin\AWSIoT_ESP32_to_GW1NS2\trunk\GW1NS2\uart2esp32\broadkey\lib\libiidbroadkey.a(iidbroadkey_merged.c.obj)
 *fill*         0x0000315a        0x2 
 .text.g67655699
                0x0000315c      0x1bc C:\Users\Grant\Documents\Gowin\AWSIoT_ESP32_to_GW1NS2\trunk\GW1NS2\uart2esp32\broadkey\lib\libiidbroadkey.a(iidbroadkey_merged.c.obj)
 .text.g90187998
                0x00003318       0x50 C:\Users\Grant\Documents\Gowin\AWSIoT_ESP32_to_GW1NS2\trunk\GW1NS2\uart2esp32\broadkey\lib\libiidbroadkey.a(iidbroadkey_merged.c.obj)
 .text.g38303279
                0x00003368      0x298 C:\Users\Grant\Documents\Gowin\AWSIoT_ESP32_to_GW1NS2\trunk\GW1NS2\uart2esp32\broadkey\lib\libiidbroadkey.a(iidbroadkey_merged.c.obj)
 .text.g8816401
                0x00003600       0x8c C:\Users\Grant\Documents\Gowin\AWSIoT_ESP32_to_GW1NS2\trunk\GW1NS2\uart2esp32\broadkey\lib\libiidbroadkey.a(iidbroadkey_merged.c.obj)
 .text.g22021037
                0x0000368c      0x230 C:\Users\Grant\Documents\Gowin\AWSIoT_ESP32_to_GW1NS2\trunk\GW1NS2\uart2esp32\broadkey\lib\libiidbroadkey.a(iidbroadkey_merged.c.obj)
 .text.g8058542
                0x000038bc       0x66 C:\Users\Grant\Documents\Gowin\AWSIoT_ESP32_to_GW1NS2\trunk\GW1NS2\uart2esp32\broadkey\lib\libiidbroadkey.a(iidbroadkey_merged.c.obj)
 .text.unlikely.g5194026
                0x00003922       0x84 C:\Users\Grant\Documents\Gowin\AWSIoT_ESP32_to_GW1NS2\trunk\GW1NS2\uart2esp32\broadkey\lib\libiidbroadkey.a(iidbroadkey_merged.c.obj)
 *fill*         0x000039a6        0x2 
 .text.bk_init  0x000039a8      0x1a0 C:\Users\Grant\Documents\Gowin\AWSIoT_ESP32_to_GW1NS2\trunk\GW1NS2\uart2esp32\broadkey\lib\libiidbroadkey.a(iidbroadkey_merged.c.obj)
                0x000039a8                bk_init
 .text.bk_start
                0x00003b48      0x334 C:\Users\Grant\Documents\Gowin\AWSIoT_ESP32_to_GW1NS2\trunk\GW1NS2\uart2esp32\broadkey\lib\libiidbroadkey.a(iidbroadkey_merged.c.obj)
                0x00003b48                bk_start
 .text.bk_create_private_key
                0x00003e7c      0x12c C:\Users\Grant\Documents\Gowin\AWSIoT_ESP32_to_GW1NS2\trunk\GW1NS2\uart2esp32\broadkey\lib\libiidbroadkey.a(iidbroadkey_merged.c.obj)
                0x00003e7c                bk_create_private_key
 .text.bk_compute_public_from_private_key
                0x00003fa8       0x5c C:\Users\Grant\Documents\Gowin\AWSIoT_ESP32_to_GW1NS2\trunk\GW1NS2\uart2esp32\broadkey\lib\libiidbroadkey.a(iidbroadkey_merged.c.obj)
                0x00003fa8                bk_compute_public_from_private_key
 .text.bk_process_cryptogram
                0x00004004      0x318 C:\Users\Grant\Documents\Gowin\AWSIoT_ESP32_to_GW1NS2\trunk\GW1NS2\uart2esp32\broadkey\lib\libiidbroadkey.a(iidbroadkey_merged.c.obj)
                0x00004004                bk_process_cryptogram
 .text.exit     0x0000431c       0x20 c:/gowin/eclipse_tools_181108a/eclipse_tools_181108a/eclipse_tools/tools/gnu tools arm embedded/5.4 2016q2/bin/../lib/gcc/arm-none-eabi/5.4.1/../../../../arm-none-eabi/lib/armv7-m\libg.a(lib_a-exit.o)
                0x0000431c                exit
 .text.memcmp   0x0000433c       0x64 c:/gowin/eclipse_tools_181108a/eclipse_tools_181108a/eclipse_tools/tools/gnu tools arm embedded/5.4 2016q2/bin/../lib/gcc/arm-none-eabi/5.4.1/../../../../arm-none-eabi/lib/armv7-m\libg.a(lib_a-memcmp.o)
                0x0000433c                memcmp
 .text          0x000043a0       0xec c:/gowin/eclipse_tools_181108a/eclipse_tools_181108a/eclipse_tools/tools/gnu tools arm embedded/5.4 2016q2/bin/../lib/gcc/arm-none-eabi/5.4.1/../../../../arm-none-eabi/lib/armv7-m\libg.a(lib_a-memcpy.o)
                0x000043a0                memcpy
 .text.memset   0x0000448c       0x9c c:/gowin/eclipse_tools_181108a/eclipse_tools_181108a/eclipse_tools/tools/gnu tools arm embedded/5.4 2016q2/bin/../lib/gcc/arm-none-eabi/5.4.1/../../../../arm-none-eabi/lib/armv7-m\libg.a(lib_a-memset.o)
                0x0000448c                memset
 .text.sprintf  0x00004528       0x4c c:/gowin/eclipse_tools_181108a/eclipse_tools_181108a/eclipse_tools/tools/gnu tools arm embedded/5.4 2016q2/bin/../lib/gcc/arm-none-eabi/5.4.1/../../../../arm-none-eabi/lib/armv7-m\libg.a(lib_a-sprintf.o)
                0x00004528                sprintf
 .text          0x00004574      0x1bc c:/gowin/eclipse_tools_181108a/eclipse_tools_181108a/eclipse_tools/tools/gnu tools arm embedded/5.4 2016q2/bin/../lib/gcc/arm-none-eabi/5.4.1/../../../../arm-none-eabi/lib/armv7-m\libg.a(lib_a-strcmp.o)
                0x00004574                strcmp
 .text._svfprintf_r
                0x00004730     0x175c c:/gowin/eclipse_tools_181108a/eclipse_tools_181108a/eclipse_tools/tools/gnu tools arm embedded/5.4 2016q2/bin/../lib/gcc/arm-none-eabi/5.4.1/../../../../arm-none-eabi/lib/armv7-m\libg.a(lib_a-svfprintf.o)
                0x00004730                _svfprintf_r
 .text.__call_exitprocs
                0x00005e8c       0xd8 c:/gowin/eclipse_tools_181108a/eclipse_tools_181108a/eclipse_tools/tools/gnu tools arm embedded/5.4 2016q2/bin/../lib/gcc/arm-none-eabi/5.4.1/../../../../arm-none-eabi/lib/armv7-m\libg.a(lib_a-__call_atexit.o)
                0x00005e8c                __call_exitprocs
 .text.quorem   0x00005f64      0x12c c:/gowin/eclipse_tools_181108a/eclipse_tools_181108a/eclipse_tools/tools/gnu tools arm embedded/5.4 2016q2/bin/../lib/gcc/arm-none-eabi/5.4.1/../../../../arm-none-eabi/lib/armv7-m\libg.a(lib_a-dtoa.o)
 .text._dtoa_r  0x00006090      0xe4c c:/gowin/eclipse_tools_181108a/eclipse_tools_181108a/eclipse_tools/tools/gnu tools arm embedded/5.4 2016q2/bin/../lib/gcc/arm-none-eabi/5.4.1/../../../../arm-none-eabi/lib/armv7-m\libg.a(lib_a-dtoa.o)
                0x00006090                _dtoa_r
 .text._localeconv_r
                0x00006edc        0x8 c:/gowin/eclipse_tools_181108a/eclipse_tools_181108a/eclipse_tools/tools/gnu tools arm embedded/5.4 2016q2/bin/../lib/gcc/arm-none-eabi/5.4.1/../../../../arm-none-eabi/lib/armv7-m\libg.a(lib_a-locale.o)
                0x00006edc                _localeconv_r
 .text._malloc_r
                0x00006ee4      0x558 c:/gowin/eclipse_tools_181108a/eclipse_tools_181108a/eclipse_tools/tools/gnu tools arm embedded/5.4 2016q2/bin/../lib/gcc/arm-none-eabi/5.4.1/../../../../arm-none-eabi/lib/armv7-m\libg.a(lib_a-mallocr.o)
                0x00006ee4                _malloc_r
 .text.memchr   0x0000743c       0x8c c:/gowin/eclipse_tools_181108a/eclipse_tools_181108a/eclipse_tools/tools/gnu tools arm embedded/5.4 2016q2/bin/../lib/gcc/arm-none-eabi/5.4.1/../../../../arm-none-eabi/lib/armv7-m\libg.a(lib_a-memchr-stub.o)
                0x0000743c                memchr
 .text.__malloc_lock
                0x000074c8        0x4 c:/gowin/eclipse_tools_181108a/eclipse_tools_181108a/eclipse_tools/tools/gnu tools arm embedded/5.4 2016q2/bin/../lib/gcc/arm-none-eabi/5.4.1/../../../../arm-none-eabi/lib/armv7-m\libg.a(lib_a-mlock.o)
                0x000074c8                __malloc_lock
 .text.__malloc_unlock
                0x000074cc        0x4 c:/gowin/eclipse_tools_181108a/eclipse_tools_181108a/eclipse_tools/tools/gnu tools arm embedded/5.4 2016q2/bin/../lib/gcc/arm-none-eabi/5.4.1/../../../../arm-none-eabi/lib/armv7-m\libg.a(lib_a-mlock.o)
                0x000074cc                __malloc_unlock
 .text._Balloc  0x000074d0       0x50 c:/gowin/eclipse_tools_181108a/eclipse_tools_181108a/eclipse_tools/tools/gnu tools arm embedded/5.4 2016q2/bin/../lib/gcc/arm-none-eabi/5.4.1/../../../../arm-none-eabi/lib/armv7-m\libg.a(lib_a-mprec.o)
                0x000074d0                _Balloc
 .text._Bfree   0x00007520       0x14 c:/gowin/eclipse_tools_181108a/eclipse_tools_181108a/eclipse_tools/tools/gnu tools arm embedded/5.4 2016q2/bin/../lib/gcc/arm-none-eabi/5.4.1/../../../../arm-none-eabi/lib/armv7-m\libg.a(lib_a-mprec.o)
                0x00007520                _Bfree
 .text.__multadd
                0x00007534       0x80 c:/gowin/eclipse_tools_181108a/eclipse_tools_181108a/eclipse_tools/tools/gnu tools arm embedded/5.4 2016q2/bin/../lib/gcc/arm-none-eabi/5.4.1/../../../../arm-none-eabi/lib/armv7-m\libg.a(lib_a-mprec.o)
                0x00007534                __multadd
 .text.__hi0bits
                0x000075b4       0x40 c:/gowin/eclipse_tools_181108a/eclipse_tools_181108a/eclipse_tools/tools/gnu tools arm embedded/5.4 2016q2/bin/../lib/gcc/arm-none-eabi/5.4.1/../../../../arm-none-eabi/lib/armv7-m\libg.a(lib_a-mprec.o)
                0x000075b4                __hi0bits
 .text.__lo0bits
                0x000075f4       0x5c c:/gowin/eclipse_tools_181108a/eclipse_tools_181108a/eclipse_tools/tools/gnu tools arm embedded/5.4 2016q2/bin/../lib/gcc/arm-none-eabi/5.4.1/../../../../arm-none-eabi/lib/armv7-m\libg.a(lib_a-mprec.o)
                0x000075f4                __lo0bits
 .text.__i2b    0x00007650       0x14 c:/gowin/eclipse_tools_181108a/eclipse_tools_181108a/eclipse_tools/tools/gnu tools arm embedded/5.4 2016q2/bin/../lib/gcc/arm-none-eabi/5.4.1/../../../../arm-none-eabi/lib/armv7-m\libg.a(lib_a-mprec.o)
                0x00007650                __i2b
 .text.__multiply
                0x00007664      0x13c c:/gowin/eclipse_tools_181108a/eclipse_tools_181108a/eclipse_tools/tools/gnu tools arm embedded/5.4 2016q2/bin/../lib/gcc/arm-none-eabi/5.4.1/../../../../arm-none-eabi/lib/armv7-m\libg.a(lib_a-mprec.o)
                0x00007664                __multiply
 .text.__pow5mult
                0x000077a0       0xa0 c:/gowin/eclipse_tools_181108a/eclipse_tools_181108a/eclipse_tools/tools/gnu tools arm embedded/5.4 2016q2/bin/../lib/gcc/arm-none-eabi/5.4.1/../../../../arm-none-eabi/lib/armv7-m\libg.a(lib_a-mprec.o)
                0x000077a0                __pow5mult
 .text.__lshift
                0x00007840       0xac c:/gowin/eclipse_tools_181108a/eclipse_tools_181108a/eclipse_tools/tools/gnu tools arm embedded/5.4 2016q2/bin/../lib/gcc/arm-none-eabi/5.4.1/../../../../arm-none-eabi/lib/armv7-m\libg.a(lib_a-mprec.o)
                0x00007840                __lshift
 .text.__mcmp   0x000078ec       0x40 c:/gowin/eclipse_tools_181108a/eclipse_tools_181108a/eclipse_tools/tools/gnu tools arm embedded/5.4 2016q2/bin/../lib/gcc/arm-none-eabi/5.4.1/../../../../arm-none-eabi/lib/armv7-m\libg.a(lib_a-mprec.o)
                0x000078ec                __mcmp
 .text.__mdiff  0x0000792c      0x128 c:/gowin/eclipse_tools_181108a/eclipse_tools_181108a/eclipse_tools/tools/gnu tools arm embedded/5.4 2016q2/bin/../lib/gcc/arm-none-eabi/5.4.1/../../../../arm-none-eabi/lib/armv7-m\libg.a(lib_a-mprec.o)
                0x0000792c                __mdiff
 .text.__d2b    0x00007a54       0xa8 c:/gowin/eclipse_tools_181108a/eclipse_tools_181108a/eclipse_tools/tools/gnu tools arm embedded/5.4 2016q2/bin/../lib/gcc/arm-none-eabi/5.4.1/../../../../arm-none-eabi/lib/armv7-m\libg.a(lib_a-mprec.o)
                0x00007a54                __d2b
 .text._sbrk_r  0x00007afc       0x24 c:/gowin/eclipse_tools_181108a/eclipse_tools_181108a/eclipse_tools/tools/gnu tools arm embedded/5.4 2016q2/bin/../lib/gcc/arm-none-eabi/5.4.1/../../../../arm-none-eabi/lib/armv7-m\libg.a(lib_a-sbrkr.o)
                0x00007afc                _sbrk_r
 .text.strlen   0x00007b20       0x5c c:/gowin/eclipse_tools_181108a/eclipse_tools_181108a/eclipse_tools/tools/gnu tools arm embedded/5.4 2016q2/bin/../lib/gcc/arm-none-eabi/5.4.1/../../../../arm-none-eabi/lib/armv7-m\libg.a(lib_a-strlen-stub.o)
                0x00007b20                strlen
 .text.__ssprint_r
                0x00007b7c      0x100 c:/gowin/eclipse_tools_181108a/eclipse_tools_181108a/eclipse_tools/tools/gnu tools arm embedded/5.4 2016q2/bin/../lib/gcc/arm-none-eabi/5.4.1/../../../../arm-none-eabi/lib/armv7-m\libg.a(lib_a-svfiprintf.o)
                0x00007b7c                __ssprint_r
 .text._calloc_r
                0x00007c7c       0x60 c:/gowin/eclipse_tools_181108a/eclipse_tools_181108a/eclipse_tools/tools/gnu tools arm embedded/5.4 2016q2/bin/../lib/gcc/arm-none-eabi/5.4.1/../../../../arm-none-eabi/lib/armv7-m\libg.a(lib_a-callocr.o)
                0x00007c7c                _calloc_r
 .text._malloc_trim_r
                0x00007cdc       0x9c c:/gowin/eclipse_tools_181108a/eclipse_tools_181108a/eclipse_tools/tools/gnu tools arm embedded/5.4 2016q2/bin/../lib/gcc/arm-none-eabi/5.4.1/../../../../arm-none-eabi/lib/armv7-m\libg.a(lib_a-freer.o)
                0x00007cdc                _malloc_trim_r
 .text._free_r  0x00007d78      0x1d0 c:/gowin/eclipse_tools_181108a/eclipse_tools_181108a/eclipse_tools/tools/gnu tools arm embedded/5.4 2016q2/bin/../lib/gcc/arm-none-eabi/5.4.1/../../../../arm-none-eabi/lib/armv7-m\libg.a(lib_a-freer.o)
                0x00007d78                _free_r
 .text.memmove  0x00007f48       0xc8 c:/gowin/eclipse_tools_181108a/eclipse_tools_181108a/eclipse_tools/tools/gnu tools arm embedded/5.4 2016q2/bin/../lib/gcc/arm-none-eabi/5.4.1/../../../../arm-none-eabi/lib/armv7-m\libg.a(lib_a-memmove.o)
                0x00007f48                memmove
 .text._realloc_r
                0x00008010      0x3d4 c:/gowin/eclipse_tools_181108a/eclipse_tools_181108a/eclipse_tools/tools/gnu tools arm embedded/5.4 2016q2/bin/../lib/gcc/arm-none-eabi/5.4.1/../../../../arm-none-eabi/lib/armv7-m\libg.a(lib_a-reallocr.o)
                0x00008010                _realloc_r
 .text          0x000083e4      0x370 c:/gowin/eclipse_tools_181108a/eclipse_tools_181108a/eclipse_tools/tools/gnu tools arm embedded/5.4 2016q2/bin/../lib/gcc/arm-none-eabi/5.4.1/armv7-m\libgcc.a(_arm_addsubdf3.o)
                0x000083e4                __aeabi_drsub
                0x000083ec                __aeabi_dsub
                0x000083ec                __subdf3
                0x000083f0                __aeabi_dadd
                0x000083f0                __adddf3
                0x00008668                __floatunsidf
                0x00008668                __aeabi_ui2d
                0x00008688                __floatsidf
                0x00008688                __aeabi_i2d
                0x000086ac                __aeabi_f2d
                0x000086ac                __extendsfdf2
                0x000086e8                __floatundidf
                0x000086e8                __aeabi_ul2d
                0x000086f8                __floatdidf
                0x000086f8                __aeabi_l2d
 .text          0x00008754      0x424 c:/gowin/eclipse_tools_181108a/eclipse_tools_181108a/eclipse_tools/tools/gnu tools arm embedded/5.4 2016q2/bin/../lib/gcc/arm-none-eabi/5.4.1/armv7-m\libgcc.a(_arm_muldivdf3.o)
                0x00008754                __aeabi_dmul
                0x00008754                __muldf3
                0x000089a8                __divdf3
                0x000089a8                __aeabi_ddiv
 .text          0x00008b78      0x110 c:/gowin/eclipse_tools_181108a/eclipse_tools_181108a/eclipse_tools/tools/gnu tools arm embedded/5.4 2016q2/bin/../lib/gcc/arm-none-eabi/5.4.1/armv7-m\libgcc.a(_arm_cmpdf2.o)
                0x00008b78                __gtdf2
                0x00008b78                __gedf2
                0x00008b80                __ltdf2
                0x00008b80                __ledf2
                0x00008b88                __nedf2
                0x00008b88                __eqdf2
                0x00008b88                __cmpdf2
                0x00008c04                __aeabi_cdrcmple
                0x00008c14                __aeabi_cdcmpeq
                0x00008c14                __aeabi_cdcmple
                0x00008c24                __aeabi_dcmpeq
                0x00008c38                __aeabi_dcmplt
                0x00008c4c                __aeabi_dcmple
                0x00008c60                __aeabi_dcmpge
                0x00008c74                __aeabi_dcmpgt
 .text          0x00008c88       0x2c c:/gowin/eclipse_tools_181108a/eclipse_tools_181108a/eclipse_tools/tools/gnu tools arm embedded/5.4 2016q2/bin/../lib/gcc/arm-none-eabi/5.4.1/armv7-m\libgcc.a(_arm_unorddf2.o)
                0x00008c88                __unorddf2
                0x00008c88                __aeabi_dcmpun
 .text          0x00008cb4       0x50 c:/gowin/eclipse_tools_181108a/eclipse_tools_181108a/eclipse_tools/tools/gnu tools arm embedded/5.4 2016q2/bin/../lib/gcc/arm-none-eabi/5.4.1/armv7-m\libgcc.a(_arm_fixdfsi.o)
                0x00008cb4                __aeabi_d2iz
                0x00008cb4                __fixdfsi
 .text          0x00008d04       0x30 c:/gowin/eclipse_tools_181108a/eclipse_tools_181108a/eclipse_tools/tools/gnu tools arm embedded/5.4 2016q2/bin/../lib/gcc/arm-none-eabi/5.4.1/armv7-m\libgcc.a(_aeabi_uldivmod.o)
                0x00008d04                __aeabi_uldivmod
 .text          0x00008d34      0x2ec c:/gowin/eclipse_tools_181108a/eclipse_tools_181108a/eclipse_tools/tools/gnu tools arm embedded/5.4 2016q2/bin/../lib/gcc/arm-none-eabi/5.4.1/armv7-m\libgcc.a(_udivmoddi4.o)
                0x00008d34                __udivmoddi4
 .text          0x00009020        0x4 c:/gowin/eclipse_tools_181108a/eclipse_tools_181108a/eclipse_tools/tools/gnu tools arm embedded/5.4 2016q2/bin/../lib/gcc/arm-none-eabi/5.4.1/armv7-m\libgcc.a(_dvmd_tls.o)
                0x00009020                __aeabi_idiv0
                0x00009020                __aeabi_ldiv0
 .text._sbrk    0x00009024       0x1c c:/gowin/eclipse_tools_181108a/eclipse_tools_181108a/eclipse_tools/tools/gnu tools arm embedded/5.4 2016q2/bin/../lib/gcc/arm-none-eabi/5.4.1/../../../../arm-none-eabi/lib/armv7-m\libnosys.a(sbrk.o)
                0x00009024                _sbrk
 .text._exit    0x00009040        0x4 c:/gowin/eclipse_tools_181108a/eclipse_tools_181108a/eclipse_tools/tools/gnu tools arm embedded/5.4 2016q2/bin/../lib/gcc/arm-none-eabi/5.4.1/../../../../arm-none-eabi/lib/armv7-m\libnosys.a(_exit.o)
                0x00009040                _exit
 *(.init)
 .init          0x00009044        0x4 c:/gowin/eclipse_tools_181108a/eclipse_tools_181108a/eclipse_tools/tools/gnu tools arm embedded/5.4 2016q2/bin/../lib/gcc/arm-none-eabi/5.4.1/armv7-m/crti.o
                0x00009044                _init
 *(.fini)
 .fini          0x00009048        0x4 c:/gowin/eclipse_tools_181108a/eclipse_tools_181108a/eclipse_tools/tools/gnu tools arm embedded/5.4 2016q2/bin/../lib/gcc/arm-none-eabi/5.4.1/armv7-m/crti.o
                0x00009048                _fini
 *crtbegin.o(.ctors)
 *crtbegin?.o(.ctors)
 *(EXCLUDE_FILE(*crtend.o *crtend?.o) .ctors)
 *(SORT(.ctors.*))
 *(.ctors)
 *crtbegin.o(.dtors)
 *crtbegin?.o(.dtors)
 *(EXCLUDE_FILE(*crtend.o *crtend?.o) .dtors)
 *(SORT(.dtors.*))
 *(.dtors)
 *(.rodata*)
 .rodata.ciphertext1
                0x0000904c      0x220 ./broadkey/src/broadkey_demo_app.o
 .rodata.ciphertext2
                0x0000926c      0x220 ./broadkey/src/broadkey_demo_app.o
 .rodata.ciphertext3
                0x0000948c      0x220 ./broadkey/src/broadkey_demo_app.o
 .rodata.ciphertext4
                0x000096ac      0x220 ./broadkey/src/broadkey_demo_app.o
 .rodata.ciphertext5
                0x000098cc      0x144 ./broadkey/src/broadkey_demo_app.o
 .rodata        0x00009a10      0x7a1 ./broadkey/src/broadkey_demo_app.o
 *fill*         0x0000a1b1        0x3 
 .rodata        0x0000a1b4       0x37 ./broadkey/src/iid_print.o
 *fill*         0x0000a1eb        0x1 
 .rodata.SSID   0x0000a1ec        0xc ./USER/main.o
                0x0000a1ec                SSID
 .rodata.PW     0x0000a1f8        0xf ./USER/main.o
                0x0000a1f8                PW
 *fill*         0x0000a207        0x1 
 .rodata.URL    0x0000a208       0x30 ./USER/main.o
 .rodata.THING  0x0000a238        0xd ./USER/main.o
 *fill*         0x0000a245        0x3 
 .rodata.ROOTCA
                0x0000a248      0x4a5 ./USER/main.o
 *fill*         0x0000a6ed        0x3 
 .rodata.DEVICECERT
                0x0000a6f0      0x4c5 ./USER/main.o
 *fill*         0x0000abb5        0x3 
 .rodata        0x0000abb8       0xd9 ./USER/main.o
 *fill*         0x0000ac91        0x3 
 .rodata.g28887959
                0x0000ac94       0x10 C:\Users\Grant\Documents\Gowin\AWSIoT_ESP32_to_GW1NS2\trunk\GW1NS2\uart2esp32\broadkey\lib\libiidbroadkey.a(iidbroadkey_merged.c.obj)
 .rodata.g73422977
                0x0000aca4        0x7 C:\Users\Grant\Documents\Gowin\AWSIoT_ESP32_to_GW1NS2\trunk\GW1NS2\uart2esp32\broadkey\lib\libiidbroadkey.a(iidbroadkey_merged.c.obj)
 .rodata.g7388942
                0x0000acab       0xc0 C:\Users\Grant\Documents\Gowin\AWSIoT_ESP32_to_GW1NS2\trunk\GW1NS2\uart2esp32\broadkey\lib\libiidbroadkey.a(iidbroadkey_merged.c.obj)
 *fill*         0x0000ad6b        0x1 
 .rodata.g73878249
                0x0000ad6c       0xb0 C:\Users\Grant\Documents\Gowin\AWSIoT_ESP32_to_GW1NS2\trunk\GW1NS2\uart2esp32\broadkey\lib\libiidbroadkey.a(iidbroadkey_merged.c.obj)
 .rodata.g14656005
                0x0000ae1c       0xb0 C:\Users\Grant\Documents\Gowin\AWSIoT_ESP32_to_GW1NS2\trunk\GW1NS2\uart2esp32\broadkey\lib\libiidbroadkey.a(iidbroadkey_merged.c.obj)
 .rodata.g2471931
                0x0000aecc       0x21 C:\Users\Grant\Documents\Gowin\AWSIoT_ESP32_to_GW1NS2\trunk\GW1NS2\uart2esp32\broadkey\lib\libiidbroadkey.a(iidbroadkey_merged.c.obj)
 .rodata.g24945801
                0x0000aeed       0x1c C:\Users\Grant\Documents\Gowin\AWSIoT_ESP32_to_GW1NS2\trunk\GW1NS2\uart2esp32\broadkey\lib\libiidbroadkey.a(iidbroadkey_merged.c.obj)
 .rodata.g63222466
                0x0000af09       0x19 C:\Users\Grant\Documents\Gowin\AWSIoT_ESP32_to_GW1NS2\trunk\GW1NS2\uart2esp32\broadkey\lib\libiidbroadkey.a(iidbroadkey_merged.c.obj)
 *fill*         0x0000af22        0x2 
 .rodata.g99268922
                0x0000af24       0x26 C:\Users\Grant\Documents\Gowin\AWSIoT_ESP32_to_GW1NS2\trunk\GW1NS2\uart2esp32\broadkey\lib\libiidbroadkey.a(iidbroadkey_merged.c.obj)
 .rodata.g11942663
                0x0000af4a        0x4 C:\Users\Grant\Documents\Gowin\AWSIoT_ESP32_to_GW1NS2\trunk\GW1NS2\uart2esp32\broadkey\lib\libiidbroadkey.a(iidbroadkey_merged.c.obj)
 .rodata.g48837676
                0x0000af4e       0x1d C:\Users\Grant\Documents\Gowin\AWSIoT_ESP32_to_GW1NS2\trunk\GW1NS2\uart2esp32\broadkey\lib\libiidbroadkey.a(iidbroadkey_merged.c.obj)
 .rodata.g35739062
                0x0000af6b        0x7 C:\Users\Grant\Documents\Gowin\AWSIoT_ESP32_to_GW1NS2\trunk\GW1NS2\uart2esp32\broadkey\lib\libiidbroadkey.a(iidbroadkey_merged.c.obj)
 .rodata.g9858273
                0x0000af72        0xb C:\Users\Grant\Documents\Gowin\AWSIoT_ESP32_to_GW1NS2\trunk\GW1NS2\uart2esp32\broadkey\lib\libiidbroadkey.a(iidbroadkey_merged.c.obj)
 .rodata.g12512503
                0x0000af7d       0x18 C:\Users\Grant\Documents\Gowin\AWSIoT_ESP32_to_GW1NS2\trunk\GW1NS2\uart2esp32\broadkey\lib\libiidbroadkey.a(iidbroadkey_merged.c.obj)
 *fill*         0x0000af95        0x3 
 .rodata.g48802284
                0x0000af98       0x20 C:\Users\Grant\Documents\Gowin\AWSIoT_ESP32_to_GW1NS2\trunk\GW1NS2\uart2esp32\broadkey\lib\libiidbroadkey.a(iidbroadkey_merged.c.obj)
 .rodata.g69798728
                0x0000afb8       0x20 C:\Users\Grant\Documents\Gowin\AWSIoT_ESP32_to_GW1NS2\trunk\GW1NS2\uart2esp32\broadkey\lib\libiidbroadkey.a(iidbroadkey_merged.c.obj)
 .rodata.g39611615
                0x0000afd8       0x20 C:\Users\Grant\Documents\Gowin\AWSIoT_ESP32_to_GW1NS2\trunk\GW1NS2\uart2esp32\broadkey\lib\libiidbroadkey.a(iidbroadkey_merged.c.obj)
 .rodata.g35277562
                0x0000aff8        0x7 C:\Users\Grant\Documents\Gowin\AWSIoT_ESP32_to_GW1NS2\trunk\GW1NS2\uart2esp32\broadkey\lib\libiidbroadkey.a(iidbroadkey_merged.c.obj)
 .rodata.g29755944
                0x0000afff      0x100 C:\Users\Grant\Documents\Gowin\AWSIoT_ESP32_to_GW1NS2\trunk\GW1NS2\uart2esp32\broadkey\lib\libiidbroadkey.a(iidbroadkey_merged.c.obj)
 *fill*         0x0000b0ff        0x1 
 .rodata.g71710796
                0x0000b100       0xb0 C:\Users\Grant\Documents\Gowin\AWSIoT_ESP32_to_GW1NS2\trunk\GW1NS2\uart2esp32\broadkey\lib\libiidbroadkey.a(iidbroadkey_merged.c.obj)
 .rodata.g84076415
                0x0000b1b0       0x40 C:\Users\Grant\Documents\Gowin\AWSIoT_ESP32_to_GW1NS2\trunk\GW1NS2\uart2esp32\broadkey\lib\libiidbroadkey.a(iidbroadkey_merged.c.obj)
 .rodata.g91641467
                0x0000b1f0       0x26 C:\Users\Grant\Documents\Gowin\AWSIoT_ESP32_to_GW1NS2\trunk\GW1NS2\uart2esp32\broadkey\lib\libiidbroadkey.a(iidbroadkey_merged.c.obj)
 *fill*         0x0000b216        0x2 
 .rodata.g40929840
                0x0000b218      0x100 C:\Users\Grant\Documents\Gowin\AWSIoT_ESP32_to_GW1NS2\trunk\GW1NS2\uart2esp32\broadkey\lib\libiidbroadkey.a(iidbroadkey_merged.c.obj)
 .rodata.g29548912
                0x0000b318        0x7 C:\Users\Grant\Documents\Gowin\AWSIoT_ESP32_to_GW1NS2\trunk\GW1NS2\uart2esp32\broadkey\lib\libiidbroadkey.a(iidbroadkey_merged.c.obj)
 *fill*         0x0000b31f        0x1 
 .rodata.g71975971
                0x0000b320        0xc C:\Users\Grant\Documents\Gowin\AWSIoT_ESP32_to_GW1NS2\trunk\GW1NS2\uart2esp32\broadkey\lib\libiidbroadkey.a(iidbroadkey_merged.c.obj)
 .rodata.g51653915
                0x0000b32c        0x7 C:\Users\Grant\Documents\Gowin\AWSIoT_ESP32_to_GW1NS2\trunk\GW1NS2\uart2esp32\broadkey\lib\libiidbroadkey.a(iidbroadkey_merged.c.obj)
 .rodata.g21287191
                0x0000b333       0x11 C:\Users\Grant\Documents\Gowin\AWSIoT_ESP32_to_GW1NS2\trunk\GW1NS2\uart2esp32\broadkey\lib\libiidbroadkey.a(iidbroadkey_merged.c.obj)
 .rodata.str1.4
                0x0000b344        0x2 c:/gowin/eclipse_tools_181108a/eclipse_tools_181108a/eclipse_tools/tools/gnu tools arm embedded/5.4 2016q2/bin/../lib/gcc/arm-none-eabi/5.4.1/../../../../arm-none-eabi/lib/armv7-m\libg.a(lib_a-impure.o)
 *fill*         0x0000b346        0x2 
 .rodata._global_impure_ptr
                0x0000b348        0x4 c:/gowin/eclipse_tools_181108a/eclipse_tools_181108a/eclipse_tools/tools/gnu tools arm embedded/5.4 2016q2/bin/../lib/gcc/arm-none-eabi/5.4.1/../../../../arm-none-eabi/lib/armv7-m\libg.a(lib_a-impure.o)
                0x0000b348                _global_impure_ptr
 .rodata.blanks.7055
                0x0000b34c       0x10 c:/gowin/eclipse_tools_181108a/eclipse_tools_181108a/eclipse_tools/tools/gnu tools arm embedded/5.4 2016q2/bin/../lib/gcc/arm-none-eabi/5.4.1/../../../../arm-none-eabi/lib/armv7-m\libg.a(lib_a-svfprintf.o)
 .rodata.str1.4
                0x0000b35c       0x42 c:/gowin/eclipse_tools_181108a/eclipse_tools_181108a/eclipse_tools/tools/gnu tools arm embedded/5.4 2016q2/bin/../lib/gcc/arm-none-eabi/5.4.1/../../../../arm-none-eabi/lib/armv7-m\libg.a(lib_a-svfprintf.o)
 *fill*         0x0000b39e        0x2 
 .rodata.zeroes.7056
                0x0000b3a0       0x10 c:/gowin/eclipse_tools_181108a/eclipse_tools_181108a/eclipse_tools/tools/gnu tools arm embedded/5.4 2016q2/bin/../lib/gcc/arm-none-eabi/5.4.1/../../../../arm-none-eabi/lib/armv7-m\libg.a(lib_a-svfprintf.o)
 .rodata.str1.4
                0x0000b3b0       0x10 c:/gowin/eclipse_tools_181108a/eclipse_tools_181108a/eclipse_tools/tools/gnu tools arm embedded/5.4 2016q2/bin/../lib/gcc/arm-none-eabi/5.4.1/../../../../arm-none-eabi/lib/armv7-m\libg.a(lib_a-dtoa.o)
                                 0x12 (size before relaxing)
 .rodata.str1.4
                0x0000b3c0        0xc c:/gowin/eclipse_tools_181108a/eclipse_tools_181108a/eclipse_tools/tools/gnu tools arm embedded/5.4 2016q2/bin/../lib/gcc/arm-none-eabi/5.4.1/../../../../arm-none-eabi/lib/armv7-m\libg.a(lib_a-locale.o)
                                 0x12 (size before relaxing)
 *fill*         0x0000b3cc        0x4 
 .rodata.__mprec_tens
                0x0000b3d0       0xc8 c:/gowin/eclipse_tools_181108a/eclipse_tools_181108a/eclipse_tools/tools/gnu tools arm embedded/5.4 2016q2/bin/../lib/gcc/arm-none-eabi/5.4.1/../../../../arm-none-eabi/lib/armv7-m\libg.a(lib_a-mprec.o)
                0x0000b3d0                __mprec_tens
 .rodata.__mprec_bigtens
                0x0000b498       0x28 c:/gowin/eclipse_tools_181108a/eclipse_tools_181108a/eclipse_tools/tools/gnu tools arm embedded/5.4 2016q2/bin/../lib/gcc/arm-none-eabi/5.4.1/../../../../arm-none-eabi/lib/armv7-m\libg.a(lib_a-mprec.o)
                0x0000b498                __mprec_bigtens
 .rodata.p05.5396
                0x0000b4c0        0xc c:/gowin/eclipse_tools_181108a/eclipse_tools_181108a/eclipse_tools/tools/gnu tools arm embedded/5.4 2016q2/bin/../lib/gcc/arm-none-eabi/5.4.1/../../../../arm-none-eabi/lib/armv7-m\libg.a(lib_a-mprec.o)
 *(.eh_frame*)

.glue_7         0x0000b4cc        0x0
 .glue_7        0x0000b4cc        0x0 linker stubs

.glue_7t        0x0000b4cc        0x0
 .glue_7t       0x0000b4cc        0x0 linker stubs

.vfp11_veneer   0x0000b4cc        0x0
 .vfp11_veneer  0x0000b4cc        0x0 linker stubs

.v4_bx          0x0000b4cc        0x0
 .v4_bx         0x0000b4cc        0x0 linker stubs

.iplt           0x0000b4cc        0x0
 .iplt          0x0000b4cc        0x0 c:/gowin/eclipse_tools_181108a/eclipse_tools_181108a/eclipse_tools/tools/gnu tools arm embedded/5.4 2016q2/bin/../lib/gcc/arm-none-eabi/5.4.1/armv7-m/crtbegin.o

.ARM.extab
 *(.ARM.extab* .gnu.linkonce.armextab.*)
                0x0000b4cc                __exidx_start = .

.ARM.exidx      0x0000b4cc        0x8
 *(.ARM.exidx* .gnu.linkonce.armexidx.*)
 .ARM.exidx     0x0000b4cc        0x8 c:/gowin/eclipse_tools_181108a/eclipse_tools_181108a/eclipse_tools/tools/gnu tools arm embedded/5.4 2016q2/bin/../lib/gcc/arm-none-eabi/5.4.1/armv7-m\libgcc.a(_udivmoddi4.o)
                0x0000b4d4                __exidx_end = .
                0x0000b4d4                __etext = .

.rel.dyn        0x0000b4d4        0x0
 .rel.iplt      0x0000b4d4        0x0 c:/gowin/eclipse_tools_181108a/eclipse_tools_181108a/eclipse_tools/tools/gnu tools arm embedded/5.4 2016q2/bin/../lib/gcc/arm-none-eabi/5.4.1/armv7-m/crtbegin.o

.data           0x20000000      0x884 load address 0x0000b4d4
                0x20000000                __data_start__ = .
 *(vtable)
 *(.data*)
 .data.SystemCoreClock
                0x20000000        0x4 ./SYSTEM/system_gw1ns2k.o
                0x20000000                SystemCoreClock
 .data.PCLK1    0x20000004        0x4 ./SYSTEM/system_gw1ns2k.o
                0x20000004                PCLK1
 .data.PCLK2    0x20000008        0x4 ./SYSTEM/system_gw1ns2k.o
                0x20000008                PCLK2
 .data.HCLK     0x2000000c        0x4 ./SYSTEM/system_gw1ns2k.o
                0x2000000c                HCLK
 .data.impure_data
                0x20000010      0x428 c:/gowin/eclipse_tools_181108a/eclipse_tools_181108a/eclipse_tools/tools/gnu tools arm embedded/5.4 2016q2/bin/../lib/gcc/arm-none-eabi/5.4.1/../../../../arm-none-eabi/lib/armv7-m\libg.a(lib_a-impure.o)
 .data._impure_ptr
                0x20000438        0x4 c:/gowin/eclipse_tools_181108a/eclipse_tools_181108a/eclipse_tools/tools/gnu tools arm embedded/5.4 2016q2/bin/../lib/gcc/arm-none-eabi/5.4.1/../../../../arm-none-eabi/lib/armv7-m\libg.a(lib_a-impure.o)
                0x20000438                _impure_ptr
 .data.lconv    0x2000043c       0x38 c:/gowin/eclipse_tools_181108a/eclipse_tools_181108a/eclipse_tools/tools/gnu tools arm embedded/5.4 2016q2/bin/../lib/gcc/arm-none-eabi/5.4.1/../../../../arm-none-eabi/lib/armv7-m\libg.a(lib_a-locale.o)
 .data.__malloc_av_
                0x20000474      0x408 c:/gowin/eclipse_tools_181108a/eclipse_tools_181108a/eclipse_tools/tools/gnu tools arm embedded/5.4 2016q2/bin/../lib/gcc/arm-none-eabi/5.4.1/../../../../arm-none-eabi/lib/armv7-m\libg.a(lib_a-mallocr.o)
                0x20000474                __malloc_av_
 .data.__malloc_trim_threshold
                0x2000087c        0x4 c:/gowin/eclipse_tools_181108a/eclipse_tools_181108a/eclipse_tools/tools/gnu tools arm embedded/5.4 2016q2/bin/../lib/gcc/arm-none-eabi/5.4.1/../../../../arm-none-eabi/lib/armv7-m\libg.a(lib_a-mallocr.o)
                0x2000087c                __malloc_trim_threshold
 .data.__malloc_sbrk_base
                0x20000880        0x4 c:/gowin/eclipse_tools_181108a/eclipse_tools_181108a/eclipse_tools/tools/gnu tools arm embedded/5.4 2016q2/bin/../lib/gcc/arm-none-eabi/5.4.1/../../../../arm-none-eabi/lib/armv7-m\libg.a(lib_a-mallocr.o)
                0x20000880                __malloc_sbrk_base
                0x20000884                . = ALIGN (0x4)
                0x20000884                PROVIDE (__preinit_array_start, .)
 *(.preinit_array)
                0x20000884                PROVIDE (__preinit_array_end, .)
                0x20000884                . = ALIGN (0x4)
                0x20000884                PROVIDE (__init_array_start, .)
 *(SORT(.init_array.*))
 *(.init_array)
                0x20000884                PROVIDE (__init_array_end, .)
                0x20000884                . = ALIGN (0x4)
                0x20000884                PROVIDE (__fini_array_start, .)
 *(SORT(.fini_array.*))
 *(.fini_array)
                0x20000884                PROVIDE (__fini_array_end, .)
                0x20000884                . = ALIGN (0x4)
                0x20000884                __data_end__ = .

.igot.plt       0x20000884        0x0 load address 0x0000bd58
 .igot.plt      0x20000884        0x0 c:/gowin/eclipse_tools_181108a/eclipse_tools_181108a/eclipse_tools/tools/gnu tools arm embedded/5.4 2016q2/bin/../lib/gcc/arm-none-eabi/5.4.1/armv7-m/crtbegin.o

.bss            0x20000884      0x4a8 load address 0x0000bd58
                0x20000884                . = ALIGN (0x4)
                0x20000884                __bss_start__ = .
 *(.bss*)
 .bss.g93695439
                0x20000884      0x468 C:\Users\Grant\Documents\Gowin\AWSIoT_ESP32_to_GW1NS2\trunk\GW1NS2\uart2esp32\broadkey\lib\libiidbroadkey.a(iidbroadkey_merged.c.obj)
 .bss.__malloc_max_total_mem
                0x20000cec        0x4 c:/gowin/eclipse_tools_181108a/eclipse_tools_181108a/eclipse_tools/tools/gnu tools arm embedded/5.4 2016q2/bin/../lib/gcc/arm-none-eabi/5.4.1/../../../../arm-none-eabi/lib/armv7-m\libg.a(lib_a-mallocr.o)
                0x20000cec                __malloc_max_total_mem
 .bss.__malloc_max_sbrked_mem
                0x20000cf0        0x4 c:/gowin/eclipse_tools_181108a/eclipse_tools_181108a/eclipse_tools/tools/gnu tools arm embedded/5.4 2016q2/bin/../lib/gcc/arm-none-eabi/5.4.1/../../../../arm-none-eabi/lib/armv7-m\libg.a(lib_a-mallocr.o)
                0x20000cf0                __malloc_max_sbrked_mem
 .bss.__malloc_top_pad
                0x20000cf4        0x4 c:/gowin/eclipse_tools_181108a/eclipse_tools_181108a/eclipse_tools/tools/gnu tools arm embedded/5.4 2016q2/bin/../lib/gcc/arm-none-eabi/5.4.1/../../../../arm-none-eabi/lib/armv7-m\libg.a(lib_a-mallocr.o)
                0x20000cf4                __malloc_top_pad
 .bss.__malloc_current_mallinfo
                0x20000cf8       0x28 c:/gowin/eclipse_tools_181108a/eclipse_tools_181108a/eclipse_tools/tools/gnu tools arm embedded/5.4 2016q2/bin/../lib/gcc/arm-none-eabi/5.4.1/../../../../arm-none-eabi/lib/armv7-m\libg.a(lib_a-mallocr.o)
                0x20000cf8                __malloc_current_mallinfo
 .bss.heap_end.4167
                0x20000d20        0x4 c:/gowin/eclipse_tools_181108a/eclipse_tools_181108a/eclipse_tools/tools/gnu tools arm embedded/5.4 2016q2/bin/../lib/gcc/arm-none-eabi/5.4.1/../../../../arm-none-eabi/lib/armv7-m\libnosys.a(sbrk.o)
 *(COMMON)
 COMMON         0x20000d24        0x4 ./USER/main.o
                0x20000d24                counter
 COMMON         0x20000d28        0x4 c:/gowin/eclipse_tools_181108a/eclipse_tools_181108a/eclipse_tools/tools/gnu tools arm embedded/5.4 2016q2/bin/../lib/gcc/arm-none-eabi/5.4.1/../../../../arm-none-eabi/lib/armv7-m\libg.a(lib_a-reent.o)
                0x20000d28                errno
                0x20000d2c                . = ALIGN (0x4)
                0x20000d2c                __bss_end__ = .

.heap           0x20000d30      0x200
                0x20000d30                __end__ = .
                0x20000d30                end = __end__
 *(.heap*)
 .heap          0x20000d30      0x200 ./STARTUP/startup_gw1ns2k.o
                0x20000d30                __HeapBase
                0x20000f30                __HeapLimit = .

.stack_dummy    0x20000d30      0x400
 *(.stack*)
 .stack         0x20000d30      0x400 ./STARTUP/startup_gw1ns2k.o
                0x20001c00                __StackTop = (ORIGIN (RAM) + LENGTH (RAM))
                0x20001800                __StackLimit = (__StackTop - SIZEOF (.stack_dummy))
                0x20001c00                PROVIDE (__stack, __StackTop)
                0x00000001                ASSERT ((__StackLimit >= __HeapLimit), region RAM overflowed with stack)
OUTPUT(awsIoT_BKP.elf elf32-littlearm)

.ARM.attributes
                0x00000000       0x29
 .ARM.attributes
                0x00000000       0x1d c:/gowin/eclipse_tools_181108a/eclipse_tools_181108a/eclipse_tools/tools/gnu tools arm embedded/5.4 2016q2/bin/../lib/gcc/arm-none-eabi/5.4.1/armv7-m/crti.o
 .ARM.attributes
                0x0000001d       0x33 ./broadkey/src/broadkey_demo_app.o
 .ARM.attributes
                0x00000050       0x33 ./broadkey/src/iid_print.o
 .ARM.attributes
                0x00000083       0x33 ./broadkey/src/iid_usart.o
 .ARM.attributes
                0x000000b6       0x33 ./USER/gw1ns2k_it.o
 .ARM.attributes
                0x000000e9       0x33 ./USER/main.o
 .ARM.attributes
                0x0000011c       0x33 ./SYSTEM/system_gw1ns2k.o
 .ARM.attributes
                0x0000014f       0x1b ./STARTUP/startup_gw1ns2k.o
 .ARM.attributes
                0x0000016a       0x33 ./PERIPHER/Sources/gw1ns2k_gpio.o
 .ARM.attributes
                0x0000019d       0x33 ./PERIPHER/Sources/gw1ns2k_timer.o
 .ARM.attributes
                0x000001d0       0x33 ./PERIPHER/Sources/gw1ns2k_uart.o
 .ARM.attributes
                0x00000203       0x33 C:\Users\Grant\Documents\Gowin\AWSIoT_ESP32_to_GW1NS2\trunk\GW1NS2\uart2esp32\broadkey\lib\libiidbroadkey.a(iidbroadkey_merged.c.obj)
 .ARM.attributes
                0x00000236       0x2d c:/gowin/eclipse_tools_181108a/eclipse_tools_181108a/eclipse_tools/tools/gnu tools arm embedded/5.4 2016q2/bin/../lib/gcc/arm-none-eabi/5.4.1/../../../../arm-none-eabi/lib/armv7-m\libg.a(lib_a-exit.o)
 .ARM.attributes
                0x00000263       0x2d c:/gowin/eclipse_tools_181108a/eclipse_tools_181108a/eclipse_tools/tools/gnu tools arm embedded/5.4 2016q2/bin/../lib/gcc/arm-none-eabi/5.4.1/../../../../arm-none-eabi/lib/armv7-m\libg.a(lib_a-impure.o)
 .ARM.attributes
                0x00000290       0x2d c:/gowin/eclipse_tools_181108a/eclipse_tools_181108a/eclipse_tools/tools/gnu tools arm embedded/5.4 2016q2/bin/../lib/gcc/arm-none-eabi/5.4.1/../../../../arm-none-eabi/lib/armv7-m\libg.a(lib_a-memcmp.o)
 .ARM.attributes
                0x000002bd       0x1b c:/gowin/eclipse_tools_181108a/eclipse_tools_181108a/eclipse_tools/tools/gnu tools arm embedded/5.4 2016q2/bin/../lib/gcc/arm-none-eabi/5.4.1/../../../../arm-none-eabi/lib/armv7-m\libg.a(lib_a-memcpy.o)
 .ARM.attributes
                0x000002d8       0x2d c:/gowin/eclipse_tools_181108a/eclipse_tools_181108a/eclipse_tools/tools/gnu tools arm embedded/5.4 2016q2/bin/../lib/gcc/arm-none-eabi/5.4.1/../../../../arm-none-eabi/lib/armv7-m\libg.a(lib_a-memset.o)
 .ARM.attributes
                0x00000305       0x2d c:/gowin/eclipse_tools_181108a/eclipse_tools_181108a/eclipse_tools/tools/gnu tools arm embedded/5.4 2016q2/bin/../lib/gcc/arm-none-eabi/5.4.1/../../../../arm-none-eabi/lib/armv7-m\libg.a(lib_a-sprintf.o)
 .ARM.attributes
                0x00000332       0x1b c:/gowin/eclipse_tools_181108a/eclipse_tools_181108a/eclipse_tools/tools/gnu tools arm embedded/5.4 2016q2/bin/../lib/gcc/arm-none-eabi/5.4.1/../../../../arm-none-eabi/lib/armv7-m\libg.a(lib_a-strcmp.o)
 .ARM.attributes
                0x0000034d       0x2d c:/gowin/eclipse_tools_181108a/eclipse_tools_181108a/eclipse_tools/tools/gnu tools arm embedded/5.4 2016q2/bin/../lib/gcc/arm-none-eabi/5.4.1/../../../../arm-none-eabi/lib/armv7-m\libg.a(lib_a-svfprintf.o)
 .ARM.attributes
                0x0000037a       0x2d c:/gowin/eclipse_tools_181108a/eclipse_tools_181108a/eclipse_tools/tools/gnu tools arm embedded/5.4 2016q2/bin/../lib/gcc/arm-none-eabi/5.4.1/../../../../arm-none-eabi/lib/armv7-m\libg.a(lib_a-__call_atexit.o)
 .ARM.attributes
                0x000003a7       0x2d c:/gowin/eclipse_tools_181108a/eclipse_tools_181108a/eclipse_tools/tools/gnu tools arm embedded/5.4 2016q2/bin/../lib/gcc/arm-none-eabi/5.4.1/../../../../arm-none-eabi/lib/armv7-m\libg.a(lib_a-dtoa.o)
 .ARM.attributes
                0x000003d4       0x2d c:/gowin/eclipse_tools_181108a/eclipse_tools_181108a/eclipse_tools/tools/gnu tools arm embedded/5.4 2016q2/bin/../lib/gcc/arm-none-eabi/5.4.1/../../../../arm-none-eabi/lib/armv7-m\libg.a(lib_a-locale.o)
 .ARM.attributes
                0x00000401       0x2d c:/gowin/eclipse_tools_181108a/eclipse_tools_181108a/eclipse_tools/tools/gnu tools arm embedded/5.4 2016q2/bin/../lib/gcc/arm-none-eabi/5.4.1/../../../../arm-none-eabi/lib/armv7-m\libg.a(lib_a-mallocr.o)
 .ARM.attributes
                0x0000042e       0x2d c:/gowin/eclipse_tools_181108a/eclipse_tools_181108a/eclipse_tools/tools/gnu tools arm embedded/5.4 2016q2/bin/../lib/gcc/arm-none-eabi/5.4.1/../../../../arm-none-eabi/lib/armv7-m\libg.a(lib_a-memchr-stub.o)
 .ARM.attributes
                0x0000045b       0x2d c:/gowin/eclipse_tools_181108a/eclipse_tools_181108a/eclipse_tools/tools/gnu tools arm embedded/5.4 2016q2/bin/../lib/gcc/arm-none-eabi/5.4.1/../../../../arm-none-eabi/lib/armv7-m\libg.a(lib_a-mlock.o)
 .ARM.attributes
                0x00000488       0x2d c:/gowin/eclipse_tools_181108a/eclipse_tools_181108a/eclipse_tools/tools/gnu tools arm embedded/5.4 2016q2/bin/../lib/gcc/arm-none-eabi/5.4.1/../../../../arm-none-eabi/lib/armv7-m\libg.a(lib_a-mprec.o)
 .ARM.attributes
                0x000004b5       0x2d c:/gowin/eclipse_tools_181108a/eclipse_tools_181108a/eclipse_tools/tools/gnu tools arm embedded/5.4 2016q2/bin/../lib/gcc/arm-none-eabi/5.4.1/../../../../arm-none-eabi/lib/armv7-m\libg.a(lib_a-sbrkr.o)
 .ARM.attributes
                0x000004e2       0x2d c:/gowin/eclipse_tools_181108a/eclipse_tools_181108a/eclipse_tools/tools/gnu tools arm embedded/5.4 2016q2/bin/../lib/gcc/arm-none-eabi/5.4.1/../../../../arm-none-eabi/lib/armv7-m\libg.a(lib_a-strlen-stub.o)
 .ARM.attributes
                0x0000050f       0x2d c:/gowin/eclipse_tools_181108a/eclipse_tools_181108a/eclipse_tools/tools/gnu tools arm embedded/5.4 2016q2/bin/../lib/gcc/arm-none-eabi/5.4.1/../../../../arm-none-eabi/lib/armv7-m\libg.a(lib_a-svfiprintf.o)
 .ARM.attributes
                0x0000053c       0x2d c:/gowin/eclipse_tools_181108a/eclipse_tools_181108a/eclipse_tools/tools/gnu tools arm embedded/5.4 2016q2/bin/../lib/gcc/arm-none-eabi/5.4.1/../../../../arm-none-eabi/lib/armv7-m\libg.a(lib_a-callocr.o)
 .ARM.attributes
                0x00000569       0x2d c:/gowin/eclipse_tools_181108a/eclipse_tools_181108a/eclipse_tools/tools/gnu tools arm embedded/5.4 2016q2/bin/../lib/gcc/arm-none-eabi/5.4.1/../../../../arm-none-eabi/lib/armv7-m\libg.a(lib_a-freer.o)
 .ARM.attributes
                0x00000596       0x2d c:/gowin/eclipse_tools_181108a/eclipse_tools_181108a/eclipse_tools/tools/gnu tools arm embedded/5.4 2016q2/bin/../lib/gcc/arm-none-eabi/5.4.1/../../../../arm-none-eabi/lib/armv7-m\libg.a(lib_a-memmove.o)
 .ARM.attributes
                0x000005c3       0x2d c:/gowin/eclipse_tools_181108a/eclipse_tools_181108a/eclipse_tools/tools/gnu tools arm embedded/5.4 2016q2/bin/../lib/gcc/arm-none-eabi/5.4.1/../../../../arm-none-eabi/lib/armv7-m\libg.a(lib_a-reallocr.o)
 .ARM.attributes
                0x000005f0       0x2d c:/gowin/eclipse_tools_181108a/eclipse_tools_181108a/eclipse_tools/tools/gnu tools arm embedded/5.4 2016q2/bin/../lib/gcc/arm-none-eabi/5.4.1/../../../../arm-none-eabi/lib/armv7-m\libg.a(lib_a-reent.o)
 .ARM.attributes
                0x0000061d       0x1d c:/gowin/eclipse_tools_181108a/eclipse_tools_181108a/eclipse_tools/tools/gnu tools arm embedded/5.4 2016q2/bin/../lib/gcc/arm-none-eabi/5.4.1/armv7-m\libgcc.a(_arm_addsubdf3.o)
 .ARM.attributes
                0x0000063a       0x1d c:/gowin/eclipse_tools_181108a/eclipse_tools_181108a/eclipse_tools/tools/gnu tools arm embedded/5.4 2016q2/bin/../lib/gcc/arm-none-eabi/5.4.1/armv7-m\libgcc.a(_arm_muldivdf3.o)
 .ARM.attributes
                0x00000657       0x1d c:/gowin/eclipse_tools_181108a/eclipse_tools_181108a/eclipse_tools/tools/gnu tools arm embedded/5.4 2016q2/bin/../lib/gcc/arm-none-eabi/5.4.1/armv7-m\libgcc.a(_arm_cmpdf2.o)
 .ARM.attributes
                0x00000674       0x1d c:/gowin/eclipse_tools_181108a/eclipse_tools_181108a/eclipse_tools/tools/gnu tools arm embedded/5.4 2016q2/bin/../lib/gcc/arm-none-eabi/5.4.1/armv7-m\libgcc.a(_arm_unorddf2.o)
 .ARM.attributes
                0x00000691       0x1d c:/gowin/eclipse_tools_181108a/eclipse_tools_181108a/eclipse_tools/tools/gnu tools arm embedded/5.4 2016q2/bin/../lib/gcc/arm-none-eabi/5.4.1/armv7-m\libgcc.a(_arm_fixdfsi.o)
 .ARM.attributes
                0x000006ae       0x1d c:/gowin/eclipse_tools_181108a/eclipse_tools_181108a/eclipse_tools/tools/gnu tools arm embedded/5.4 2016q2/bin/../lib/gcc/arm-none-eabi/5.4.1/armv7-m\libgcc.a(_aeabi_uldivmod.o)
 .ARM.attributes
                0x000006cb       0x2d c:/gowin/eclipse_tools_181108a/eclipse_tools_181108a/eclipse_tools/tools/gnu tools arm embedded/5.4 2016q2/bin/../lib/gcc/arm-none-eabi/5.4.1/armv7-m\libgcc.a(_udivmoddi4.o)
 .ARM.attributes
                0x000006f8       0x1d c:/gowin/eclipse_tools_181108a/eclipse_tools_181108a/eclipse_tools/tools/gnu tools arm embedded/5.4 2016q2/bin/../lib/gcc/arm-none-eabi/5.4.1/armv7-m\libgcc.a(_dvmd_tls.o)
 .ARM.attributes
                0x00000715       0x2d c:/gowin/eclipse_tools_181108a/eclipse_tools_181108a/eclipse_tools/tools/gnu tools arm embedded/5.4 2016q2/bin/../lib/gcc/arm-none-eabi/5.4.1/../../../../arm-none-eabi/lib/armv7-m\libnosys.a(sbrk.o)
 .ARM.attributes
                0x00000742       0x2d c:/gowin/eclipse_tools_181108a/eclipse_tools_181108a/eclipse_tools/tools/gnu tools arm embedded/5.4 2016q2/bin/../lib/gcc/arm-none-eabi/5.4.1/../../../../arm-none-eabi/lib/armv7-m\libnosys.a(_exit.o)

.comment        0x00000000       0x6e
 .comment       0x00000000       0x6e ./broadkey/src/broadkey_demo_app.o
                                 0x6f (size before relaxing)
 .comment       0x0000006e       0x6f ./broadkey/src/iid_print.o
 .comment       0x0000006e       0x6f ./broadkey/src/iid_usart.o
 .comment       0x0000006e       0x6f ./USER/gw1ns2k_it.o
 .comment       0x0000006e       0x6f ./USER/main.o
 .comment       0x0000006e       0x6f ./SYSTEM/system_gw1ns2k.o
 .comment       0x0000006e       0x6f ./PERIPHER/Sources/gw1ns2k_gpio.o
 .comment       0x0000006e       0x6f ./PERIPHER/Sources/gw1ns2k_timer.o
 .comment       0x0000006e       0x6f ./PERIPHER/Sources/gw1ns2k_uart.o
 .comment       0x0000006e       0x6f C:\Users\Grant\Documents\Gowin\AWSIoT_ESP32_to_GW1NS2\trunk\GW1NS2\uart2esp32\broadkey\lib\libiidbroadkey.a(iidbroadkey_merged.c.obj)

.debug_info     0x00000000     0x316a
 .debug_info    0x00000000     0x1029 ./broadkey/src/broadkey_demo_app.o
 .debug_info    0x00001029      0x2d7 ./broadkey/src/iid_print.o
 .debug_info    0x00001300      0x2f9 ./broadkey/src/iid_usart.o
 .debug_info    0x000015f9      0x176 ./USER/gw1ns2k_it.o
 .debug_info    0x0000176f      0x7e9 ./USER/main.o
 .debug_info    0x00001f58      0x104 ./SYSTEM/system_gw1ns2k.o
 .debug_info    0x0000205c       0x99 ./STARTUP/startup_gw1ns2k.o
 .debug_info    0x000020f5      0x6ab ./PERIPHER/Sources/gw1ns2k_gpio.o
 .debug_info    0x000027a0      0x3d0 ./PERIPHER/Sources/gw1ns2k_timer.o
 .debug_info    0x00002b70      0x5fa ./PERIPHER/Sources/gw1ns2k_uart.o

.debug_abbrev   0x00000000      0xb61
 .debug_abbrev  0x00000000      0x1da ./broadkey/src/broadkey_demo_app.o
 .debug_abbrev  0x000001da       0xfa ./broadkey/src/iid_print.o
 .debug_abbrev  0x000002d4      0x100 ./broadkey/src/iid_usart.o
 .debug_abbrev  0x000003d4       0x5d ./USER/gw1ns2k_it.o
 .debug_abbrev  0x00000431      0x267 ./USER/main.o
 .debug_abbrev  0x00000698       0x7b ./SYSTEM/system_gw1ns2k.o
 .debug_abbrev  0x00000713       0x14 ./STARTUP/startup_gw1ns2k.o
 .debug_abbrev  0x00000727      0x18f ./PERIPHER/Sources/gw1ns2k_gpio.o
 .debug_abbrev  0x000008b6      0x107 ./PERIPHER/Sources/gw1ns2k_timer.o
 .debug_abbrev  0x000009bd      0x1a4 ./PERIPHER/Sources/gw1ns2k_uart.o

.debug_aranges  0x00000000      0x470
 .debug_aranges
                0x00000000       0xb8 ./broadkey/src/broadkey_demo_app.o
 .debug_aranges
                0x000000b8       0x60 ./broadkey/src/iid_print.o
 .debug_aranges
                0x00000118       0x30 ./broadkey/src/iid_usart.o
 .debug_aranges
                0x00000148       0x88 ./USER/gw1ns2k_it.o
 .debug_aranges
                0x000001d0       0x60 ./USER/main.o
 .debug_aranges
                0x00000230       0x28 ./SYSTEM/system_gw1ns2k.o
 .debug_aranges
                0x00000258       0x20 ./STARTUP/startup_gw1ns2k.o
 .debug_aranges
                0x00000278       0xb8 ./PERIPHER/Sources/gw1ns2k_gpio.o
 .debug_aranges
                0x00000330       0x80 ./PERIPHER/Sources/gw1ns2k_timer.o
 .debug_aranges
                0x000003b0       0xc0 ./PERIPHER/Sources/gw1ns2k_uart.o

.debug_ranges   0x00000000      0x3c0
 .debug_ranges  0x00000000       0xa8 ./broadkey/src/broadkey_demo_app.o
 .debug_ranges  0x000000a8       0x50 ./broadkey/src/iid_print.o
 .debug_ranges  0x000000f8       0x20 ./broadkey/src/iid_usart.o
 .debug_ranges  0x00000118       0x78 ./USER/gw1ns2k_it.o
 .debug_ranges  0x00000190       0x50 ./USER/main.o
 .debug_ranges  0x000001e0       0x18 ./SYSTEM/system_gw1ns2k.o
 .debug_ranges  0x000001f8       0xa8 ./PERIPHER/Sources/gw1ns2k_gpio.o
 .debug_ranges  0x000002a0       0x70 ./PERIPHER/Sources/gw1ns2k_timer.o
 .debug_ranges  0x00000310       0xb0 ./PERIPHER/Sources/gw1ns2k_uart.o

.debug_macro    0x00000000     0x3a90
 .debug_macro   0x00000000      0x1d2 ./broadkey/src/broadkey_demo_app.o
 .debug_macro   0x000001d2      0x868 ./broadkey/src/broadkey_demo_app.o
 .debug_macro   0x00000a3a       0x1c ./broadkey/src/broadkey_demo_app.o
 .debug_macro   0x00000a56       0x22 ./broadkey/src/broadkey_demo_app.o
 .debug_macro   0x00000a78       0x87 ./broadkey/src/broadkey_demo_app.o
 .debug_macro   0x00000aff       0x44 ./broadkey/src/broadkey_demo_app.o
 .debug_macro   0x00000b43       0xfd ./broadkey/src/broadkey_demo_app.o
 .debug_macro   0x00000c40       0x5e ./broadkey/src/broadkey_demo_app.o
 .debug_macro   0x00000c9e      0x1df ./broadkey/src/broadkey_demo_app.o
 .debug_macro   0x00000e7d       0x22 ./broadkey/src/broadkey_demo_app.o
 .debug_macro   0x00000e9f       0x19 ./broadkey/src/broadkey_demo_app.o
 .debug_macro   0x00000eb8       0x46 ./broadkey/src/broadkey_demo_app.o
 .debug_macro   0x00000efe       0x7c ./broadkey/src/broadkey_demo_app.o
 .debug_macro   0x00000f7a       0x52 ./broadkey/src/broadkey_demo_app.o
 .debug_macro   0x00000fcc       0x35 ./broadkey/src/broadkey_demo_app.o
 .debug_macro   0x00001001       0x9c ./broadkey/src/broadkey_demo_app.o
 .debug_macro   0x0000109d       0x16 ./broadkey/src/broadkey_demo_app.o
 .debug_macro   0x000010b3      0x10e ./broadkey/src/broadkey_demo_app.o
 .debug_macro   0x000011c1       0x8d ./broadkey/src/broadkey_demo_app.o
 .debug_macro   0x0000124e       0x52 ./broadkey/src/broadkey_demo_app.o
 .debug_macro   0x000012a0       0x1f ./broadkey/src/broadkey_demo_app.o
 .debug_macro   0x000012bf       0x43 ./broadkey/src/broadkey_demo_app.o
 .debug_macro   0x00001302       0x20 ./broadkey/src/broadkey_demo_app.o
 .debug_macro   0x00001322      0x187 ./broadkey/src/broadkey_demo_app.o
 .debug_macro   0x000014a9      0x30d ./broadkey/src/broadkey_demo_app.o
 .debug_macro   0x000017b6       0x16 ./broadkey/src/broadkey_demo_app.o
 .debug_macro   0x000017cc       0x29 ./broadkey/src/broadkey_demo_app.o
 .debug_macro   0x000017f5       0x22 ./broadkey/src/broadkey_demo_app.o
 .debug_macro   0x00001817      0x7d5 ./broadkey/src/broadkey_demo_app.o
 .debug_macro   0x00001fec      0x45d ./broadkey/src/broadkey_demo_app.o
 .debug_macro   0x00002449       0x76 ./broadkey/src/broadkey_demo_app.o
 .debug_macro   0x000024bf       0xa6 ./broadkey/src/iid_print.o
 .debug_macro   0x00002565       0xe8 ./broadkey/src/iid_usart.o
 .debug_macro   0x0000264d       0x22 ./broadkey/src/iid_usart.o
 .debug_macro   0x0000266f      0x7b7 ./broadkey/src/iid_usart.o
 .debug_macro   0x00002e26       0xb9 ./USER/gw1ns2k_it.o
 .debug_macro   0x00002edf      0x26c ./USER/main.o
 .debug_macro   0x0000314b      0x174 ./USER/main.o
 .debug_macro   0x000032bf       0x10 ./USER/main.o
 .debug_macro   0x000032cf       0x35 ./USER/main.o
 .debug_macro   0x00003304       0x1c ./USER/main.o
 .debug_macro   0x00003320       0x10 ./USER/main.o
 .debug_macro   0x00003330       0x10 ./USER/main.o
 .debug_macro   0x00003340       0x1c ./USER/main.o
 .debug_macro   0x0000335c       0x52 ./USER/main.o
 .debug_macro   0x000033ae       0x40 ./USER/main.o
 .debug_macro   0x000033ee       0x10 ./USER/main.o
 .debug_macro   0x000033fe       0x40 ./USER/main.o
 .debug_macro   0x0000343e       0xd7 ./USER/main.o
 .debug_macro   0x00003515       0x16 ./USER/main.o
 .debug_macro   0x0000352b      0x189 ./USER/main.o
 .debug_macro   0x000036b4       0x70 ./USER/main.o
 .debug_macro   0x00003724       0xbb ./SYSTEM/system_gw1ns2k.o
 .debug_macro   0x000037df       0xbe ./PERIPHER/Sources/gw1ns2k_gpio.o
 .debug_macro   0x0000389d       0x6a ./PERIPHER/Sources/gw1ns2k_gpio.o
 .debug_macro   0x00003907       0xbe ./PERIPHER/Sources/gw1ns2k_timer.o
 .debug_macro   0x000039c5       0x1c ./PERIPHER/Sources/gw1ns2k_timer.o
 .debug_macro   0x000039e1       0xaf ./PERIPHER/Sources/gw1ns2k_uart.o

.debug_line     0x00000000     0x39cb
 .debug_line    0x00000000      0xb0f ./broadkey/src/broadkey_demo_app.o
 .debug_line    0x00000b0f      0x492 ./broadkey/src/iid_print.o
 .debug_line    0x00000fa1      0x55e ./broadkey/src/iid_usart.o
 .debug_line    0x000014ff      0x576 ./USER/gw1ns2k_it.o
 .debug_line    0x00001a75      0x820 ./USER/main.o
 .debug_line    0x00002295      0x4a7 ./SYSTEM/system_gw1ns2k.o
 .debug_line    0x0000273c       0x97 ./STARTUP/startup_gw1ns2k.o
 .debug_line    0x000027d3      0x647 ./PERIPHER/Sources/gw1ns2k_gpio.o
 .debug_line    0x00002e1a      0x587 ./PERIPHER/Sources/gw1ns2k_timer.o
 .debug_line    0x000033a1      0x62a ./PERIPHER/Sources/gw1ns2k_uart.o

.debug_str      0x00000000     0xd3e6
 .debug_str     0x00000000     0xb455 ./broadkey/src/broadkey_demo_app.o
                               0xb74d (size before relaxing)
 .debug_str     0x0000b455       0xc8 ./broadkey/src/iid_print.o
                               0x35bb (size before relaxing)
 .debug_str     0x0000b51d      0x149 ./broadkey/src/iid_usart.o
                               0x809d (size before relaxing)
 .debug_str     0x0000b666      0x104 ./USER/gw1ns2k_it.o
                               0x7ec5 (size before relaxing)
 .debug_str     0x0000b76a     0x15a1 ./USER/main.o
                               0xc0aa (size before relaxing)
 .debug_str     0x0000cd0b       0x8d ./SYSTEM/system_gw1ns2k.o
                               0x7e62 (size before relaxing)
 .debug_str     0x0000cd98      0x25a ./PERIPHER/Sources/gw1ns2k_gpio.o
                               0x835e (size before relaxing)
 .debug_str     0x0000cff2      0x1dc ./PERIPHER/Sources/gw1ns2k_timer.o
                               0x803f (size before relaxing)
 .debug_str     0x0000d1ce      0x218 ./PERIPHER/Sources/gw1ns2k_uart.o
                               0x8129 (size before relaxing)

.debug_frame    0x00000000     0x1a08
 .debug_frame   0x00000000      0x338 ./broadkey/src/broadkey_demo_app.o
 .debug_frame   0x00000338      0x158 ./broadkey/src/iid_print.o
 .debug_frame   0x00000490       0x80 ./broadkey/src/iid_usart.o
 .debug_frame   0x00000510      0x1b0 ./USER/gw1ns2k_it.o
 .debug_frame   0x000006c0      0x15c ./USER/main.o
 .debug_frame   0x0000081c       0x50 ./SYSTEM/system_gw1ns2k.o
 .debug_frame   0x0000086c      0x330 ./PERIPHER/Sources/gw1ns2k_gpio.o
 .debug_frame   0x00000b9c      0x218 ./PERIPHER/Sources/gw1ns2k_timer.o
 .debug_frame   0x00000db4      0x354 ./PERIPHER/Sources/gw1ns2k_uart.o
 .debug_frame   0x00001108       0x28 c:/gowin/eclipse_tools_181108a/eclipse_tools_181108a/eclipse_tools/tools/gnu tools arm embedded/5.4 2016q2/bin/../lib/gcc/arm-none-eabi/5.4.1/../../../../arm-none-eabi/lib/armv7-m\libg.a(lib_a-exit.o)
 .debug_frame   0x00001130       0x38 c:/gowin/eclipse_tools_181108a/eclipse_tools_181108a/eclipse_tools/tools/gnu tools arm embedded/5.4 2016q2/bin/../lib/gcc/arm-none-eabi/5.4.1/../../../../arm-none-eabi/lib/armv7-m\libg.a(lib_a-memcmp.o)
 .debug_frame   0x00001168       0x34 c:/gowin/eclipse_tools_181108a/eclipse_tools_181108a/eclipse_tools/tools/gnu tools arm embedded/5.4 2016q2/bin/../lib/gcc/arm-none-eabi/5.4.1/../../../../arm-none-eabi/lib/armv7-m\libg.a(lib_a-memset.o)
 .debug_frame   0x0000119c       0x84 c:/gowin/eclipse_tools_181108a/eclipse_tools_181108a/eclipse_tools/tools/gnu tools arm embedded/5.4 2016q2/bin/../lib/gcc/arm-none-eabi/5.4.1/../../../../arm-none-eabi/lib/armv7-m\libg.a(lib_a-sprintf.o)
 .debug_frame   0x00001220       0x34 c:/gowin/eclipse_tools_181108a/eclipse_tools_181108a/eclipse_tools/tools/gnu tools arm embedded/5.4 2016q2/bin/../lib/gcc/arm-none-eabi/5.4.1/../../../../arm-none-eabi/lib/armv7-m\libg.a(lib_a-strcmp.o)
 .debug_frame   0x00001254       0x44 c:/gowin/eclipse_tools_181108a/eclipse_tools_181108a/eclipse_tools/tools/gnu tools arm embedded/5.4 2016q2/bin/../lib/gcc/arm-none-eabi/5.4.1/../../../../arm-none-eabi/lib/armv7-m\libg.a(lib_a-svfprintf.o)
 .debug_frame   0x00001298       0x50 c:/gowin/eclipse_tools_181108a/eclipse_tools_181108a/eclipse_tools/tools/gnu tools arm embedded/5.4 2016q2/bin/../lib/gcc/arm-none-eabi/5.4.1/../../../../arm-none-eabi/lib/armv7-m\libg.a(lib_a-__call_atexit.o)
 .debug_frame   0x000012e8       0x84 c:/gowin/eclipse_tools_181108a/eclipse_tools_181108a/eclipse_tools/tools/gnu tools arm embedded/5.4 2016q2/bin/../lib/gcc/arm-none-eabi/5.4.1/../../../../arm-none-eabi/lib/armv7-m\libg.a(lib_a-dtoa.o)
 .debug_frame   0x0000136c       0x9c c:/gowin/eclipse_tools_181108a/eclipse_tools_181108a/eclipse_tools/tools/gnu tools arm embedded/5.4 2016q2/bin/../lib/gcc/arm-none-eabi/5.4.1/../../../../arm-none-eabi/lib/armv7-m\libg.a(lib_a-locale.o)
 .debug_frame   0x00001408       0x54 c:/gowin/eclipse_tools_181108a/eclipse_tools_181108a/eclipse_tools/tools/gnu tools arm embedded/5.4 2016q2/bin/../lib/gcc/arm-none-eabi/5.4.1/../../../../arm-none-eabi/lib/armv7-m\libg.a(lib_a-mallocr.o)
 .debug_frame   0x0000145c       0x34 c:/gowin/eclipse_tools_181108a/eclipse_tools_181108a/eclipse_tools/tools/gnu tools arm embedded/5.4 2016q2/bin/../lib/gcc/arm-none-eabi/5.4.1/../../../../arm-none-eabi/lib/armv7-m\libg.a(lib_a-memchr-stub.o)
 .debug_frame   0x00001490       0x30 c:/gowin/eclipse_tools_181108a/eclipse_tools_181108a/eclipse_tools/tools/gnu tools arm embedded/5.4 2016q2/bin/../lib/gcc/arm-none-eabi/5.4.1/../../../../arm-none-eabi/lib/armv7-m\libg.a(lib_a-mlock.o)
 .debug_frame   0x000014c0      0x264 c:/gowin/eclipse_tools_181108a/eclipse_tools_181108a/eclipse_tools/tools/gnu tools arm embedded/5.4 2016q2/bin/../lib/gcc/arm-none-eabi/5.4.1/../../../../arm-none-eabi/lib/armv7-m\libg.a(lib_a-mprec.o)
 .debug_frame   0x00001724       0x2c c:/gowin/eclipse_tools_181108a/eclipse_tools_181108a/eclipse_tools/tools/gnu tools arm embedded/5.4 2016q2/bin/../lib/gcc/arm-none-eabi/5.4.1/../../../../arm-none-eabi/lib/armv7-m\libg.a(lib_a-sbrkr.o)
 .debug_frame   0x00001750       0x20 c:/gowin/eclipse_tools_181108a/eclipse_tools_181108a/eclipse_tools/tools/gnu tools arm embedded/5.4 2016q2/bin/../lib/gcc/arm-none-eabi/5.4.1/../../../../arm-none-eabi/lib/armv7-m\libg.a(lib_a-strlen-stub.o)
 .debug_frame   0x00001770       0x78 c:/gowin/eclipse_tools_181108a/eclipse_tools_181108a/eclipse_tools/tools/gnu tools arm embedded/5.4 2016q2/bin/../lib/gcc/arm-none-eabi/5.4.1/../../../../arm-none-eabi/lib/armv7-m\libg.a(lib_a-svfiprintf.o)
 .debug_frame   0x000017e8       0x28 c:/gowin/eclipse_tools_181108a/eclipse_tools_181108a/eclipse_tools/tools/gnu tools arm embedded/5.4 2016q2/bin/../lib/gcc/arm-none-eabi/5.4.1/../../../../arm-none-eabi/lib/armv7-m\libg.a(lib_a-callocr.o)
 .debug_frame   0x00001810       0x74 c:/gowin/eclipse_tools_181108a/eclipse_tools_181108a/eclipse_tools/tools/gnu tools arm embedded/5.4 2016q2/bin/../lib/gcc/arm-none-eabi/5.4.1/../../../../arm-none-eabi/lib/armv7-m\libg.a(lib_a-freer.o)
 .debug_frame   0x00001884       0x30 c:/gowin/eclipse_tools_181108a/eclipse_tools_181108a/eclipse_tools/tools/gnu tools arm embedded/5.4 2016q2/bin/../lib/gcc/arm-none-eabi/5.4.1/../../../../arm-none-eabi/lib/armv7-m\libg.a(lib_a-memmove.o)
 .debug_frame   0x000018b4       0x58 c:/gowin/eclipse_tools_181108a/eclipse_tools_181108a/eclipse_tools/tools/gnu tools arm embedded/5.4 2016q2/bin/../lib/gcc/arm-none-eabi/5.4.1/../../../../arm-none-eabi/lib/armv7-m\libg.a(lib_a-reallocr.o)
 .debug_frame   0x0000190c       0x58 c:/gowin/eclipse_tools_181108a/eclipse_tools_181108a/eclipse_tools/tools/gnu tools arm embedded/5.4 2016q2/bin/../lib/gcc/arm-none-eabi/5.4.1/../../../../arm-none-eabi/lib/armv7-m\libg.a(lib_a-reent.o)
 .debug_frame   0x00001964       0x2c c:/gowin/eclipse_tools_181108a/eclipse_tools_181108a/eclipse_tools/tools/gnu tools arm embedded/5.4 2016q2/bin/../lib/gcc/arm-none-eabi/5.4.1/armv7-m\libgcc.a(_aeabi_uldivmod.o)
 .debug_frame   0x00001990       0x38 c:/gowin/eclipse_tools_181108a/eclipse_tools_181108a/eclipse_tools/tools/gnu tools arm embedded/5.4 2016q2/bin/../lib/gcc/arm-none-eabi/5.4.1/armv7-m\libgcc.a(_udivmoddi4.o)
 .debug_frame   0x000019c8       0x20 c:/gowin/eclipse_tools_181108a/eclipse_tools_181108a/eclipse_tools/tools/gnu tools arm embedded/5.4 2016q2/bin/../lib/gcc/arm-none-eabi/5.4.1/../../../../arm-none-eabi/lib/armv7-m\libnosys.a(sbrk.o)
 .debug_frame   0x000019e8       0x20 c:/gowin/eclipse_tools_181108a/eclipse_tools_181108a/eclipse_tools/tools/gnu tools arm embedded/5.4 2016q2/bin/../lib/gcc/arm-none-eabi/5.4.1/../../../../arm-none-eabi/lib/armv7-m\libnosys.a(_exit.o)
