Archive member included to satisfy reference by file (symbol)

c:/gowin/eclipse_tools_181108a/eclipse_tools_181108a/eclipse_tools/tools/gnu tools arm embedded/5.4 2016q2/bin/../lib/gcc/arm-none-eabi/5.4.1/../../../../arm-none-eabi/lib/armv7-m\libg.a(lib_a-exit.o)
                              c:/gowin/eclipse_tools_181108a/eclipse_tools_181108a/eclipse_tools/tools/gnu tools arm embedded/5.4 2016q2/bin/../lib/gcc/arm-none-eabi/5.4.1/../../../../arm-none-eabi/lib/armv7-m/crt0.o (exit)
c:/gowin/eclipse_tools_181108a/eclipse_tools_181108a/eclipse_tools/tools/gnu tools arm embedded/5.4 2016q2/bin/../lib/gcc/arm-none-eabi/5.4.1/../../../../arm-none-eabi/lib/armv7-m\libg.a(lib_a-impure.o)
                              c:/gowin/eclipse_tools_181108a/eclipse_tools_181108a/eclipse_tools/tools/gnu tools arm embedded/5.4 2016q2/bin/../lib/gcc/arm-none-eabi/5.4.1/../../../../arm-none-eabi/lib/armv7-m\libg.a(lib_a-exit.o) (_global_impure_ptr)
c:/gowin/eclipse_tools_181108a/eclipse_tools_181108a/eclipse_tools/tools/gnu tools arm embedded/5.4 2016q2/bin/../lib/gcc/arm-none-eabi/5.4.1/../../../../arm-none-eabi/lib/armv7-m\libg.a(lib_a-init.o)
                              c:/gowin/eclipse_tools_181108a/eclipse_tools_181108a/eclipse_tools/tools/gnu tools arm embedded/5.4 2016q2/bin/../lib/gcc/arm-none-eabi/5.4.1/../../../../arm-none-eabi/lib/armv7-m/crt0.o (__libc_init_array)
c:/gowin/eclipse_tools_181108a/eclipse_tools_181108a/eclipse_tools/tools/gnu tools arm embedded/5.4 2016q2/bin/../lib/gcc/arm-none-eabi/5.4.1/../../../../arm-none-eabi/lib/armv7-m\libg.a(lib_a-memset.o)
                              c:/gowin/eclipse_tools_181108a/eclipse_tools_181108a/eclipse_tools/tools/gnu tools arm embedded/5.4 2016q2/bin/../lib/gcc/arm-none-eabi/5.4.1/../../../../arm-none-eabi/lib/armv7-m/crt0.o (memset)
c:/gowin/eclipse_tools_181108a/eclipse_tools_181108a/eclipse_tools/tools/gnu tools arm embedded/5.4 2016q2/bin/../lib/gcc/arm-none-eabi/5.4.1/../../../../arm-none-eabi/lib/armv7-m\libg.a(lib_a-strcmp.o)
                              ./USER/main.o (strcmp)
c:/gowin/eclipse_tools_181108a/eclipse_tools_181108a/eclipse_tools/tools/gnu tools arm embedded/5.4 2016q2/bin/../lib/gcc/arm-none-eabi/5.4.1/../../../../arm-none-eabi/lib/armv7-m\libg.a(lib_a-__call_atexit.o)
                              c:/gowin/eclipse_tools_181108a/eclipse_tools_181108a/eclipse_tools/tools/gnu tools arm embedded/5.4 2016q2/bin/../lib/gcc/arm-none-eabi/5.4.1/../../../../arm-none-eabi/lib/armv7-m\libg.a(lib_a-exit.o) (__call_exitprocs)
c:/gowin/eclipse_tools_181108a/eclipse_tools_181108a/eclipse_tools/tools/gnu tools arm embedded/5.4 2016q2/bin/../lib/gcc/arm-none-eabi/5.4.1/../../../../arm-none-eabi/lib/armv7-m\libg.a(lib_a-atexit.o)
                              c:/gowin/eclipse_tools_181108a/eclipse_tools_181108a/eclipse_tools/tools/gnu tools arm embedded/5.4 2016q2/bin/../lib/gcc/arm-none-eabi/5.4.1/../../../../arm-none-eabi/lib/armv7-m\libg.a(lib_a-__call_atexit.o) (atexit)
c:/gowin/eclipse_tools_181108a/eclipse_tools_181108a/eclipse_tools/tools/gnu tools arm embedded/5.4 2016q2/bin/../lib/gcc/arm-none-eabi/5.4.1/../../../../arm-none-eabi/lib/armv7-m\libg.a(lib_a-fini.o)
                              c:/gowin/eclipse_tools_181108a/eclipse_tools_181108a/eclipse_tools/tools/gnu tools arm embedded/5.4 2016q2/bin/../lib/gcc/arm-none-eabi/5.4.1/../../../../arm-none-eabi/lib/armv7-m\libg.a(lib_a-__call_atexit.o) (__libc_fini_array)
c:/gowin/eclipse_tools_181108a/eclipse_tools_181108a/eclipse_tools/tools/gnu tools arm embedded/5.4 2016q2/bin/../lib/gcc/arm-none-eabi/5.4.1/../../../../arm-none-eabi/lib/armv7-m\libg.a(lib_a-__atexit.o)
                              c:/gowin/eclipse_tools_181108a/eclipse_tools_181108a/eclipse_tools/tools/gnu tools arm embedded/5.4 2016q2/bin/../lib/gcc/arm-none-eabi/5.4.1/../../../../arm-none-eabi/lib/armv7-m\libg.a(lib_a-atexit.o) (__register_exitproc)
c:/gowin/eclipse_tools_181108a/eclipse_tools_181108a/eclipse_tools/tools/gnu tools arm embedded/5.4 2016q2/bin/../lib/gcc/arm-none-eabi/5.4.1/../../../../arm-none-eabi/lib/armv7-m\libnosys.a(_exit.o)
                              c:/gowin/eclipse_tools_181108a/eclipse_tools_181108a/eclipse_tools/tools/gnu tools arm embedded/5.4 2016q2/bin/../lib/gcc/arm-none-eabi/5.4.1/../../../../arm-none-eabi/lib/armv7-m\libg.a(lib_a-exit.o) (_exit)

Allocating common symbols
Common symbol       size              file

buff                0x14              ./USER/main.o
counter             0x4               ./USER/main.o

Discarded input sections

 .text          0x00000000        0x0 c:/gowin/eclipse_tools_181108a/eclipse_tools_181108a/eclipse_tools/tools/gnu tools arm embedded/5.4 2016q2/bin/../lib/gcc/arm-none-eabi/5.4.1/armv7-m/crti.o
 .data          0x00000000        0x0 c:/gowin/eclipse_tools_181108a/eclipse_tools_181108a/eclipse_tools/tools/gnu tools arm embedded/5.4 2016q2/bin/../lib/gcc/arm-none-eabi/5.4.1/armv7-m/crti.o
[...]
Memory Configuration

Name             Origin             Length             Attributes
FLASH            0x00000000         0x00020000         xr
RAM              0x20000000         0x00002000         xrw
*default*        0x00000000         0xffffffff

Linker script and memory map

LOAD c:/gowin/eclipse_tools_181108a/eclipse_tools_181108a/eclipse_tools/tools/gnu tools arm embedded/5.4 2016q2/bin/../lib/gcc/arm-none-eabi/5.4.1/armv7-m/crti.o
LOAD c:/gowin/eclipse_tools_181108a/eclipse_tools_181108a/eclipse_tools/tools/gnu tools arm embedded/5.4 2016q2/bin/../lib/gcc/arm-none-eabi/5.4.1/armv7-m/crtbegin.o
LOAD c:/gowin/eclipse_tools_181108a/eclipse_tools_181108a/eclipse_tools/tools/gnu tools arm embedded/5.4 2016q2/bin/../lib/gcc/arm-none-eabi/5.4.1/../../../../arm-none-eabi/lib/armv7-m/crt0.o
LOAD ./USER/gw1ns2c_it.o
LOAD ./USER/main.o
LOAD ./SYSTEM/system_gw1ns2c.o
LOAD ./STARTUP/startup_gw1ns2c.o
LOAD ./PERIPHER/Sources/gw1ns2c_adc.o
LOAD ./PERIPHER/Sources/gw1ns2c_gpio.o
LOAD ./PERIPHER/Sources/gw1ns2c_imonitor.o
LOAD ./PERIPHER/Sources/gw1ns2c_lcd1602.o
LOAD ./PERIPHER/Sources/gw1ns2c_misc.o
LOAD ./PERIPHER/Sources/gw1ns2c_spi.o
LOAD ./PERIPHER/Sources/gw1ns2c_syscon.o
LOAD ./PERIPHER/Sources/gw1ns2c_timer.o
LOAD ./PERIPHER/Sources/gw1ns2c_uart.o
LOAD ./PERIPHER/Sources/gw1ns2c_wdog.o
LOAD ./CORE/core_cm3.o
START GROUP
LOAD c:/gowin/eclipse_tools_181108a/eclipse_tools_181108a/eclipse_tools/tools/gnu tools arm embedded/5.4 2016q2/bin/../lib/gcc/arm-none-eabi/5.4.1/armv7-m\libgcc.a
LOAD c:/gowin/eclipse_tools_181108a/eclipse_tools_181108a/eclipse_tools/tools/gnu tools arm embedded/5.4 2016q2/bin/../lib/gcc/arm-none-eabi/5.4.1/../../../../arm-none-eabi/lib/armv7-m\libg.a
LOAD c:/gowin/eclipse_tools_181108a/eclipse_tools_181108a/eclipse_tools/tools/gnu tools arm embedded/5.4 2016q2/bin/../lib/gcc/arm-none-eabi/5.4.1/../../../../arm-none-eabi/lib/armv7-m\libc.a
END GROUP
LOAD c:/gowin/eclipse_tools_181108a/eclipse_tools_181108a/eclipse_tools/tools/gnu tools arm embedded/5.4 2016q2/bin/../lib/gcc/arm-none-eabi/5.4.1/armv7-m/crtend.o
LOAD c:/gowin/eclipse_tools_181108a/eclipse_tools_181108a/eclipse_tools/tools/gnu tools arm embedded/5.4 2016q2/bin/../lib/gcc/arm-none-eabi/5.4.1/armv7-m/crtn.o
START GROUP
LOAD c:/gowin/eclipse_tools_181108a/eclipse_tools_181108a/eclipse_tools/tools/gnu tools arm embedded/5.4 2016q2/bin/../lib/gcc/arm-none-eabi/5.4.1/armv7-m\libgcc.a
LOAD c:/gowin/eclipse_tools_181108a/eclipse_tools_181108a/eclipse_tools/tools/gnu tools arm embedded/5.4 2016q2/bin/../lib/gcc/arm-none-eabi/5.4.1/../../../../arm-none-eabi/lib/armv7-m\libc.a
LOAD c:/gowin/eclipse_tools_181108a/eclipse_tools_181108a/eclipse_tools/tools/gnu tools arm embedded/5.4 2016q2/bin/../lib/gcc/arm-none-eabi/5.4.1/../../../../arm-none-eabi/lib/armv7-m\libm.a
LOAD c:/gowin/eclipse_tools_181108a/eclipse_tools_181108a/eclipse_tools/tools/gnu tools arm embedded/5.4 2016q2/bin/../lib/gcc/arm-none-eabi/5.4.1/../../../../arm-none-eabi/lib/armv7-m\libnosys.a
END GROUP

.text           0x00000000     0x1bc4
 *(.isr_vector)
 .isr_vector    0x00000000       0xc0 ./STARTUP/startup_gw1ns2c.o
                0x00000000                __isr_vector
 *(.text*)
 .text.NMI_Handler
                0x000000c0        0xc ./USER/gw1ns2c_it.o
                0x000000c0                NMI_Handler
 .text.HardFault_Handler
                0x000000cc        0x8 ./USER/gw1ns2c_it.o
                0x000000cc                HardFault_Handler
 .text.MemManage_Handler
                0x000000d4        0x8 ./USER/gw1ns2c_it.o
                0x000000d4                MemManage_Handler
 .text.BusFault_Handler
                0x000000dc        0x8 ./USER/gw1ns2c_it.o
                0x000000dc                BusFault_Handler
 .text.UsageFault_Handler
                0x000000e4        0x8 ./USER/gw1ns2c_it.o
                0x000000e4                UsageFault_Handler
 .text.SVC_Handler
                0x000000ec        0xc ./USER/gw1ns2c_it.o
                0x000000ec                SVC_Handler
 .text.DebugMon_Handler
                0x000000f8        0xc ./USER/gw1ns2c_it.o
                0x000000f8                DebugMon_Handler
 .text.PendSV_Handler
                0x00000104        0xc ./USER/gw1ns2c_it.o
                0x00000104                PendSV_Handler
 .text.SysTick_Handler
                0x00000110        0xc ./USER/gw1ns2c_it.o
                0x00000110                SysTick_Handler
 .text.USER_INT0_Handler
                0x0000011c        0xc ./USER/gw1ns2c_it.o
                0x0000011c                USER_INT0_Handler
 .text.USER_INT1_Handler
                0x00000128        0xc ./USER/gw1ns2c_it.o
                0x00000128                USER_INT1_Handler
 .text.UART0_Handler
                0x00000134        0xc ./USER/gw1ns2c_it.o
                0x00000134                UART0_Handler
 .text.UART1_Handler
                0x00000140        0xc ./USER/gw1ns2c_it.o
                0x00000140                UART1_Handler
 .text.TIMER1_Handler
                0x0000014c        0xc ./USER/gw1ns2c_it.o
                0x0000014c                TIMER1_Handler
 .text.NVIC_EnableIRQ
                0x00000158       0x30 ./USER/main.o
 .text.main     0x00000188      0x1e0 ./USER/main.o
                0x00000188                main
 .text.UartInit
                0x00000368       0x3c ./USER/main.o
                0x00000368                UartInit
 .text.TimerInit
                0x000003a4       0x70 ./USER/main.o
                0x000003a4                TimerInit
 .text.TIMER0_Handler
                0x00000414       0x2c ./USER/main.o
                0x00000414                TIMER0_Handler
 .text.SystemInit
                0x00000440       0x40 ./SYSTEM/system_gw1ns2c.o
                0x00000440                SystemInit
 .text          0x00000480       0x98 ./STARTUP/startup_gw1ns2c.o
                0x00000480                Reset_Handler
                0x000004dc                Spare1_Handler
                0x000004e0                Spare3_Handler
                0x000004e2                Spare4_Handler
                0x000004e4                PORT0_COMB_Handler
                0x000004e6                Spare7_Handler
                0x000004ec                Spare11_Handler
                0x000004ee                UARTOVF_Handler
                0x000004f4                Spare15_Handler
                0x000004f6                PORT0_0_Handler
                0x000004f8                PORT0_1_Handler
                0x000004fa                PORT0_2_Handler
                0x000004fc                PORT0_3_Handler
                0x000004fe                PORT0_4_Handler
                0x00000500                PORT0_5_Handler
                0x00000502                PORT0_6_Handler
                0x00000504                PORT0_7_Handler
                0x00000506                PORT0_8_Handler
                0x00000508                PORT0_9_Handler
                0x0000050a                PORT0_10_Handler
                0x0000050c                PORT0_11_Handler
                0x0000050e                PORT0_12_Handler
                0x00000510                PORT0_13_Handler
                0x00000512                PORT0_14_Handler
                0x00000514                PORT0_15_Handler
 .text.TIMER_StartTimer
                0x00000518       0x20 ./PERIPHER/Sources/gw1ns2c_timer.o
                0x00000518                TIMER_StartTimer
 .text.TIMER_GetIRQStatus
                0x00000538       0x18 ./PERIPHER/Sources/gw1ns2c_timer.o
                0x00000538                TIMER_GetIRQStatus
 .text.TIMER_ClearIRQ
                0x00000550       0x18 ./PERIPHER/Sources/gw1ns2c_timer.o
                0x00000550                TIMER_ClearIRQ
 .text.TIMER_EnableIRQ
                0x00000568       0x20 ./PERIPHER/Sources/gw1ns2c_timer.o
                0x00000568                TIMER_EnableIRQ
 .text.UART_Init
                0x00000588       0xd8 ./PERIPHER/Sources/gw1ns2c_uart.o
                0x00000588                UART_Init
 .text.UART_SendChar
                0x00000660       0x2c ./PERIPHER/Sources/gw1ns2c_uart.o
                0x00000660                UART_SendChar
 .text.UART_SendString
                0x0000068c       0x3c ./PERIPHER/Sources/gw1ns2c_uart.o
                0x0000068c                UART_SendString
 .text.UART_ReceiveChar
                0x000006c8       0x28 ./PERIPHER/Sources/gw1ns2c_uart.o
                0x000006c8                UART_ReceiveChar
 .text.exit     0x000006f0       0x20 c:/gowin/eclipse_tools_181108a/eclipse_tools_181108a/eclipse_tools/tools/gnu tools arm embedded/5.4 2016q2/bin/../lib/gcc/arm-none-eabi/5.4.1/../../../../arm-none-eabi/lib/armv7-m\libg.a(lib_a-exit.o)
                0x000006f0                exit
 .text          0x00000710      0x1bc c:/gowin/eclipse_tools_181108a/eclipse_tools_181108a/eclipse_tools/tools/gnu tools arm embedded/5.4 2016q2/bin/../lib/gcc/arm-none-eabi/5.4.1/../../../../arm-none-eabi/lib/armv7-m\libg.a(lib_a-strcmp.o)
                0x00000710                strcmp
 .text.__call_exitprocs
                0x000008cc       0xd8 c:/gowin/eclipse_tools_181108a/eclipse_tools_181108a/eclipse_tools/tools/gnu tools arm embedded/5.4 2016q2/bin/../lib/gcc/arm-none-eabi/5.4.1/../../../../arm-none-eabi/lib/armv7-m\libg.a(lib_a-__call_atexit.o)
                0x000008cc                __call_exitprocs
 .text._exit    0x000009a4        0x4 c:/gowin/eclipse_tools_181108a/eclipse_tools_181108a/eclipse_tools/tools/gnu tools arm embedded/5.4 2016q2/bin/../lib/gcc/arm-none-eabi/5.4.1/../../../../arm-none-eabi/lib/armv7-m\libnosys.a(_exit.o)
                0x000009a4                _exit
 *(.init)
 .init          0x000009a8        0x4 c:/gowin/eclipse_tools_181108a/eclipse_tools_181108a/eclipse_tools/tools/gnu tools arm embedded/5.4 2016q2/bin/../lib/gcc/arm-none-eabi/5.4.1/armv7-m/crti.o
                0x000009a8                _init
 *(.fini)
 .fini          0x000009ac        0x4 c:/gowin/eclipse_tools_181108a/eclipse_tools_181108a/eclipse_tools/tools/gnu tools arm embedded/5.4 2016q2/bin/../lib/gcc/arm-none-eabi/5.4.1/armv7-m/crti.o
                0x000009ac                _fini
 *crtbegin.o(.ctors)
 *crtbegin?.o(.ctors)
 *(EXCLUDE_FILE(*crtend.o *crtend?.o) .ctors)
 *(SORT(.ctors.*))
 *(.ctors)
 *crtbegin.o(.dtors)
 *crtbegin?.o(.dtors)
 *(EXCLUDE_FILE(*crtend.o *crtend?.o) .dtors)
 *(SORT(.dtors.*))
 *(.dtors)
 *(.rodata*)
 .rodata        0x000009b0     0x1209 ./USER/main.o
 *fill*         0x00001bb9        0x3 
 .rodata.str1.4
                0x00001bbc        0x4 c:/gowin/eclipse_tools_181108a/eclipse_tools_181108a/eclipse_tools/tools/gnu tools arm embedded/5.4 2016q2/bin/../lib/gcc/arm-none-eabi/5.4.1/../../../../arm-none-eabi/lib/armv7-m\libg.a(lib_a-impure.o)
                                  0x2 (size before relaxing)
 .rodata._global_impure_ptr
                0x00001bc0        0x4 c:/gowin/eclipse_tools_181108a/eclipse_tools_181108a/eclipse_tools/tools/gnu tools arm embedded/5.4 2016q2/bin/../lib/gcc/arm-none-eabi/5.4.1/../../../../arm-none-eabi/lib/armv7-m\libg.a(lib_a-impure.o)
                0x00001bc0                _global_impure_ptr
 *(.eh_frame*)

.glue_7         0x00001bc4        0x0
 .glue_7        0x00001bc4        0x0 linker stubs

.glue_7t        0x00001bc4        0x0
 .glue_7t       0x00001bc4        0x0 linker stubs

.vfp11_veneer   0x00001bc4        0x0
 .vfp11_veneer  0x00001bc4        0x0 linker stubs

.v4_bx          0x00001bc4        0x0
 .v4_bx         0x00001bc4        0x0 linker stubs

.iplt           0x00001bc4        0x0
 .iplt          0x00001bc4        0x0 c:/gowin/eclipse_tools_181108a/eclipse_tools_181108a/eclipse_tools/tools/gnu tools arm embedded/5.4 2016q2/bin/../lib/gcc/arm-none-eabi/5.4.1/armv7-m/crtbegin.o

.rel.dyn        0x00001bc4        0x0
 .rel.iplt      0x00001bc4        0x0 c:/gowin/eclipse_tools_181108a/eclipse_tools_181108a/eclipse_tools/tools/gnu tools arm embedded/5.4 2016q2/bin/../lib/gcc/arm-none-eabi/5.4.1/armv7-m/crtbegin.o

.ARM.extab
 *(.ARM.extab* .gnu.linkonce.armextab.*)
                0x00001bc4                __exidx_start = .

.ARM.exidx
 *(.ARM.exidx* .gnu.linkonce.armexidx.*)
                0x00001bc4                __exidx_end = .
                0x00001bc4                __etext = .

.data           0x20000000      0x438 load address 0x00001bc4
                0x20000000                __data_start__ = .
 *(vtable)
 *(.data*)
 .data.SystemCoreClock
                0x20000000        0x4 ./SYSTEM/system_gw1ns2c.o
                0x20000000                SystemCoreClock
 .data.PCLK1    0x20000004        0x4 ./SYSTEM/system_gw1ns2c.o
                0x20000004                PCLK1
 .data.PCLK2    0x20000008        0x4 ./SYSTEM/system_gw1ns2c.o
                0x20000008                PCLK2
 .data.HCLK     0x2000000c        0x4 ./SYSTEM/system_gw1ns2c.o
                0x2000000c                HCLK
 .data.impure_data
                0x20000010      0x428 c:/gowin/eclipse_tools_181108a/eclipse_tools_181108a/eclipse_tools/tools/gnu tools arm embedded/5.4 2016q2/bin/../lib/gcc/arm-none-eabi/5.4.1/../../../../arm-none-eabi/lib/armv7-m\libg.a(lib_a-impure.o)
                0x20000438                . = ALIGN (0x4)
                0x20000438                PROVIDE (__preinit_array_start, .)
 *(.preinit_array)
                0x20000438                PROVIDE (__preinit_array_end, .)
                0x20000438                . = ALIGN (0x4)
                0x20000438                PROVIDE (__init_array_start, .)
 *(SORT(.init_array.*))
 *(.init_array)
                0x20000438                PROVIDE (__init_array_end, .)
                0x20000438                . = ALIGN (0x4)
                0x20000438                PROVIDE (__fini_array_start, .)
 *(SORT(.fini_array.*))
 *(.fini_array)
                0x20000438                PROVIDE (__fini_array_end, .)
                0x20000438                . = ALIGN (0x4)
                0x20000438                __data_end__ = .

.igot.plt       0x20000438        0x0 load address 0x00001ffc
 .igot.plt      0x20000438        0x0 c:/gowin/eclipse_tools_181108a/eclipse_tools_181108a/eclipse_tools/tools/gnu tools arm embedded/5.4 2016q2/bin/../lib/gcc/arm-none-eabi/5.4.1/armv7-m/crtbegin.o

.bss            0x20000438       0x18 load address 0x00001ffc
                0x20000438                . = ALIGN (0x4)
                0x20000438                __bss_start__ = .
 *(.bss*)
 *(COMMON)
 COMMON         0x20000438       0x18 ./USER/main.o
                0x20000438                buff
                0x2000044c                counter
                0x20000450                . = ALIGN (0x4)
                0x20000450                __bss_end__ = .

.heap           0x20000450      0x200
                0x20000450                __end__ = .
                0x20000450                end = __end__
 *(.heap*)
 .heap          0x20000450      0x200 ./STARTUP/startup_gw1ns2c.o
                0x20000450                __HeapBase
                0x20000650                __HeapLimit = .

.stack_dummy    0x20000450      0x400
 *(.stack*)
 .stack         0x20000450      0x400 ./STARTUP/startup_gw1ns2c.o
                0x20002000                __StackTop = (ORIGIN (RAM) + LENGTH (RAM))
                0x20001c00                __StackLimit = (__StackTop - SIZEOF (.stack_dummy))
                0x20002000                PROVIDE (__stack, __StackTop)
                0x00000001                ASSERT ((__StackLimit >= __HeapLimit), region RAM overflowed with stack)
OUTPUT(uart.elf elf32-littlearm)

.ARM.attributes
                0x00000000       0x29
 .ARM.attributes
                0x00000000       0x1d c:/gowin/eclipse_tools_181108a/eclipse_tools_181108a/eclipse_tools/tools/gnu tools arm embedded/5.4 2016q2/bin/../lib/gcc/arm-none-eabi/5.4.1/armv7-m/crti.o
 .ARM.attributes
                0x0000001d       0x33 ./USER/gw1ns2c_it.o
 .ARM.attributes
                0x00000050       0x33 ./USER/main.o
 .ARM.attributes
                0x00000083       0x33 ./SYSTEM/system_gw1ns2c.o
 .ARM.attributes
                0x000000b6       0x1b ./STARTUP/startup_gw1ns2c.o
 .ARM.attributes
                0x000000d1       0x33 ./PERIPHER/Sources/gw1ns2c_timer.o
 .ARM.attributes
                0x00000104       0x33 ./PERIPHER/Sources/gw1ns2c_uart.o
 .ARM.attributes
                0x00000137       0x2d c:/gowin/eclipse_tools_181108a/eclipse_tools_181108a/eclipse_tools/tools/gnu tools arm embedded/5.4 2016q2/bin/../lib/gcc/arm-none-eabi/5.4.1/../../../../arm-none-eabi/lib/armv7-m\libg.a(lib_a-exit.o)
 .ARM.attributes
                0x00000164       0x2d c:/gowin/eclipse_tools_181108a/eclipse_tools_181108a/eclipse_tools/tools/gnu tools arm embedded/5.4 2016q2/bin/../lib/gcc/arm-none-eabi/5.4.1/../../../../arm-none-eabi/lib/armv7-m\libg.a(lib_a-impure.o)
 .ARM.attributes
                0x00000191       0x1b c:/gowin/eclipse_tools_181108a/eclipse_tools_181108a/eclipse_tools/tools/gnu tools arm embedded/5.4 2016q2/bin/../lib/gcc/arm-none-eabi/5.4.1/../../../../arm-none-eabi/lib/armv7-m\libg.a(lib_a-strcmp.o)
 .ARM.attributes
                0x000001ac       0x2d c:/gowin/eclipse_tools_181108a/eclipse_tools_181108a/eclipse_tools/tools/gnu tools arm embedded/5.4 2016q2/bin/../lib/gcc/arm-none-eabi/5.4.1/../../../../arm-none-eabi/lib/armv7-m\libg.a(lib_a-__call_atexit.o)
 .ARM.attributes
                0x000001d9       0x2d c:/gowin/eclipse_tools_181108a/eclipse_tools_181108a/eclipse_tools/tools/gnu tools arm embedded/5.4 2016q2/bin/../lib/gcc/arm-none-eabi/5.4.1/../../../../arm-none-eabi/lib/armv7-m\libnosys.a(_exit.o)

.comment        0x00000000       0x6e
 .comment       0x00000000       0x6e ./USER/gw1ns2c_it.o
                                 0x6f (size before relaxing)
 .comment       0x0000006e       0x6f ./USER/main.o
 .comment       0x0000006e       0x6f ./SYSTEM/system_gw1ns2c.o
 .comment       0x0000006e       0x6f ./PERIPHER/Sources/gw1ns2c_timer.o
 .comment       0x0000006e       0x6f ./PERIPHER/Sources/gw1ns2c_uart.o

.debug_info     0x00000000     0x139e
 .debug_info    0x00000000      0x176 ./USER/gw1ns2c_it.o
 .debug_info    0x00000176      0x6c3 ./USER/main.o
 .debug_info    0x00000839      0x104 ./SYSTEM/system_gw1ns2c.o
 .debug_info    0x0000093d       0x97 ./STARTUP/startup_gw1ns2c.o
 .debug_info    0x000009d4      0x3d0 ./PERIPHER/Sources/gw1ns2c_timer.o
 .debug_info    0x00000da4      0x5fa ./PERIPHER/Sources/gw1ns2c_uart.o

.debug_abbrev   0x00000000      0x5b8
 .debug_abbrev  0x00000000       0x5d ./USER/gw1ns2c_it.o
 .debug_abbrev  0x0000005d      0x221 ./USER/main.o
 .debug_abbrev  0x0000027e       0x7b ./SYSTEM/system_gw1ns2c.o
 .debug_abbrev  0x000002f9       0x14 ./STARTUP/startup_gw1ns2c.o
 .debug_abbrev  0x0000030d      0x107 ./PERIPHER/Sources/gw1ns2c_timer.o
 .debug_abbrev  0x00000414      0x1a4 ./PERIPHER/Sources/gw1ns2c_uart.o

.debug_aranges  0x00000000      0x260
 .debug_aranges
                0x00000000       0x88 ./USER/gw1ns2c_it.o
 .debug_aranges
                0x00000088       0x50 ./USER/main.o
 .debug_aranges
                0x000000d8       0x28 ./SYSTEM/system_gw1ns2c.o
 .debug_aranges
                0x00000100       0x20 ./STARTUP/startup_gw1ns2c.o
 .debug_aranges
                0x00000120       0x80 ./PERIPHER/Sources/gw1ns2c_timer.o
 .debug_aranges
                0x000001a0       0xc0 ./PERIPHER/Sources/gw1ns2c_uart.o

.debug_ranges   0x00000000      0x1f0
 .debug_ranges  0x00000000       0x78 ./USER/gw1ns2c_it.o
 .debug_ranges  0x00000078       0x40 ./USER/main.o
 .debug_ranges  0x000000b8       0x18 ./SYSTEM/system_gw1ns2c.o
 .debug_ranges  0x000000d0       0x70 ./PERIPHER/Sources/gw1ns2c_timer.o
 .debug_ranges  0x00000140       0xb0 ./PERIPHER/Sources/gw1ns2c_uart.o

.debug_macro    0x00000000     0x2a6a
 .debug_macro   0x00000000       0xc2 ./USER/gw1ns2c_it.o
 .debug_macro   0x000000c2      0x868 ./USER/gw1ns2c_it.o
 .debug_macro   0x0000092a       0x22 ./USER/gw1ns2c_it.o
 .debug_macro   0x0000094c       0x22 ./USER/gw1ns2c_it.o
 .debug_macro   0x0000096e       0x22 ./USER/gw1ns2c_it.o
 .debug_macro   0x00000990       0x87 ./USER/gw1ns2c_it.o
 .debug_macro   0x00000a17       0x44 ./USER/gw1ns2c_it.o
 .debug_macro   0x00000a5b       0xfd ./USER/gw1ns2c_it.o
 .debug_macro   0x00000b58       0x5e ./USER/gw1ns2c_it.o
 .debug_macro   0x00000bb6      0x1df ./USER/gw1ns2c_it.o
 .debug_macro   0x00000d95      0x7b7 ./USER/gw1ns2c_it.o
 .debug_macro   0x0000154c      0x399 ./USER/gw1ns2c_it.o
 .debug_macro   0x000018e5       0x76 ./USER/gw1ns2c_it.o
 .debug_macro   0x0000195b       0x22 ./USER/gw1ns2c_it.o
 .debug_macro   0x0000197d      0x240 ./USER/main.o
 .debug_macro   0x00001bbd       0x52 ./USER/main.o
 .debug_macro   0x00001c0f       0x35 ./USER/main.o
 .debug_macro   0x00001c44       0x9c ./USER/main.o
 .debug_macro   0x00001ce0      0x174 ./USER/main.o
 .debug_macro   0x00001e54       0x52 ./USER/main.o
 .debug_macro   0x00001ea6       0x1f ./USER/main.o
 .debug_macro   0x00001ec5       0x43 ./USER/main.o
 .debug_macro   0x00001f08       0x20 ./USER/main.o
 .debug_macro   0x00001f28      0x187 ./USER/main.o
 .debug_macro   0x000020af      0x30d ./USER/main.o
 .debug_macro   0x000023bc       0x10 ./USER/main.o
 .debug_macro   0x000023cc       0x35 ./USER/main.o
 .debug_macro   0x00002401       0x1c ./USER/main.o
 .debug_macro   0x0000241d       0x10 ./USER/main.o
 .debug_macro   0x0000242d       0x10 ./USER/main.o
 .debug_macro   0x0000243d       0x1c ./USER/main.o
 .debug_macro   0x00002459       0x52 ./USER/main.o
 .debug_macro   0x000024ab       0x40 ./USER/main.o
 .debug_macro   0x000024eb       0x10 ./USER/main.o
 .debug_macro   0x000024fb       0x40 ./USER/main.o
 .debug_macro   0x0000253b       0xd7 ./USER/main.o
 .debug_macro   0x00002612       0x16 ./USER/main.o
 .debug_macro   0x00002628      0x189 ./USER/main.o
 .debug_macro   0x000027b1       0x16 ./USER/main.o
 .debug_macro   0x000027c7       0x16 ./USER/main.o
 .debug_macro   0x000027dd       0x29 ./USER/main.o
 .debug_macro   0x00002806       0xc4 ./SYSTEM/system_gw1ns2c.o
 .debug_macro   0x000028ca       0xc2 ./PERIPHER/Sources/gw1ns2c_timer.o
 .debug_macro   0x0000298c       0x1c ./PERIPHER/Sources/gw1ns2c_timer.o
 .debug_macro   0x000029a8       0xc2 ./PERIPHER/Sources/gw1ns2c_uart.o

.debug_line     0x00000000     0x1d40
 .debug_line    0x00000000      0x581 ./USER/gw1ns2c_it.o
 .debug_line    0x00000581      0x6c2 ./USER/main.o
 .debug_line    0x00000c43      0x4b2 ./SYSTEM/system_gw1ns2c.o
 .debug_line    0x000010f5       0x97 ./STARTUP/startup_gw1ns2c.o
 .debug_line    0x0000118c      0x57f ./PERIPHER/Sources/gw1ns2c_timer.o
 .debug_line    0x0000170b      0x635 ./PERIPHER/Sources/gw1ns2c_uart.o

.debug_str      0x00000000     0xbd90
 .debug_str     0x00000000     0x795f ./USER/gw1ns2c_it.o
                               0x7abf (size before relaxing)
 .debug_str     0x0000795f     0x3ffb ./USER/main.o
                               0xba66 (size before relaxing)
 .debug_str     0x0000b95a       0x8d ./SYSTEM/system_gw1ns2c.o
                               0x7a5c (size before relaxing)
 .debug_str     0x0000b9e7      0x191 ./PERIPHER/Sources/gw1ns2c_timer.o
                               0x7bc6 (size before relaxing)
 .debug_str     0x0000bb78      0x218 ./PERIPHER/Sources/gw1ns2c_uart.o
                               0x7d23 (size before relaxing)

.debug_frame    0x00000000      0x948
 .debug_frame   0x00000000      0x1b0 ./USER/gw1ns2c_it.o
 .debug_frame   0x000001b0      0x110 ./USER/main.o
 .debug_frame   0x000002c0       0x50 ./SYSTEM/system_gw1ns2c.o
 .debug_frame   0x00000310      0x218 ./PERIPHER/Sources/gw1ns2c_timer.o
 .debug_frame   0x00000528      0x354 ./PERIPHER/Sources/gw1ns2c_uart.o
 .debug_frame   0x0000087c       0x28 c:/gowin/eclipse_tools_181108a/eclipse_tools_181108a/eclipse_tools/tools/gnu tools arm embedded/5.4 2016q2/bin/../lib/gcc/arm-none-eabi/5.4.1/../../../../arm-none-eabi/lib/armv7-m\libg.a(lib_a-exit.o)
 .debug_frame   0x000008a4       0x34 c:/gowin/eclipse_tools_181108a/eclipse_tools_181108a/eclipse_tools/tools/gnu tools arm embedded/5.4 2016q2/bin/../lib/gcc/arm-none-eabi/5.4.1/../../../../arm-none-eabi/lib/armv7-m\libg.a(lib_a-strcmp.o)
 .debug_frame   0x000008d8       0x50 c:/gowin/eclipse_tools_181108a/eclipse_tools_181108a/eclipse_tools/tools/gnu tools arm embedded/5.4 2016q2/bin/../lib/gcc/arm-none-eabi/5.4.1/../../../../arm-none-eabi/lib/armv7-m\libg.a(lib_a-__call_atexit.o)
 .debug_frame   0x00000928       0x20 c:/gowin/eclipse_tools_181108a/eclipse_tools_181108a/eclipse_tools/tools/gnu tools arm embedded/5.4 2016q2/bin/../lib/gcc/arm-none-eabi/5.4.1/../../../../arm-none-eabi/lib/armv7-m\libnosys.a(_exit.o)
