Archive member included to satisfy reference by file (symbol)

c:/gowin/eclipse_tools_181108a/eclipse_tools_181108a/eclipse_tools/tools/gnu tools arm embedded/5.4 2016q2/bin/../lib/gcc/arm-none-eabi/5.4.1/../../../../arm-none-eabi/lib/armv7-m\libg.a(lib_a-exit.o)
                              c:/gowin/eclipse_tools_181108a/eclipse_tools_181108a/eclipse_tools/tools/gnu tools arm embedded/5.4 2016q2/bin/../lib/gcc/arm-none-eabi/5.4.1/../../../../arm-none-eabi/lib/armv7-m/crt0.o (exit)
c:/gowin/eclipse_tools_181108a/eclipse_tools_181108a/eclipse_tools/tools/gnu tools arm embedded/5.4 2016q2/bin/../lib/gcc/arm-none-eabi/5.4.1/../../../../arm-none-eabi/lib/armv7-m\libg.a(lib_a-impure.o)
                              c:/gowin/eclipse_tools_181108a/eclipse_tools_181108a/eclipse_tools/tools/gnu tools arm embedded/5.4 2016q2/bin/../lib/gcc/arm-none-eabi/5.4.1/../../../../arm-none-eabi/lib/armv7-m\libg.a(lib_a-exit.o) (_global_impure_ptr)
c:/gowin/eclipse_tools_181108a/eclipse_tools_181108a/eclipse_tools/tools/gnu tools arm embedded/5.4 2016q2/bin/../lib/gcc/arm-none-eabi/5.4.1/../../../../arm-none-eabi/lib/armv7-m\libg.a(lib_a-init.o)
                              c:/gowin/eclipse_tools_181108a/eclipse_tools_181108a/eclipse_tools/tools/gnu tools arm embedded/5.4 2016q2/bin/../lib/gcc/arm-none-eabi/5.4.1/../../../../arm-none-eabi/lib/armv7-m/crt0.o (__libc_init_array)
c:/gowin/eclipse_tools_181108a/eclipse_tools_181108a/eclipse_tools/tools/gnu tools arm embedded/5.4 2016q2/bin/../lib/gcc/arm-none-eabi/5.4.1/../../../../arm-none-eabi/lib/armv7-m\libg.a(lib_a-memset.o)
                              c:/gowin/eclipse_tools_181108a/eclipse_tools_181108a/eclipse_tools/tools/gnu tools arm embedded/5.4 2016q2/bin/../lib/gcc/arm-none-eabi/5.4.1/../../../../arm-none-eabi/lib/armv7-m/crt0.o (memset)
c:/gowin/eclipse_tools_181108a/eclipse_tools_181108a/eclipse_tools/tools/gnu tools arm embedded/5.4 2016q2/bin/../lib/gcc/arm-none-eabi/5.4.1/../../../../arm-none-eabi/lib/armv7-m\libg.a(lib_a-sprintf.o)
                              ./USER/main.o (sprintf)
c:/gowin/eclipse_tools_181108a/eclipse_tools_181108a/eclipse_tools/tools/gnu tools arm embedded/5.4 2016q2/bin/../lib/gcc/arm-none-eabi/5.4.1/../../../../arm-none-eabi/lib/armv7-m\libg.a(lib_a-strcmp.o)
                              ./USER/main.o (strcmp)
c:/gowin/eclipse_tools_181108a/eclipse_tools_181108a/eclipse_tools/tools/gnu tools arm embedded/5.4 2016q2/bin/../lib/gcc/arm-none-eabi/5.4.1/../../../../arm-none-eabi/lib/armv7-m\libg.a(lib_a-svfprintf.o)
                              c:/gowin/eclipse_tools_181108a/eclipse_tools_181108a/eclipse_tools/tools/gnu tools arm embedded/5.4 2016q2/bin/../lib/gcc/arm-none-eabi/5.4.1/../../../../arm-none-eabi/lib/armv7-m\libg.a(lib_a-sprintf.o) (_svfprintf_r)
c:/gowin/eclipse_tools_181108a/eclipse_tools_181108a/eclipse_tools/tools/gnu tools arm embedded/5.4 2016q2/bin/../lib/gcc/arm-none-eabi/5.4.1/../../../../arm-none-eabi/lib/armv7-m\libg.a(lib_a-__call_atexit.o)
                              c:/gowin/eclipse_tools_181108a/eclipse_tools_181108a/eclipse_tools/tools/gnu tools arm embedded/5.4 2016q2/bin/../lib/gcc/arm-none-eabi/5.4.1/../../../../arm-none-eabi/lib/armv7-m\libg.a(lib_a-exit.o) (__call_exitprocs)
c:/gowin/eclipse_tools_181108a/eclipse_tools_181108a/eclipse_tools/tools/gnu tools arm embedded/5.4 2016q2/bin/../lib/gcc/arm-none-eabi/5.4.1/../../../../arm-none-eabi/lib/armv7-m\libg.a(lib_a-atexit.o)
                              c:/gowin/eclipse_tools_181108a/eclipse_tools_181108a/eclipse_tools/tools/gnu tools arm embedded/5.4 2016q2/bin/../lib/gcc/arm-none-eabi/5.4.1/../../../../arm-none-eabi/lib/armv7-m\libg.a(lib_a-__call_atexit.o) (atexit)
c:/gowin/eclipse_tools_181108a/eclipse_tools_181108a/eclipse_tools/tools/gnu tools arm embedded/5.4 2016q2/bin/../lib/gcc/arm-none-eabi/5.4.1/../../../../arm-none-eabi/lib/armv7-m\libg.a(lib_a-dtoa.o)
                              c:/gowin/eclipse_tools_181108a/eclipse_tools_181108a/eclipse_tools/tools/gnu tools arm embedded/5.4 2016q2/bin/../lib/gcc/arm-none-eabi/5.4.1/../../../../arm-none-eabi/lib/armv7-m\libg.a(lib_a-svfprintf.o) (_dtoa_r)
c:/gowin/eclipse_tools_181108a/eclipse_tools_181108a/eclipse_tools/tools/gnu tools arm embedded/5.4 2016q2/bin/../lib/gcc/arm-none-eabi/5.4.1/../../../../arm-none-eabi/lib/armv7-m\libg.a(lib_a-fini.o)
                              c:/gowin/eclipse_tools_181108a/eclipse_tools_181108a/eclipse_tools/tools/gnu tools arm embedded/5.4 2016q2/bin/../lib/gcc/arm-none-eabi/5.4.1/../../../../arm-none-eabi/lib/armv7-m\libg.a(lib_a-__call_atexit.o) (__libc_fini_array)
c:/gowin/eclipse_tools_181108a/eclipse_tools_181108a/eclipse_tools/tools/gnu tools arm embedded/5.4 2016q2/bin/../lib/gcc/arm-none-eabi/5.4.1/../../../../arm-none-eabi/lib/armv7-m\libg.a(lib_a-locale.o)
[...]
Memory Configuration

Name             Origin             Length             Attributes
FLASH            0x00000000         0x00020000         xr
RAM              0x20000000         0x00002000         xrw
*default*        0x00000000         0xffffffff

Linker script and memory map

LOAD c:/gowin/eclipse_tools_181108a/eclipse_tools_181108a/eclipse_tools/tools/gnu tools arm embedded/5.4 2016q2/bin/../lib/gcc/arm-none-eabi/5.4.1/armv7-m/crti.o
LOAD c:/gowin/eclipse_tools_181108a/eclipse_tools_181108a/eclipse_tools/tools/gnu tools arm embedded/5.4 2016q2/bin/../lib/gcc/arm-none-eabi/5.4.1/armv7-m/crtbegin.o
LOAD c:/gowin/eclipse_tools_181108a/eclipse_tools_181108a/eclipse_tools/tools/gnu tools arm embedded/5.4 2016q2/bin/../lib/gcc/arm-none-eabi/5.4.1/../../../../arm-none-eabi/lib/armv7-m/crt0.o
LOAD ./USER/gw1ns2c_it.o
LOAD ./USER/main.o
LOAD ./SYSTEM/system_gw1ns2c.o
LOAD ./STARTUP/startup_gw1ns2c.o
LOAD ./PERIPHER/Sources/gw1ns2c_adc.o
LOAD ./PERIPHER/Sources/gw1ns2c_gpio.o
LOAD ./PERIPHER/Sources/gw1ns2c_imonitor.o
LOAD ./PERIPHER/Sources/gw1ns2c_lcd1602.o
LOAD ./PERIPHER/Sources/gw1ns2c_misc.o
LOAD ./PERIPHER/Sources/gw1ns2c_spi.o
LOAD ./PERIPHER/Sources/gw1ns2c_syscon.o
LOAD ./PERIPHER/Sources/gw1ns2c_timer.o
LOAD ./PERIPHER/Sources/gw1ns2c_uart.o
LOAD ./PERIPHER/Sources/gw1ns2c_wdog.o
LOAD ./CORE/core_cm3.o
START GROUP
LOAD c:/gowin/eclipse_tools_181108a/eclipse_tools_181108a/eclipse_tools/tools/gnu tools arm embedded/5.4 2016q2/bin/../lib/gcc/arm-none-eabi/5.4.1/armv7-m\libgcc.a
LOAD c:/gowin/eclipse_tools_181108a/eclipse_tools_181108a/eclipse_tools/tools/gnu tools arm embedded/5.4 2016q2/bin/../lib/gcc/arm-none-eabi/5.4.1/../../../../arm-none-eabi/lib/armv7-m\libg.a
LOAD c:/gowin/eclipse_tools_181108a/eclipse_tools_181108a/eclipse_tools/tools/gnu tools arm embedded/5.4 2016q2/bin/../lib/gcc/arm-none-eabi/5.4.1/../../../../arm-none-eabi/lib/armv7-m\libc.a
END GROUP
LOAD c:/gowin/eclipse_tools_181108a/eclipse_tools_181108a/eclipse_tools/tools/gnu tools arm embedded/5.4 2016q2/bin/../lib/gcc/arm-none-eabi/5.4.1/armv7-m/crtend.o
LOAD c:/gowin/eclipse_tools_181108a/eclipse_tools_181108a/eclipse_tools/tools/gnu tools arm embedded/5.4 2016q2/bin/../lib/gcc/arm-none-eabi/5.4.1/armv7-m/crtn.o
START GROUP
LOAD c:/gowin/eclipse_tools_181108a/eclipse_tools_181108a/eclipse_tools/tools/gnu tools arm embedded/5.4 2016q2/bin/../lib/gcc/arm-none-eabi/5.4.1/armv7-m\libgcc.a
LOAD c:/gowin/eclipse_tools_181108a/eclipse_tools_181108a/eclipse_tools/tools/gnu tools arm embedded/5.4 2016q2/bin/../lib/gcc/arm-none-eabi/5.4.1/../../../../arm-none-eabi/lib/armv7-m\libc.a
LOAD c:/gowin/eclipse_tools_181108a/eclipse_tools_181108a/eclipse_tools/tools/gnu tools arm embedded/5.4 2016q2/bin/../lib/gcc/arm-none-eabi/5.4.1/../../../../arm-none-eabi/lib/armv7-m\libm.a
LOAD c:/gowin/eclipse_tools_181108a/eclipse_tools_181108a/eclipse_tools/tools/gnu tools arm embedded/5.4 2016q2/bin/../lib/gcc/arm-none-eabi/5.4.1/../../../../arm-none-eabi/lib/armv7-m\libnosys.a
END GROUP

.text           0x00000000     0x67a4
 *(.isr_vector)
 .isr_vector    0x00000000       0xc0 ./STARTUP/startup_gw1ns2c.o
                0x00000000                __isr_vector
 *(.text*)
 .text.NMI_Handler
                0x000000c0        0xc ./USER/gw1ns2c_it.o
                0x000000c0                NMI_Handler
 .text.HardFault_Handler
                0x000000cc        0x8 ./USER/gw1ns2c_it.o
                0x000000cc                HardFault_Handler
 .text.MemManage_Handler
                0x000000d4        0x8 ./USER/gw1ns2c_it.o
                0x000000d4                MemManage_Handler
 .text.BusFault_Handler
                0x000000dc        0x8 ./USER/gw1ns2c_it.o
                0x000000dc                BusFault_Handler
 .text.UsageFault_Handler
                0x000000e4        0x8 ./USER/gw1ns2c_it.o
                0x000000e4                UsageFault_Handler
 .text.SVC_Handler
                0x000000ec        0xc ./USER/gw1ns2c_it.o
                0x000000ec                SVC_Handler
 .text.DebugMon_Handler
                0x000000f8        0xc ./USER/gw1ns2c_it.o
                0x000000f8                DebugMon_Handler
 .text.PendSV_Handler
                0x00000104        0xc ./USER/gw1ns2c_it.o
                0x00000104                PendSV_Handler
 .text.SysTick_Handler
                0x00000110        0xc ./USER/gw1ns2c_it.o
                0x00000110                SysTick_Handler
 .text.USER_INT0_Handler
                0x0000011c        0xc ./USER/gw1ns2c_it.o
                0x0000011c                USER_INT0_Handler
 .text.USER_INT1_Handler
                0x00000128        0xc ./USER/gw1ns2c_it.o
                0x00000128                USER_INT1_Handler
 .text.UART0_Handler
                0x00000134        0xc ./USER/gw1ns2c_it.o
                0x00000134                UART0_Handler
 .text.UART1_Handler
                0x00000140        0xc ./USER/gw1ns2c_it.o
                0x00000140                UART1_Handler
 .text.TIMER1_Handler
                0x0000014c        0xc ./USER/gw1ns2c_it.o
                0x0000014c                TIMER1_Handler
 .text.main     0x00000158      0x344 ./USER/main.o
                0x00000158                main
 .text.Key_Scan
                0x0000049c       0x3c ./USER/main.o
                0x0000049c                Key_Scan
 .text.GPIO_ReadInputDataBit
                0x000004d8       0x34 ./USER/main.o
                0x000004d8                GPIO_ReadInputDataBit
 .text.UartInit
                0x0000050c       0x3c ./USER/main.o
                0x0000050c                UartInit
 .text.TIMER0_Handler
                0x00000548       0x2c ./USER/main.o
                0x00000548                TIMER0_Handler
 .text.SystemInit
                0x00000574       0x40 ./SYSTEM/system_gw1ns2c.o
                0x00000574                SystemInit
 .text          0x000005b4       0x98 ./STARTUP/startup_gw1ns2c.o
                0x000005b4                Reset_Handler
                0x00000610                Spare1_Handler
                0x00000614                Spare3_Handler
                0x00000616                Spare4_Handler
                0x00000618                PORT0_COMB_Handler
                0x0000061a                Spare7_Handler
                0x00000620                Spare11_Handler
                0x00000622                UARTOVF_Handler
                0x00000628                Spare15_Handler
                0x0000062a                PORT0_0_Handler
                0x0000062c                PORT0_1_Handler
                0x0000062e                PORT0_2_Handler
                0x00000630                PORT0_3_Handler
                0x00000632                PORT0_4_Handler
                0x00000634                PORT0_5_Handler
                0x00000636                PORT0_6_Handler
                0x00000638                PORT0_7_Handler
                0x0000063a                PORT0_8_Handler
                0x0000063c                PORT0_9_Handler
                0x0000063e                PORT0_10_Handler
                0x00000640                PORT0_11_Handler
                0x00000642                PORT0_12_Handler
                0x00000644                PORT0_13_Handler
                0x00000646                PORT0_14_Handler
                0x00000648                PORT0_15_Handler
 .text.GPIO_SetBit
                0x0000064c       0x20 ./PERIPHER/Sources/gw1ns2c_gpio.o
                0x0000064c                GPIO_SetBit
 .text.GPIO_ResetBit
                0x0000066c       0x24 ./PERIPHER/Sources/gw1ns2c_gpio.o
                0x0000066c                GPIO_ResetBit
 .text.TIMER_GetIRQStatus
                0x00000690       0x18 ./PERIPHER/Sources/gw1ns2c_timer.o
                0x00000690                TIMER_GetIRQStatus
 .text.TIMER_ClearIRQ
                0x000006a8       0x18 ./PERIPHER/Sources/gw1ns2c_timer.o
                0x000006a8                TIMER_ClearIRQ
 .text.UART_Init
                0x000006c0       0xd8 ./PERIPHER/Sources/gw1ns2c_uart.o
                0x000006c0                UART_Init
 .text.UART_SendChar
                0x00000798       0x2c ./PERIPHER/Sources/gw1ns2c_uart.o
                0x00000798                UART_SendChar
 .text.UART_SendString
                0x000007c4       0x3c ./PERIPHER/Sources/gw1ns2c_uart.o
                0x000007c4                UART_SendString
 .text.UART_ReceiveChar
                0x00000800       0x28 ./PERIPHER/Sources/gw1ns2c_uart.o
                0x00000800                UART_ReceiveChar
 .text.exit     0x00000828       0x20 c:/gowin/eclipse_tools_181108a/eclipse_tools_181108a/eclipse_tools/tools/gnu tools arm embedded/5.4 2016q2/bin/../lib/gcc/arm-none-eabi/5.4.1/../../../../arm-none-eabi/lib/armv7-m\libg.a(lib_a-exit.o)
                0x00000828                exit
 .text.memset   0x00000848       0x9c c:/gowin/eclipse_tools_181108a/eclipse_tools_181108a/eclipse_tools/tools/gnu tools arm embedded/5.4 2016q2/bin/../lib/gcc/arm-none-eabi/5.4.1/../../../../arm-none-eabi/lib/armv7-m\libg.a(lib_a-memset.o)
                0x00000848                memset
 .text.sprintf  0x000008e4       0x4c c:/gowin/eclipse_tools_181108a/eclipse_tools_181108a/eclipse_tools/tools/gnu tools arm embedded/5.4 2016q2/bin/../lib/gcc/arm-none-eabi/5.4.1/../../../../arm-none-eabi/lib/armv7-m\libg.a(lib_a-sprintf.o)
                0x000008e4                sprintf
 .text          0x00000930      0x1bc c:/gowin/eclipse_tools_181108a/eclipse_tools_181108a/eclipse_tools/tools/gnu tools arm embedded/5.4 2016q2/bin/../lib/gcc/arm-none-eabi/5.4.1/../../../../arm-none-eabi/lib/armv7-m\libg.a(lib_a-strcmp.o)
                0x00000930                strcmp
 .text._svfprintf_r
                0x00000aec     0x175c c:/gowin/eclipse_tools_181108a/eclipse_tools_181108a/eclipse_tools/tools/gnu tools arm embedded/5.4 2016q2/bin/../lib/gcc/arm-none-eabi/5.4.1/../../../../arm-none-eabi/lib/armv7-m\libg.a(lib_a-svfprintf.o)
                0x00000aec                _svfprintf_r
 .text.__call_exitprocs
                0x00002248       0xd8 c:/gowin/eclipse_tools_181108a/eclipse_tools_181108a/eclipse_tools/tools/gnu tools arm embedded/5.4 2016q2/bin/../lib/gcc/arm-none-eabi/5.4.1/../../../../arm-none-eabi/lib/armv7-m\libg.a(lib_a-__call_atexit.o)
                0x00002248                __call_exitprocs
 .text.quorem   0x00002320      0x12c c:/gowin/eclipse_tools_181108a/eclipse_tools_181108a/eclipse_tools/tools/gnu tools arm embedded/5.4 2016q2/bin/../lib/gcc/arm-none-eabi/5.4.1/../../../../arm-none-eabi/lib/armv7-m\libg.a(lib_a-dtoa.o)
 *fill*         0x0000244c        0x4 
 .text._dtoa_r  0x00002450      0xe4c c:/gowin/eclipse_tools_181108a/eclipse_tools_181108a/eclipse_tools/tools/gnu tools arm embedded/5.4 2016q2/bin/../lib/gcc/arm-none-eabi/5.4.1/../../../../arm-none-eabi/lib/armv7-m\libg.a(lib_a-dtoa.o)
                0x00002450                _dtoa_r
 .text._localeconv_r
                0x0000329c        0x8 c:/gowin/eclipse_tools_181108a/eclipse_tools_181108a/eclipse_tools/tools/gnu tools arm embedded/5.4 2016q2/bin/../lib/gcc/arm-none-eabi/5.4.1/../../../../arm-none-eabi/lib/armv7-m\libg.a(lib_a-locale.o)
                0x0000329c                _localeconv_r
 .text._malloc_r
                0x000032a4      0x558 c:/gowin/eclipse_tools_181108a/eclipse_tools_181108a/eclipse_tools/tools/gnu tools arm embedded/5.4 2016q2/bin/../lib/gcc/arm-none-eabi/5.4.1/../../../../arm-none-eabi/lib/armv7-m\libg.a(lib_a-mallocr.o)
                0x000032a4                _malloc_r
 .text.memchr   0x000037fc       0x8c c:/gowin/eclipse_tools_181108a/eclipse_tools_181108a/eclipse_tools/tools/gnu tools arm embedded/5.4 2016q2/bin/../lib/gcc/arm-none-eabi/5.4.1/../../../../arm-none-eabi/lib/armv7-m\libg.a(lib_a-memchr-stub.o)
                0x000037fc                memchr
 .text          0x00003888       0xec c:/gowin/eclipse_tools_181108a/eclipse_tools_181108a/eclipse_tools/tools/gnu tools arm embedded/5.4 2016q2/bin/../lib/gcc/arm-none-eabi/5.4.1/../../../../arm-none-eabi/lib/armv7-m\libg.a(lib_a-memcpy.o)
                0x00003888                memcpy
 .text.__malloc_lock
                0x00003974        0x4 c:/gowin/eclipse_tools_181108a/eclipse_tools_181108a/eclipse_tools/tools/gnu tools arm embedded/5.4 2016q2/bin/../lib/gcc/arm-none-eabi/5.4.1/../../../../arm-none-eabi/lib/armv7-m\libg.a(lib_a-mlock.o)
                0x00003974                __malloc_lock
 .text.__malloc_unlock
                0x00003978        0x4 c:/gowin/eclipse_tools_181108a/eclipse_tools_181108a/eclipse_tools/tools/gnu tools arm embedded/5.4 2016q2/bin/../lib/gcc/arm-none-eabi/5.4.1/../../../../arm-none-eabi/lib/armv7-m\libg.a(lib_a-mlock.o)
                0x00003978                __malloc_unlock
 .text._Balloc  0x0000397c       0x50 c:/gowin/eclipse_tools_181108a/eclipse_tools_181108a/eclipse_tools/tools/gnu tools arm embedded/5.4 2016q2/bin/../lib/gcc/arm-none-eabi/5.4.1/../../../../arm-none-eabi/lib/armv7-m\libg.a(lib_a-mprec.o)
                0x0000397c                _Balloc
 .text._Bfree   0x000039cc       0x14 c:/gowin/eclipse_tools_181108a/eclipse_tools_181108a/eclipse_tools/tools/gnu tools arm embedded/5.4 2016q2/bin/../lib/gcc/arm-none-eabi/5.4.1/../../../../arm-none-eabi/lib/armv7-m\libg.a(lib_a-mprec.o)
                0x000039cc                _Bfree
 .text.__multadd
                0x000039e0       0x80 c:/gowin/eclipse_tools_181108a/eclipse_tools_181108a/eclipse_tools/tools/gnu tools arm embedded/5.4 2016q2/bin/../lib/gcc/arm-none-eabi/5.4.1/../../../../arm-none-eabi/lib/armv7-m\libg.a(lib_a-mprec.o)
                0x000039e0                __multadd
 .text.__hi0bits
                0x00003a60       0x40 c:/gowin/eclipse_tools_181108a/eclipse_tools_181108a/eclipse_tools/tools/gnu tools arm embedded/5.4 2016q2/bin/../lib/gcc/arm-none-eabi/5.4.1/../../../../arm-none-eabi/lib/armv7-m\libg.a(lib_a-mprec.o)
                0x00003a60                __hi0bits
 .text.__lo0bits
                0x00003aa0       0x5c c:/gowin/eclipse_tools_181108a/eclipse_tools_181108a/eclipse_tools/tools/gnu tools arm embedded/5.4 2016q2/bin/../lib/gcc/arm-none-eabi/5.4.1/../../../../arm-none-eabi/lib/armv7-m\libg.a(lib_a-mprec.o)
                0x00003aa0                __lo0bits
 .text.__i2b    0x00003afc       0x14 c:/gowin/eclipse_tools_181108a/eclipse_tools_181108a/eclipse_tools/tools/gnu tools arm embedded/5.4 2016q2/bin/../lib/gcc/arm-none-eabi/5.4.1/../../../../arm-none-eabi/lib/armv7-m\libg.a(lib_a-mprec.o)
                0x00003afc                __i2b
 .text.__multiply
                0x00003b10      0x13c c:/gowin/eclipse_tools_181108a/eclipse_tools_181108a/eclipse_tools/tools/gnu tools arm embedded/5.4 2016q2/bin/../lib/gcc/arm-none-eabi/5.4.1/../../../../arm-none-eabi/lib/armv7-m\libg.a(lib_a-mprec.o)
                0x00003b10                __multiply
 .text.__pow5mult
                0x00003c4c       0xa0 c:/gowin/eclipse_tools_181108a/eclipse_tools_181108a/eclipse_tools/tools/gnu tools arm embedded/5.4 2016q2/bin/../lib/gcc/arm-none-eabi/5.4.1/../../../../arm-none-eabi/lib/armv7-m\libg.a(lib_a-mprec.o)
                0x00003c4c                __pow5mult
 .text.__lshift
                0x00003cec       0xac c:/gowin/eclipse_tools_181108a/eclipse_tools_181108a/eclipse_tools/tools/gnu tools arm embedded/5.4 2016q2/bin/../lib/gcc/arm-none-eabi/5.4.1/../../../../arm-none-eabi/lib/armv7-m\libg.a(lib_a-mprec.o)
                0x00003cec                __lshift
 .text.__mcmp   0x00003d98       0x40 c:/gowin/eclipse_tools_181108a/eclipse_tools_181108a/eclipse_tools/tools/gnu tools arm embedded/5.4 2016q2/bin/../lib/gcc/arm-none-eabi/5.4.1/../../../../arm-none-eabi/lib/armv7-m\libg.a(lib_a-mprec.o)
                0x00003d98                __mcmp
 .text.__mdiff  0x00003dd8      0x128 c:/gowin/eclipse_tools_181108a/eclipse_tools_181108a/eclipse_tools/tools/gnu tools arm embedded/5.4 2016q2/bin/../lib/gcc/arm-none-eabi/5.4.1/../../../../arm-none-eabi/lib/armv7-m\libg.a(lib_a-mprec.o)
                0x00003dd8                __mdiff
 .text.__d2b    0x00003f00       0xa8 c:/gowin/eclipse_tools_181108a/eclipse_tools_181108a/eclipse_tools/tools/gnu tools arm embedded/5.4 2016q2/bin/../lib/gcc/arm-none-eabi/5.4.1/../../../../arm-none-eabi/lib/armv7-m\libg.a(lib_a-mprec.o)
                0x00003f00                __d2b
 .text._sbrk_r  0x00003fa8       0x24 c:/gowin/eclipse_tools_181108a/eclipse_tools_181108a/eclipse_tools/tools/gnu tools arm embedded/5.4 2016q2/bin/../lib/gcc/arm-none-eabi/5.4.1/../../../../arm-none-eabi/lib/armv7-m\libg.a(lib_a-sbrkr.o)
                0x00003fa8                _sbrk_r
 .text.strlen   0x00003fcc       0x5c c:/gowin/eclipse_tools_181108a/eclipse_tools_181108a/eclipse_tools/tools/gnu tools arm embedded/5.4 2016q2/bin/../lib/gcc/arm-none-eabi/5.4.1/../../../../arm-none-eabi/lib/armv7-m\libg.a(lib_a-strlen-stub.o)
                0x00003fcc                strlen
 .text.__ssprint_r
                0x00004028      0x100 c:/gowin/eclipse_tools_181108a/eclipse_tools_181108a/eclipse_tools/tools/gnu tools arm embedded/5.4 2016q2/bin/../lib/gcc/arm-none-eabi/5.4.1/../../../../arm-none-eabi/lib/armv7-m\libg.a(lib_a-svfiprintf.o)
                0x00004028                __ssprint_r
 .text._calloc_r
                0x00004128       0x60 c:/gowin/eclipse_tools_181108a/eclipse_tools_181108a/eclipse_tools/tools/gnu tools arm embedded/5.4 2016q2/bin/../lib/gcc/arm-none-eabi/5.4.1/../../../../arm-none-eabi/lib/armv7-m\libg.a(lib_a-callocr.o)
                0x00004128                _calloc_r
 .text._malloc_trim_r
                0x00004188       0x9c c:/gowin/eclipse_tools_181108a/eclipse_tools_181108a/eclipse_tools/tools/gnu tools arm embedded/5.4 2016q2/bin/../lib/gcc/arm-none-eabi/5.4.1/../../../../arm-none-eabi/lib/armv7-m\libg.a(lib_a-freer.o)
                0x00004188                _malloc_trim_r
 .text._free_r  0x00004224      0x1d0 c:/gowin/eclipse_tools_181108a/eclipse_tools_181108a/eclipse_tools/tools/gnu tools arm embedded/5.4 2016q2/bin/../lib/gcc/arm-none-eabi/5.4.1/../../../../arm-none-eabi/lib/armv7-m\libg.a(lib_a-freer.o)
                0x00004224                _free_r
 .text.memmove  0x000043f4       0xc8 c:/gowin/eclipse_tools_181108a/eclipse_tools_181108a/eclipse_tools/tools/gnu tools arm embedded/5.4 2016q2/bin/../lib/gcc/arm-none-eabi/5.4.1/../../../../arm-none-eabi/lib/armv7-m\libg.a(lib_a-memmove.o)
                0x000043f4                memmove
 .text._realloc_r
                0x000044bc      0x3d4 c:/gowin/eclipse_tools_181108a/eclipse_tools_181108a/eclipse_tools/tools/gnu tools arm embedded/5.4 2016q2/bin/../lib/gcc/arm-none-eabi/5.4.1/../../../../arm-none-eabi/lib/armv7-m\libg.a(lib_a-reallocr.o)
                0x000044bc                _realloc_r
 .text          0x00004890      0x370 c:/gowin/eclipse_tools_181108a/eclipse_tools_181108a/eclipse_tools/tools/gnu tools arm embedded/5.4 2016q2/bin/../lib/gcc/arm-none-eabi/5.4.1/armv7-m\libgcc.a(_arm_addsubdf3.o)
                0x00004890                __aeabi_drsub
                0x00004898                __aeabi_dsub
                0x00004898                __subdf3
                0x0000489c                __aeabi_dadd
                0x0000489c                __adddf3
                0x00004b14                __floatunsidf
                0x00004b14                __aeabi_ui2d
                0x00004b34                __floatsidf
                0x00004b34                __aeabi_i2d
                0x00004b58                __aeabi_f2d
                0x00004b58                __extendsfdf2
                0x00004b94                __floatundidf
                0x00004b94                __aeabi_ul2d
                0x00004ba4                __floatdidf
                0x00004ba4                __aeabi_l2d
 .text          0x00004c00      0x424 c:/gowin/eclipse_tools_181108a/eclipse_tools_181108a/eclipse_tools/tools/gnu tools arm embedded/5.4 2016q2/bin/../lib/gcc/arm-none-eabi/5.4.1/armv7-m\libgcc.a(_arm_muldivdf3.o)
                0x00004c00                __aeabi_dmul
                0x00004c00                __muldf3
                0x00004e54                __divdf3
                0x00004e54                __aeabi_ddiv
 .text          0x00005024      0x110 c:/gowin/eclipse_tools_181108a/eclipse_tools_181108a/eclipse_tools/tools/gnu tools arm embedded/5.4 2016q2/bin/../lib/gcc/arm-none-eabi/5.4.1/armv7-m\libgcc.a(_arm_cmpdf2.o)
                0x00005024                __gtdf2
                0x00005024                __gedf2
                0x0000502c                __ltdf2
                0x0000502c                __ledf2
                0x00005034                __nedf2
                0x00005034                __eqdf2
                0x00005034                __cmpdf2
                0x000050b0                __aeabi_cdrcmple
                0x000050c0                __aeabi_cdcmpeq
                0x000050c0                __aeabi_cdcmple
                0x000050d0                __aeabi_dcmpeq
                0x000050e4                __aeabi_dcmplt
                0x000050f8                __aeabi_dcmple
                0x0000510c                __aeabi_dcmpge
                0x00005120                __aeabi_dcmpgt
 .text          0x00005134       0x2c c:/gowin/eclipse_tools_181108a/eclipse_tools_181108a/eclipse_tools/tools/gnu tools arm embedded/5.4 2016q2/bin/../lib/gcc/arm-none-eabi/5.4.1/armv7-m\libgcc.a(_arm_unorddf2.o)
                0x00005134                __unorddf2
                0x00005134                __aeabi_dcmpun
 .text          0x00005160       0x50 c:/gowin/eclipse_tools_181108a/eclipse_tools_181108a/eclipse_tools/tools/gnu tools arm embedded/5.4 2016q2/bin/../lib/gcc/arm-none-eabi/5.4.1/armv7-m\libgcc.a(_arm_fixdfsi.o)
                0x00005160                __aeabi_d2iz
                0x00005160                __fixdfsi
 .text          0x000051b0       0x30 c:/gowin/eclipse_tools_181108a/eclipse_tools_181108a/eclipse_tools/tools/gnu tools arm embedded/5.4 2016q2/bin/../lib/gcc/arm-none-eabi/5.4.1/armv7-m\libgcc.a(_aeabi_uldivmod.o)
                0x000051b0                __aeabi_uldivmod
 .text          0x000051e0      0x2ec c:/gowin/eclipse_tools_181108a/eclipse_tools_181108a/eclipse_tools/tools/gnu tools arm embedded/5.4 2016q2/bin/../lib/gcc/arm-none-eabi/5.4.1/armv7-m\libgcc.a(_udivmoddi4.o)
                0x000051e0                __udivmoddi4
 .text          0x000054cc        0x4 c:/gowin/eclipse_tools_181108a/eclipse_tools_181108a/eclipse_tools/tools/gnu tools arm embedded/5.4 2016q2/bin/../lib/gcc/arm-none-eabi/5.4.1/armv7-m\libgcc.a(_dvmd_tls.o)
                0x000054cc                __aeabi_idiv0
                0x000054cc                __aeabi_ldiv0
 .text._sbrk    0x000054d0       0x1c c:/gowin/eclipse_tools_181108a/eclipse_tools_181108a/eclipse_tools/tools/gnu tools arm embedded/5.4 2016q2/bin/../lib/gcc/arm-none-eabi/5.4.1/../../../../arm-none-eabi/lib/armv7-m\libnosys.a(sbrk.o)
                0x000054d0                _sbrk
 .text._exit    0x000054ec        0x4 c:/gowin/eclipse_tools_181108a/eclipse_tools_181108a/eclipse_tools/tools/gnu tools arm embedded/5.4 2016q2/bin/../lib/gcc/arm-none-eabi/5.4.1/../../../../arm-none-eabi/lib/armv7-m\libnosys.a(_exit.o)
                0x000054ec                _exit
 *(.init)
 .init          0x000054f0        0x4 c:/gowin/eclipse_tools_181108a/eclipse_tools_181108a/eclipse_tools/tools/gnu tools arm embedded/5.4 2016q2/bin/../lib/gcc/arm-none-eabi/5.4.1/armv7-m/crti.o
                0x000054f0                _init
 *(.fini)
 .fini          0x000054f4        0x4 c:/gowin/eclipse_tools_181108a/eclipse_tools_181108a/eclipse_tools/tools/gnu tools arm embedded/5.4 2016q2/bin/../lib/gcc/arm-none-eabi/5.4.1/armv7-m/crti.o
                0x000054f4                _fini
 *crtbegin.o(.ctors)
 *crtbegin?.o(.ctors)
 *(EXCLUDE_FILE(*crtend.o *crtend?.o) .ctors)
 *(SORT(.ctors.*))
 *(.ctors)
 *crtbegin.o(.dtors)
 *crtbegin?.o(.dtors)
 *(EXCLUDE_FILE(*crtend.o *crtend?.o) .dtors)
 *(SORT(.dtors.*))
 *(.dtors)
 *(.rodata*)
 .rodata.SSID   0x000054f8        0x8 ./USER/main.o
                0x000054f8                SSID
 .rodata.PW     0x00005500        0xb ./USER/main.o
                0x00005500                PW
 *fill*         0x0000550b        0x1 
 .rodata.URL    0x0000550c       0x30 ./USER/main.o
                0x0000550c                URL
 .rodata.THING  0x0000553c        0x7 ./USER/main.o
                0x0000553c                THING
 *fill*         0x00005543        0x1 
 .rodata.ROOTCA
                0x00005544      0x4a5 ./USER/main.o
                0x00005544                ROOTCA
 *fill*         0x000059e9        0x3 
 .rodata.DEVICECERT
                0x000059ec      0x4c9 ./USER/main.o
                0x000059ec                DEVICECERT
 *fill*         0x00005eb5        0x3 
 .rodata.DEVICEKEY
                0x00005eb8      0x68c ./USER/main.o
                0x00005eb8                DEVICEKEY
 .rodata        0x00006544       0xd9 ./USER/main.o
 *fill*         0x0000661d        0x3 
 .rodata.str1.4
                0x00006620        0x2 c:/gowin/eclipse_tools_181108a/eclipse_tools_181108a/eclipse_tools/tools/gnu tools arm embedded/5.4 2016q2/bin/../lib/gcc/arm-none-eabi/5.4.1/../../../../arm-none-eabi/lib/armv7-m\libg.a(lib_a-impure.o)
 *fill*         0x00006622        0x2 
 .rodata._global_impure_ptr
                0x00006624        0x4 c:/gowin/eclipse_tools_181108a/eclipse_tools_181108a/eclipse_tools/tools/gnu tools arm embedded/5.4 2016q2/bin/../lib/gcc/arm-none-eabi/5.4.1/../../../../arm-none-eabi/lib/armv7-m\libg.a(lib_a-impure.o)
                0x00006624                _global_impure_ptr
 .rodata.blanks.7055
                0x00006628       0x10 c:/gowin/eclipse_tools_181108a/eclipse_tools_181108a/eclipse_tools/tools/gnu tools arm embedded/5.4 2016q2/bin/../lib/gcc/arm-none-eabi/5.4.1/../../../../arm-none-eabi/lib/armv7-m\libg.a(lib_a-svfprintf.o)
 .rodata.str1.4
                0x00006638       0x42 c:/gowin/eclipse_tools_181108a/eclipse_tools_181108a/eclipse_tools/tools/gnu tools arm embedded/5.4 2016q2/bin/../lib/gcc/arm-none-eabi/5.4.1/../../../../arm-none-eabi/lib/armv7-m\libg.a(lib_a-svfprintf.o)
 *fill*         0x0000667a        0x2 
 .rodata.zeroes.7056
                0x0000667c       0x10 c:/gowin/eclipse_tools_181108a/eclipse_tools_181108a/eclipse_tools/tools/gnu tools arm embedded/5.4 2016q2/bin/../lib/gcc/arm-none-eabi/5.4.1/../../../../arm-none-eabi/lib/armv7-m\libg.a(lib_a-svfprintf.o)
 .rodata.str1.4
                0x0000668c       0x10 c:/gowin/eclipse_tools_181108a/eclipse_tools_181108a/eclipse_tools/tools/gnu tools arm embedded/5.4 2016q2/bin/../lib/gcc/arm-none-eabi/5.4.1/../../../../arm-none-eabi/lib/armv7-m\libg.a(lib_a-dtoa.o)
                                 0x12 (size before relaxing)
 .rodata.str1.4
                0x0000669c        0xc c:/gowin/eclipse_tools_181108a/eclipse_tools_181108a/eclipse_tools/tools/gnu tools arm embedded/5.4 2016q2/bin/../lib/gcc/arm-none-eabi/5.4.1/../../../../arm-none-eabi/lib/armv7-m\libg.a(lib_a-locale.o)
                                 0x12 (size before relaxing)
 .rodata.__mprec_tens
                0x000066a8       0xc8 c:/gowin/eclipse_tools_181108a/eclipse_tools_181108a/eclipse_tools/tools/gnu tools arm embedded/5.4 2016q2/bin/../lib/gcc/arm-none-eabi/5.4.1/../../../../arm-none-eabi/lib/armv7-m\libg.a(lib_a-mprec.o)
                0x000066a8                __mprec_tens
 .rodata.__mprec_bigtens
                0x00006770       0x28 c:/gowin/eclipse_tools_181108a/eclipse_tools_181108a/eclipse_tools/tools/gnu tools arm embedded/5.4 2016q2/bin/../lib/gcc/arm-none-eabi/5.4.1/../../../../arm-none-eabi/lib/armv7-m\libg.a(lib_a-mprec.o)
                0x00006770                __mprec_bigtens
 .rodata.p05.5396
                0x00006798        0xc c:/gowin/eclipse_tools_181108a/eclipse_tools_181108a/eclipse_tools/tools/gnu tools arm embedded/5.4 2016q2/bin/../lib/gcc/arm-none-eabi/5.4.1/../../../../arm-none-eabi/lib/armv7-m\libg.a(lib_a-mprec.o)
 *(.eh_frame*)

.glue_7         0x000067a4        0x0
 .glue_7        0x000067a4        0x0 linker stubs

.glue_7t        0x000067a4        0x0
 .glue_7t       0x000067a4        0x0 linker stubs

.vfp11_veneer   0x000067a4        0x0
 .vfp11_veneer  0x000067a4        0x0 linker stubs

.v4_bx          0x000067a4        0x0
 .v4_bx         0x000067a4        0x0 linker stubs

.iplt           0x000067a4        0x0
 .iplt          0x000067a4        0x0 c:/gowin/eclipse_tools_181108a/eclipse_tools_181108a/eclipse_tools/tools/gnu tools arm embedded/5.4 2016q2/bin/../lib/gcc/arm-none-eabi/5.4.1/armv7-m/crtbegin.o

.ARM.extab
 *(.ARM.extab* .gnu.linkonce.armextab.*)
                0x000067a4                __exidx_start = .

.ARM.exidx      0x000067a4        0x8
 *(.ARM.exidx* .gnu.linkonce.armexidx.*)
 .ARM.exidx     0x000067a4        0x8 c:/gowin/eclipse_tools_181108a/eclipse_tools_181108a/eclipse_tools/tools/gnu tools arm embedded/5.4 2016q2/bin/../lib/gcc/arm-none-eabi/5.4.1/armv7-m\libgcc.a(_udivmoddi4.o)
                0x000067ac                __exidx_end = .
                0x000067ac                __etext = .

.rel.dyn        0x000067ac        0x0
 .rel.iplt      0x000067ac        0x0 c:/gowin/eclipse_tools_181108a/eclipse_tools_181108a/eclipse_tools/tools/gnu tools arm embedded/5.4 2016q2/bin/../lib/gcc/arm-none-eabi/5.4.1/armv7-m/crtbegin.o

.data           0x20000000      0x884 load address 0x000067ac
                0x20000000                __data_start__ = .
 *(vtable)
 *(.data*)
 .data.SystemCoreClock
                0x20000000        0x4 ./SYSTEM/system_gw1ns2c.o
                0x20000000                SystemCoreClock
 .data.PCLK1    0x20000004        0x4 ./SYSTEM/system_gw1ns2c.o
                0x20000004                PCLK1
 .data.PCLK2    0x20000008        0x4 ./SYSTEM/system_gw1ns2c.o
                0x20000008                PCLK2
 .data.HCLK     0x2000000c        0x4 ./SYSTEM/system_gw1ns2c.o
                0x2000000c                HCLK
 .data.impure_data
                0x20000010      0x428 c:/gowin/eclipse_tools_181108a/eclipse_tools_181108a/eclipse_tools/tools/gnu tools arm embedded/5.4 2016q2/bin/../lib/gcc/arm-none-eabi/5.4.1/../../../../arm-none-eabi/lib/armv7-m\libg.a(lib_a-impure.o)
 .data._impure_ptr
                0x20000438        0x4 c:/gowin/eclipse_tools_181108a/eclipse_tools_181108a/eclipse_tools/tools/gnu tools arm embedded/5.4 2016q2/bin/../lib/gcc/arm-none-eabi/5.4.1/../../../../arm-none-eabi/lib/armv7-m\libg.a(lib_a-impure.o)
                0x20000438                _impure_ptr
 .data.lconv    0x2000043c       0x38 c:/gowin/eclipse_tools_181108a/eclipse_tools_181108a/eclipse_tools/tools/gnu tools arm embedded/5.4 2016q2/bin/../lib/gcc/arm-none-eabi/5.4.1/../../../../arm-none-eabi/lib/armv7-m\libg.a(lib_a-locale.o)
 .data.__malloc_av_
                0x20000474      0x408 c:/gowin/eclipse_tools_181108a/eclipse_tools_181108a/eclipse_tools/tools/gnu tools arm embedded/5.4 2016q2/bin/../lib/gcc/arm-none-eabi/5.4.1/../../../../arm-none-eabi/lib/armv7-m\libg.a(lib_a-mallocr.o)
                0x20000474                __malloc_av_
 .data.__malloc_trim_threshold
                0x2000087c        0x4 c:/gowin/eclipse_tools_181108a/eclipse_tools_181108a/eclipse_tools/tools/gnu tools arm embedded/5.4 2016q2/bin/../lib/gcc/arm-none-eabi/5.4.1/../../../../arm-none-eabi/lib/armv7-m\libg.a(lib_a-mallocr.o)
                0x2000087c                __malloc_trim_threshold
 .data.__malloc_sbrk_base
                0x20000880        0x4 c:/gowin/eclipse_tools_181108a/eclipse_tools_181108a/eclipse_tools/tools/gnu tools arm embedded/5.4 2016q2/bin/../lib/gcc/arm-none-eabi/5.4.1/../../../../arm-none-eabi/lib/armv7-m\libg.a(lib_a-mallocr.o)
                0x20000880                __malloc_sbrk_base
                0x20000884                . = ALIGN (0x4)
                0x20000884                PROVIDE (__preinit_array_start, .)
 *(.preinit_array)
                0x20000884                PROVIDE (__preinit_array_end, .)
                0x20000884                . = ALIGN (0x4)
                0x20000884                PROVIDE (__init_array_start, .)
 *(SORT(.init_array.*))
 *(.init_array)
                0x20000884                PROVIDE (__init_array_end, .)
                0x20000884                . = ALIGN (0x4)
                0x20000884                PROVIDE (__fini_array_start, .)
 *(SORT(.fini_array.*))
 *(.fini_array)
                0x20000884                PROVIDE (__fini_array_end, .)
                0x20000884                . = ALIGN (0x4)
                0x20000884                __data_end__ = .

.igot.plt       0x20000884        0x0 load address 0x00007030
 .igot.plt      0x20000884        0x0 c:/gowin/eclipse_tools_181108a/eclipse_tools_181108a/eclipse_tools/tools/gnu tools arm embedded/5.4 2016q2/bin/../lib/gcc/arm-none-eabi/5.4.1/armv7-m/crtbegin.o

.bss            0x20000884       0x54 load address 0x00007030
                0x20000884                . = ALIGN (0x4)
                0x20000884                __bss_start__ = .
 *(.bss*)
 .bss.__malloc_max_total_mem
                0x20000884        0x4 c:/gowin/eclipse_tools_181108a/eclipse_tools_181108a/eclipse_tools/tools/gnu tools arm embedded/5.4 2016q2/bin/../lib/gcc/arm-none-eabi/5.4.1/../../../../arm-none-eabi/lib/armv7-m\libg.a(lib_a-mallocr.o)
                0x20000884                __malloc_max_total_mem
 .bss.__malloc_max_sbrked_mem
                0x20000888        0x4 c:/gowin/eclipse_tools_181108a/eclipse_tools_181108a/eclipse_tools/tools/gnu tools arm embedded/5.4 2016q2/bin/../lib/gcc/arm-none-eabi/5.4.1/../../../../arm-none-eabi/lib/armv7-m\libg.a(lib_a-mallocr.o)
                0x20000888                __malloc_max_sbrked_mem
 .bss.__malloc_top_pad
                0x2000088c        0x4 c:/gowin/eclipse_tools_181108a/eclipse_tools_181108a/eclipse_tools/tools/gnu tools arm embedded/5.4 2016q2/bin/../lib/gcc/arm-none-eabi/5.4.1/../../../../arm-none-eabi/lib/armv7-m\libg.a(lib_a-mallocr.o)
                0x2000088c                __malloc_top_pad
 .bss.__malloc_current_mallinfo
                0x20000890       0x28 c:/gowin/eclipse_tools_181108a/eclipse_tools_181108a/eclipse_tools/tools/gnu tools arm embedded/5.4 2016q2/bin/../lib/gcc/arm-none-eabi/5.4.1/../../../../arm-none-eabi/lib/armv7-m\libg.a(lib_a-mallocr.o)
                0x20000890                __malloc_current_mallinfo
 .bss.heap_end.4167
                0x200008b8        0x4 c:/gowin/eclipse_tools_181108a/eclipse_tools_181108a/eclipse_tools/tools/gnu tools arm embedded/5.4 2016q2/bin/../lib/gcc/arm-none-eabi/5.4.1/../../../../arm-none-eabi/lib/armv7-m\libnosys.a(sbrk.o)
 *(COMMON)
 COMMON         0x200008bc       0x18 ./USER/main.o
                0x200008bc                buff
                0x200008d0                counter
 COMMON         0x200008d4        0x4 c:/gowin/eclipse_tools_181108a/eclipse_tools_181108a/eclipse_tools/tools/gnu tools arm embedded/5.4 2016q2/bin/../lib/gcc/arm-none-eabi/5.4.1/../../../../arm-none-eabi/lib/armv7-m\libg.a(lib_a-reent.o)
                0x200008d4                errno
                0x200008d8                . = ALIGN (0x4)
                0x200008d8                __bss_end__ = .

.heap           0x200008d8      0x200
                0x200008d8                __end__ = .
                0x200008d8                end = __end__
 *(.heap*)
 .heap          0x200008d8      0x200 ./STARTUP/startup_gw1ns2c.o
                0x200008d8                __HeapBase
                0x20000ad8                __HeapLimit = .

.stack_dummy    0x200008d8      0x400
 *(.stack*)
 .stack         0x200008d8      0x400 ./STARTUP/startup_gw1ns2c.o
                0x20002000                __StackTop = (ORIGIN (RAM) + LENGTH (RAM))
                0x20001c00                __StackLimit = (__StackTop - SIZEOF (.stack_dummy))
                0x20002000                PROVIDE (__stack, __StackTop)
                0x00000001                ASSERT ((__StackLimit >= __HeapLimit), region RAM overflowed with stack)
OUTPUT(uart.elf elf32-littlearm)

.ARM.attributes
                0x00000000       0x29
 .ARM.attributes
                0x00000000       0x1d c:/gowin/eclipse_tools_181108a/eclipse_tools_181108a/eclipse_tools/tools/gnu tools arm embedded/5.4 2016q2/bin/../lib/gcc/arm-none-eabi/5.4.1/armv7-m/crti.o
 .ARM.attributes
                0x0000001d       0x33 ./USER/gw1ns2c_it.o
 .ARM.attributes
                0x00000050       0x33 ./USER/main.o
 .ARM.attributes
                0x00000083       0x33 ./SYSTEM/system_gw1ns2c.o
 .ARM.attributes
                0x000000b6       0x1b ./STARTUP/startup_gw1ns2c.o
 .ARM.attributes
                0x000000d1       0x33 ./PERIPHER/Sources/gw1ns2c_gpio.o
 .ARM.attributes
                0x00000104       0x33 ./PERIPHER/Sources/gw1ns2c_timer.o
 .ARM.attributes
                0x00000137       0x33 ./PERIPHER/Sources/gw1ns2c_uart.o
 .ARM.attributes
                0x0000016a       0x2d c:/gowin/eclipse_tools_181108a/eclipse_tools_181108a/eclipse_tools/tools/gnu tools arm embedded/5.4 2016q2/bin/../lib/gcc/arm-none-eabi/5.4.1/../../../../arm-none-eabi/lib/armv7-m\libg.a(lib_a-exit.o)
 .ARM.attributes
                0x00000197       0x2d c:/gowin/eclipse_tools_181108a/eclipse_tools_181108a/eclipse_tools/tools/gnu tools arm embedded/5.4 2016q2/bin/../lib/gcc/arm-none-eabi/5.4.1/../../../../arm-none-eabi/lib/armv7-m\libg.a(lib_a-impure.o)
 .ARM.attributes
                0x000001c4       0x2d c:/gowin/eclipse_tools_181108a/eclipse_tools_181108a/eclipse_tools/tools/gnu tools arm embedded/5.4 2016q2/bin/../lib/gcc/arm-none-eabi/5.4.1/../../../../arm-none-eabi/lib/armv7-m\libg.a(lib_a-memset.o)
 .ARM.attributes
                0x000001f1       0x2d c:/gowin/eclipse_tools_181108a/eclipse_tools_181108a/eclipse_tools/tools/gnu tools arm embedded/5.4 2016q2/bin/../lib/gcc/arm-none-eabi/5.4.1/../../../../arm-none-eabi/lib/armv7-m\libg.a(lib_a-sprintf.o)
 .ARM.attributes
                0x0000021e       0x1b c:/gowin/eclipse_tools_181108a/eclipse_tools_181108a/eclipse_tools/tools/gnu tools arm embedded/5.4 2016q2/bin/../lib/gcc/arm-none-eabi/5.4.1/../../../../arm-none-eabi/lib/armv7-m\libg.a(lib_a-strcmp.o)
 .ARM.attributes
                0x00000239       0x2d c:/gowin/eclipse_tools_181108a/eclipse_tools_181108a/eclipse_tools/tools/gnu tools arm embedded/5.4 2016q2/bin/../lib/gcc/arm-none-eabi/5.4.1/../../../../arm-none-eabi/lib/armv7-m\libg.a(lib_a-svfprintf.o)
 .ARM.attributes
                0x00000266       0x2d c:/gowin/eclipse_tools_181108a/eclipse_tools_181108a/eclipse_tools/tools/gnu tools arm embedded/5.4 2016q2/bin/../lib/gcc/arm-none-eabi/5.4.1/../../../../arm-none-eabi/lib/armv7-m\libg.a(lib_a-__call_atexit.o)
 .ARM.attributes
                0x00000293       0x2d c:/gowin/eclipse_tools_181108a/eclipse_tools_181108a/eclipse_tools/tools/gnu tools arm embedded/5.4 2016q2/bin/../lib/gcc/arm-none-eabi/5.4.1/../../../../arm-none-eabi/lib/armv7-m\libg.a(lib_a-dtoa.o)
 .ARM.attributes
                0x000002c0       0x2d c:/gowin/eclipse_tools_181108a/eclipse_tools_181108a/eclipse_tools/tools/gnu tools arm embedded/5.4 2016q2/bin/../lib/gcc/arm-none-eabi/5.4.1/../../../../arm-none-eabi/lib/armv7-m\libg.a(lib_a-locale.o)
 .ARM.attributes
                0x000002ed       0x2d c:/gowin/eclipse_tools_181108a/eclipse_tools_181108a/eclipse_tools/tools/gnu tools arm embedded/5.4 2016q2/bin/../lib/gcc/arm-none-eabi/5.4.1/../../../../arm-none-eabi/lib/armv7-m\libg.a(lib_a-mallocr.o)
 .ARM.attributes
                0x0000031a       0x2d c:/gowin/eclipse_tools_181108a/eclipse_tools_181108a/eclipse_tools/tools/gnu tools arm embedded/5.4 2016q2/bin/../lib/gcc/arm-none-eabi/5.4.1/../../../../arm-none-eabi/lib/armv7-m\libg.a(lib_a-memchr-stub.o)
 .ARM.attributes
                0x00000347       0x1b c:/gowin/eclipse_tools_181108a/eclipse_tools_181108a/eclipse_tools/tools/gnu tools arm embedded/5.4 2016q2/bin/../lib/gcc/arm-none-eabi/5.4.1/../../../../arm-none-eabi/lib/armv7-m\libg.a(lib_a-memcpy.o)
 .ARM.attributes
                0x00000362       0x2d c:/gowin/eclipse_tools_181108a/eclipse_tools_181108a/eclipse_tools/tools/gnu tools arm embedded/5.4 2016q2/bin/../lib/gcc/arm-none-eabi/5.4.1/../../../../arm-none-eabi/lib/armv7-m\libg.a(lib_a-mlock.o)
 .ARM.attributes
                0x0000038f       0x2d c:/gowin/eclipse_tools_181108a/eclipse_tools_181108a/eclipse_tools/tools/gnu tools arm embedded/5.4 2016q2/bin/../lib/gcc/arm-none-eabi/5.4.1/../../../../arm-none-eabi/lib/armv7-m\libg.a(lib_a-mprec.o)
 .ARM.attributes
                0x000003bc       0x2d c:/gowin/eclipse_tools_181108a/eclipse_tools_181108a/eclipse_tools/tools/gnu tools arm embedded/5.4 2016q2/bin/../lib/gcc/arm-none-eabi/5.4.1/../../../../arm-none-eabi/lib/armv7-m\libg.a(lib_a-sbrkr.o)
 .ARM.attributes
                0x000003e9       0x2d c:/gowin/eclipse_tools_181108a/eclipse_tools_181108a/eclipse_tools/tools/gnu tools arm embedded/5.4 2016q2/bin/../lib/gcc/arm-none-eabi/5.4.1/../../../../arm-none-eabi/lib/armv7-m\libg.a(lib_a-strlen-stub.o)
 .ARM.attributes
                0x00000416       0x2d c:/gowin/eclipse_tools_181108a/eclipse_tools_181108a/eclipse_tools/tools/gnu tools arm embedded/5.4 2016q2/bin/../lib/gcc/arm-none-eabi/5.4.1/../../../../arm-none-eabi/lib/armv7-m\libg.a(lib_a-svfiprintf.o)
 .ARM.attributes
                0x00000443       0x2d c:/gowin/eclipse_tools_181108a/eclipse_tools_181108a/eclipse_tools/tools/gnu tools arm embedded/5.4 2016q2/bin/../lib/gcc/arm-none-eabi/5.4.1/../../../../arm-none-eabi/lib/armv7-m\libg.a(lib_a-callocr.o)
 .ARM.attributes
                0x00000470       0x2d c:/gowin/eclipse_tools_181108a/eclipse_tools_181108a/eclipse_tools/tools/gnu tools arm embedded/5.4 2016q2/bin/../lib/gcc/arm-none-eabi/5.4.1/../../../../arm-none-eabi/lib/armv7-m\libg.a(lib_a-freer.o)
 .ARM.attributes
                0x0000049d       0x2d c:/gowin/eclipse_tools_181108a/eclipse_tools_181108a/eclipse_tools/tools/gnu tools arm embedded/5.4 2016q2/bin/../lib/gcc/arm-none-eabi/5.4.1/../../../../arm-none-eabi/lib/armv7-m\libg.a(lib_a-memmove.o)
 .ARM.attributes
                0x000004ca       0x2d c:/gowin/eclipse_tools_181108a/eclipse_tools_181108a/eclipse_tools/tools/gnu tools arm embedded/5.4 2016q2/bin/../lib/gcc/arm-none-eabi/5.4.1/../../../../arm-none-eabi/lib/armv7-m\libg.a(lib_a-reallocr.o)
 .ARM.attributes
                0x000004f7       0x2d c:/gowin/eclipse_tools_181108a/eclipse_tools_181108a/eclipse_tools/tools/gnu tools arm embedded/5.4 2016q2/bin/../lib/gcc/arm-none-eabi/5.4.1/../../../../arm-none-eabi/lib/armv7-m\libg.a(lib_a-reent.o)
 .ARM.attributes
                0x00000524       0x1d c:/gowin/eclipse_tools_181108a/eclipse_tools_181108a/eclipse_tools/tools/gnu tools arm embedded/5.4 2016q2/bin/../lib/gcc/arm-none-eabi/5.4.1/armv7-m\libgcc.a(_arm_addsubdf3.o)
 .ARM.attributes
                0x00000541       0x1d c:/gowin/eclipse_tools_181108a/eclipse_tools_181108a/eclipse_tools/tools/gnu tools arm embedded/5.4 2016q2/bin/../lib/gcc/arm-none-eabi/5.4.1/armv7-m\libgcc.a(_arm_muldivdf3.o)
 .ARM.attributes
                0x0000055e       0x1d c:/gowin/eclipse_tools_181108a/eclipse_tools_181108a/eclipse_tools/tools/gnu tools arm embedded/5.4 2016q2/bin/../lib/gcc/arm-none-eabi/5.4.1/armv7-m\libgcc.a(_arm_cmpdf2.o)
 .ARM.attributes
                0x0000057b       0x1d c:/gowin/eclipse_tools_181108a/eclipse_tools_181108a/eclipse_tools/tools/gnu tools arm embedded/5.4 2016q2/bin/../lib/gcc/arm-none-eabi/5.4.1/armv7-m\libgcc.a(_arm_unorddf2.o)
 .ARM.attributes
                0x00000598       0x1d c:/gowin/eclipse_tools_181108a/eclipse_tools_181108a/eclipse_tools/tools/gnu tools arm embedded/5.4 2016q2/bin/../lib/gcc/arm-none-eabi/5.4.1/armv7-m\libgcc.a(_arm_fixdfsi.o)
 .ARM.attributes
                0x000005b5       0x1d c:/gowin/eclipse_tools_181108a/eclipse_tools_181108a/eclipse_tools/tools/gnu tools arm embedded/5.4 2016q2/bin/../lib/gcc/arm-none-eabi/5.4.1/armv7-m\libgcc.a(_aeabi_uldivmod.o)
 .ARM.attributes
                0x000005d2       0x2d c:/gowin/eclipse_tools_181108a/eclipse_tools_181108a/eclipse_tools/tools/gnu tools arm embedded/5.4 2016q2/bin/../lib/gcc/arm-none-eabi/5.4.1/armv7-m\libgcc.a(_udivmoddi4.o)
 .ARM.attributes
                0x000005ff       0x1d c:/gowin/eclipse_tools_181108a/eclipse_tools_181108a/eclipse_tools/tools/gnu tools arm embedded/5.4 2016q2/bin/../lib/gcc/arm-none-eabi/5.4.1/armv7-m\libgcc.a(_dvmd_tls.o)
 .ARM.attributes
                0x0000061c       0x2d c:/gowin/eclipse_tools_181108a/eclipse_tools_181108a/eclipse_tools/tools/gnu tools arm embedded/5.4 2016q2/bin/../lib/gcc/arm-none-eabi/5.4.1/../../../../arm-none-eabi/lib/armv7-m\libnosys.a(sbrk.o)
 .ARM.attributes
                0x00000649       0x2d c:/gowin/eclipse_tools_181108a/eclipse_tools_181108a/eclipse_tools/tools/gnu tools arm embedded/5.4 2016q2/bin/../lib/gcc/arm-none-eabi/5.4.1/../../../../arm-none-eabi/lib/armv7-m\libnosys.a(_exit.o)

.comment        0x00000000       0x6e
 .comment       0x00000000       0x6e ./USER/gw1ns2c_it.o
                                 0x6f (size before relaxing)
 .comment       0x0000006e       0x6f ./USER/main.o
 .comment       0x0000006e       0x6f ./SYSTEM/system_gw1ns2c.o
 .comment       0x0000006e       0x6f ./PERIPHER/Sources/gw1ns2c_gpio.o
 .comment       0x0000006e       0x6f ./PERIPHER/Sources/gw1ns2c_timer.o
 .comment       0x0000006e       0x6f ./PERIPHER/Sources/gw1ns2c_uart.o

.debug_info     0x00000000     0x1b62
 .debug_info    0x00000000      0x176 ./USER/gw1ns2c_it.o
 .debug_info    0x00000176      0x7d8 ./USER/main.o
 .debug_info    0x0000094e      0x104 ./SYSTEM/system_gw1ns2c.o
 .debug_info    0x00000a52       0x9b ./STARTUP/startup_gw1ns2c.o
 .debug_info    0x00000aed      0x6ab ./PERIPHER/Sources/gw1ns2c_gpio.o
 .debug_info    0x00001198      0x3d0 ./PERIPHER/Sources/gw1ns2c_timer.o
 .debug_info    0x00001568      0x5fa ./PERIPHER/Sources/gw1ns2c_uart.o

.debug_abbrev   0x00000000      0x776
 .debug_abbrev  0x00000000       0x5d ./USER/gw1ns2c_it.o
 .debug_abbrev  0x0000005d      0x250 ./USER/main.o
 .debug_abbrev  0x000002ad       0x7b ./SYSTEM/system_gw1ns2c.o
 .debug_abbrev  0x00000328       0x14 ./STARTUP/startup_gw1ns2c.o
 .debug_abbrev  0x0000033c      0x18f ./PERIPHER/Sources/gw1ns2c_gpio.o
 .debug_abbrev  0x000004cb      0x107 ./PERIPHER/Sources/gw1ns2c_timer.o
 .debug_abbrev  0x000005d2      0x1a4 ./PERIPHER/Sources/gw1ns2c_uart.o

.debug_aranges  0x00000000      0x328
 .debug_aranges
                0x00000000       0x88 ./USER/gw1ns2c_it.o
 .debug_aranges
                0x00000088       0x60 ./USER/main.o
 .debug_aranges
                0x000000e8       0x28 ./SYSTEM/system_gw1ns2c.o
 .debug_aranges
                0x00000110       0x20 ./STARTUP/startup_gw1ns2c.o
 .debug_aranges
                0x00000130       0xb8 ./PERIPHER/Sources/gw1ns2c_gpio.o
 .debug_aranges
                0x000001e8       0x80 ./PERIPHER/Sources/gw1ns2c_timer.o
 .debug_aranges
                0x00000268       0xc0 ./PERIPHER/Sources/gw1ns2c_uart.o

.debug_ranges   0x00000000      0x2a8
 .debug_ranges  0x00000000       0x78 ./USER/gw1ns2c_it.o
 .debug_ranges  0x00000078       0x50 ./USER/main.o
 .debug_ranges  0x000000c8       0x18 ./SYSTEM/system_gw1ns2c.o
 .debug_ranges  0x000000e0       0xa8 ./PERIPHER/Sources/gw1ns2c_gpio.o
 .debug_ranges  0x00000188       0x70 ./PERIPHER/Sources/gw1ns2c_timer.o
 .debug_ranges  0x000001f8       0xb0 ./PERIPHER/Sources/gw1ns2c_uart.o

.debug_macro    0x00000000     0x2c14
 .debug_macro   0x00000000       0xc2 ./USER/gw1ns2c_it.o
 .debug_macro   0x000000c2      0x868 ./USER/gw1ns2c_it.o
 .debug_macro   0x0000092a       0x22 ./USER/gw1ns2c_it.o
 .debug_macro   0x0000094c       0x22 ./USER/gw1ns2c_it.o
 .debug_macro   0x0000096e       0x22 ./USER/gw1ns2c_it.o
 .debug_macro   0x00000990       0x87 ./USER/gw1ns2c_it.o
 .debug_macro   0x00000a17       0x44 ./USER/gw1ns2c_it.o
 .debug_macro   0x00000a5b       0xfd ./USER/gw1ns2c_it.o
 .debug_macro   0x00000b58       0x5e ./USER/gw1ns2c_it.o
 .debug_macro   0x00000bb6      0x1df ./USER/gw1ns2c_it.o
 .debug_macro   0x00000d95      0x7b7 ./USER/gw1ns2c_it.o
 .debug_macro   0x0000154c      0x399 ./USER/gw1ns2c_it.o
 .debug_macro   0x000018e5       0x76 ./USER/gw1ns2c_it.o
 .debug_macro   0x0000195b       0x22 ./USER/gw1ns2c_it.o
 .debug_macro   0x0000197d      0x249 ./USER/main.o
 .debug_macro   0x00001bc6       0x52 ./USER/main.o
 .debug_macro   0x00001c18       0x35 ./USER/main.o
 .debug_macro   0x00001c4d       0x9c ./USER/main.o
 .debug_macro   0x00001ce9      0x174 ./USER/main.o
 .debug_macro   0x00001e5d       0x52 ./USER/main.o
 .debug_macro   0x00001eaf       0x1f ./USER/main.o
 .debug_macro   0x00001ece       0x43 ./USER/main.o
 .debug_macro   0x00001f11       0x20 ./USER/main.o
 .debug_macro   0x00001f31      0x187 ./USER/main.o
 .debug_macro   0x000020b8      0x30d ./USER/main.o
 .debug_macro   0x000023c5       0x10 ./USER/main.o
 .debug_macro   0x000023d5       0x35 ./USER/main.o
 .debug_macro   0x0000240a       0x1c ./USER/main.o
 .debug_macro   0x00002426       0x10 ./USER/main.o
 .debug_macro   0x00002436       0x10 ./USER/main.o
 .debug_macro   0x00002446       0x1c ./USER/main.o
 .debug_macro   0x00002462       0x52 ./USER/main.o
 .debug_macro   0x000024b4       0x40 ./USER/main.o
 .debug_macro   0x000024f4       0x10 ./USER/main.o
 .debug_macro   0x00002504       0x40 ./USER/main.o
 .debug_macro   0x00002544       0xd7 ./USER/main.o
 .debug_macro   0x0000261b       0x16 ./USER/main.o
 .debug_macro   0x00002631      0x189 ./USER/main.o
 .debug_macro   0x000027ba       0x16 ./USER/main.o
 .debug_macro   0x000027d0       0x16 ./USER/main.o
 .debug_macro   0x000027e6       0x29 ./USER/main.o
 .debug_macro   0x0000280f       0x70 ./USER/main.o
 .debug_macro   0x0000287f       0xc4 ./SYSTEM/system_gw1ns2c.o
 .debug_macro   0x00002943       0xc7 ./PERIPHER/Sources/gw1ns2c_gpio.o
 .debug_macro   0x00002a0a       0x6a ./PERIPHER/Sources/gw1ns2c_gpio.o
 .debug_macro   0x00002a74       0xc2 ./PERIPHER/Sources/gw1ns2c_timer.o
 .debug_macro   0x00002b36       0x1c ./PERIPHER/Sources/gw1ns2c_timer.o
 .debug_macro   0x00002b52       0xc2 ./PERIPHER/Sources/gw1ns2c_uart.o

.debug_line     0x00000000     0x24a6
 .debug_line    0x00000000      0x591 ./USER/gw1ns2c_it.o
 .debug_line    0x00000591      0x786 ./USER/main.o
 .debug_line    0x00000d17      0x4c2 ./SYSTEM/system_gw1ns2c.o
 .debug_line    0x000011d9       0x97 ./STARTUP/startup_gw1ns2c.o
 .debug_line    0x00001270      0x662 ./PERIPHER/Sources/gw1ns2c_gpio.o
 .debug_line    0x000018d2      0x58f ./PERIPHER/Sources/gw1ns2c_timer.o
 .debug_line    0x00001e61      0x645 ./PERIPHER/Sources/gw1ns2c_uart.o

.debug_str      0x00000000     0xc0e4
 .debug_str     0x00000000     0x7963 ./USER/gw1ns2c_it.o
                               0x7ac3 (size before relaxing)
 .debug_str     0x00007963     0x40f1 ./USER/main.o
                               0xbb64 (size before relaxing)
 .debug_str     0x0000ba54       0x8d ./SYSTEM/system_gw1ns2c.o
                               0x7a60 (size before relaxing)
 .debug_str     0x0000bae1      0x260 ./PERIPHER/Sources/gw1ns2c_gpio.o
                               0x7f5c (size before relaxing)
 .debug_str     0x0000bd41      0x18b ./PERIPHER/Sources/gw1ns2c_timer.o
                               0x7bca (size before relaxing)
 .debug_str     0x0000becc      0x218 ./PERIPHER/Sources/gw1ns2c_uart.o
                               0x7d27 (size before relaxing)

.debug_frame    0x00000000     0x14c0
 .debug_frame   0x00000000      0x1b0 ./USER/gw1ns2c_it.o
 .debug_frame   0x000001b0      0x15c ./USER/main.o
 .debug_frame   0x0000030c       0x50 ./SYSTEM/system_gw1ns2c.o
 .debug_frame   0x0000035c      0x330 ./PERIPHER/Sources/gw1ns2c_gpio.o
 .debug_frame   0x0000068c      0x218 ./PERIPHER/Sources/gw1ns2c_timer.o
 .debug_frame   0x000008a4      0x354 ./PERIPHER/Sources/gw1ns2c_uart.o
 .debug_frame   0x00000bf8       0x28 c:/gowin/eclipse_tools_181108a/eclipse_tools_181108a/eclipse_tools/tools/gnu tools arm embedded/5.4 2016q2/bin/../lib/gcc/arm-none-eabi/5.4.1/../../../../arm-none-eabi/lib/armv7-m\libg.a(lib_a-exit.o)
 .debug_frame   0x00000c20       0x34 c:/gowin/eclipse_tools_181108a/eclipse_tools_181108a/eclipse_tools/tools/gnu tools arm embedded/5.4 2016q2/bin/../lib/gcc/arm-none-eabi/5.4.1/../../../../arm-none-eabi/lib/armv7-m\libg.a(lib_a-memset.o)
 .debug_frame   0x00000c54       0x84 c:/gowin/eclipse_tools_181108a/eclipse_tools_181108a/eclipse_tools/tools/gnu tools arm embedded/5.4 2016q2/bin/../lib/gcc/arm-none-eabi/5.4.1/../../../../arm-none-eabi/lib/armv7-m\libg.a(lib_a-sprintf.o)
 .debug_frame   0x00000cd8       0x34 c:/gowin/eclipse_tools_181108a/eclipse_tools_181108a/eclipse_tools/tools/gnu tools arm embedded/5.4 2016q2/bin/../lib/gcc/arm-none-eabi/5.4.1/../../../../arm-none-eabi/lib/armv7-m\libg.a(lib_a-strcmp.o)
 .debug_frame   0x00000d0c       0x44 c:/gowin/eclipse_tools_181108a/eclipse_tools_181108a/eclipse_tools/tools/gnu tools arm embedded/5.4 2016q2/bin/../lib/gcc/arm-none-eabi/5.4.1/../../../../arm-none-eabi/lib/armv7-m\libg.a(lib_a-svfprintf.o)
 .debug_frame   0x00000d50       0x50 c:/gowin/eclipse_tools_181108a/eclipse_tools_181108a/eclipse_tools/tools/gnu tools arm embedded/5.4 2016q2/bin/../lib/gcc/arm-none-eabi/5.4.1/../../../../arm-none-eabi/lib/armv7-m\libg.a(lib_a-__call_atexit.o)
 .debug_frame   0x00000da0       0x84 c:/gowin/eclipse_tools_181108a/eclipse_tools_181108a/eclipse_tools/tools/gnu tools arm embedded/5.4 2016q2/bin/../lib/gcc/arm-none-eabi/5.4.1/../../../../arm-none-eabi/lib/armv7-m\libg.a(lib_a-dtoa.o)
 .debug_frame   0x00000e24       0x9c c:/gowin/eclipse_tools_181108a/eclipse_tools_181108a/eclipse_tools/tools/gnu tools arm embedded/5.4 2016q2/bin/../lib/gcc/arm-none-eabi/5.4.1/../../../../arm-none-eabi/lib/armv7-m\libg.a(lib_a-locale.o)
 .debug_frame   0x00000ec0       0x54 c:/gowin/eclipse_tools_181108a/eclipse_tools_181108a/eclipse_tools/tools/gnu tools arm embedded/5.4 2016q2/bin/../lib/gcc/arm-none-eabi/5.4.1/../../../../arm-none-eabi/lib/armv7-m\libg.a(lib_a-mallocr.o)
 .debug_frame   0x00000f14       0x34 c:/gowin/eclipse_tools_181108a/eclipse_tools_181108a/eclipse_tools/tools/gnu tools arm embedded/5.4 2016q2/bin/../lib/gcc/arm-none-eabi/5.4.1/../../../../arm-none-eabi/lib/armv7-m\libg.a(lib_a-memchr-stub.o)
 .debug_frame   0x00000f48       0x30 c:/gowin/eclipse_tools_181108a/eclipse_tools_181108a/eclipse_tools/tools/gnu tools arm embedded/5.4 2016q2/bin/../lib/gcc/arm-none-eabi/5.4.1/../../../../arm-none-eabi/lib/armv7-m\libg.a(lib_a-mlock.o)
 .debug_frame   0x00000f78      0x264 c:/gowin/eclipse_tools_181108a/eclipse_tools_181108a/eclipse_tools/tools/gnu tools arm embedded/5.4 2016q2/bin/../lib/gcc/arm-none-eabi/5.4.1/../../../../arm-none-eabi/lib/armv7-m\libg.a(lib_a-mprec.o)
 .debug_frame   0x000011dc       0x2c c:/gowin/eclipse_tools_181108a/eclipse_tools_181108a/eclipse_tools/tools/gnu tools arm embedded/5.4 2016q2/bin/../lib/gcc/arm-none-eabi/5.4.1/../../../../arm-none-eabi/lib/armv7-m\libg.a(lib_a-sbrkr.o)
 .debug_frame   0x00001208       0x20 c:/gowin/eclipse_tools_181108a/eclipse_tools_181108a/eclipse_tools/tools/gnu tools arm embedded/5.4 2016q2/bin/../lib/gcc/arm-none-eabi/5.4.1/../../../../arm-none-eabi/lib/armv7-m\libg.a(lib_a-strlen-stub.o)
 .debug_frame   0x00001228       0x78 c:/gowin/eclipse_tools_181108a/eclipse_tools_181108a/eclipse_tools/tools/gnu tools arm embedded/5.4 2016q2/bin/../lib/gcc/arm-none-eabi/5.4.1/../../../../arm-none-eabi/lib/armv7-m\libg.a(lib_a-svfiprintf.o)
 .debug_frame   0x000012a0       0x28 c:/gowin/eclipse_tools_181108a/eclipse_tools_181108a/eclipse_tools/tools/gnu tools arm embedded/5.4 2016q2/bin/../lib/gcc/arm-none-eabi/5.4.1/../../../../arm-none-eabi/lib/armv7-m\libg.a(lib_a-callocr.o)
 .debug_frame   0x000012c8       0x74 c:/gowin/eclipse_tools_181108a/eclipse_tools_181108a/eclipse_tools/tools/gnu tools arm embedded/5.4 2016q2/bin/../lib/gcc/arm-none-eabi/5.4.1/../../../../arm-none-eabi/lib/armv7-m\libg.a(lib_a-freer.o)
 .debug_frame   0x0000133c       0x30 c:/gowin/eclipse_tools_181108a/eclipse_tools_181108a/eclipse_tools/tools/gnu tools arm embedded/5.4 2016q2/bin/../lib/gcc/arm-none-eabi/5.4.1/../../../../arm-none-eabi/lib/armv7-m\libg.a(lib_a-memmove.o)
 .debug_frame   0x0000136c       0x58 c:/gowin/eclipse_tools_181108a/eclipse_tools_181108a/eclipse_tools/tools/gnu tools arm embedded/5.4 2016q2/bin/../lib/gcc/arm-none-eabi/5.4.1/../../../../arm-none-eabi/lib/armv7-m\libg.a(lib_a-reallocr.o)
 .debug_frame   0x000013c4       0x58 c:/gowin/eclipse_tools_181108a/eclipse_tools_181108a/eclipse_tools/tools/gnu tools arm embedded/5.4 2016q2/bin/../lib/gcc/arm-none-eabi/5.4.1/../../../../arm-none-eabi/lib/armv7-m\libg.a(lib_a-reent.o)
 .debug_frame   0x0000141c       0x2c c:/gowin/eclipse_tools_181108a/eclipse_tools_181108a/eclipse_tools/tools/gnu tools arm embedded/5.4 2016q2/bin/../lib/gcc/arm-none-eabi/5.4.1/armv7-m\libgcc.a(_aeabi_uldivmod.o)
 .debug_frame   0x00001448       0x38 c:/gowin/eclipse_tools_181108a/eclipse_tools_181108a/eclipse_tools/tools/gnu tools arm embedded/5.4 2016q2/bin/../lib/gcc/arm-none-eabi/5.4.1/armv7-m\libgcc.a(_udivmoddi4.o)
 .debug_frame   0x00001480       0x20 c:/gowin/eclipse_tools_181108a/eclipse_tools_181108a/eclipse_tools/tools/gnu tools arm embedded/5.4 2016q2/bin/../lib/gcc/arm-none-eabi/5.4.1/../../../../arm-none-eabi/lib/armv7-m\libnosys.a(sbrk.o)
 .debug_frame   0x000014a0       0x20 c:/gowin/eclipse_tools_181108a/eclipse_tools_181108a/eclipse_tools/tools/gnu tools arm embedded/5.4 2016q2/bin/../lib/gcc/arm-none-eabi/5.4.1/../../../../arm-none-eabi/lib/armv7-m\libnosys.a(_exit.o)
